<html>
<body>
<pre>
<h1>礦ision Build Log</h1>
<h2>Tool Versions:</h2>
IDE-Version: μVision V5.33.0.0
Copyright (C) 2020 ARM Ltd and ARM Germany GmbH. All rights reserved.
License Information: 1 zdh, 1, LIC=65ISZ-JHH2E-633MB-2AGVB-6WJZ0-2F2NT
 
Tool Versions:
Toolchain:       MDK-ARM Plus  Version: 5.33.0.0
Toolchain Path:  D:\Study\keil\UV4\ARM\ARMCC\Bin
C Compiler:      Armcc.exe V5.06 update 7 (build 960)
Assembler:       Armasm.exe V5.06 update 7 (build 960)
Linker/Locator:  ArmLink.exe V5.06 update 7 (build 960)
Library Manager: ArmAr.exe V5.06 update 7 (build 960)
Hex Converter:   FromElf.exe V5.06 update 7 (build 960)
CPU DLL:         SARMCM3.DLL V5.33.0.0
Dialog DLL:      DCM.DLL V1.17.3.0
Target DLL:      Segger\JL2CM3.dll V2.99.38.0
Dialog DLL:      TCM.DLL V1.48.0.0
 
<h2>Project:</h2>
D:\Study\ARM32单片机实战课程\06自己动手\10 modbus\ARM32.uvprojx
Project File Date:  01/27/2024

<h2>Output:</h2>
*** Using Compiler 'V5.06 update 7 (build 960)', folder: 'D:\Study\keil\UV4\ARM\ARMCC\Bin'
Rebuild target 'ARM32'
compiling hmi_app.c...
compiling queue.c...
compiling sensor_app.c...
compiling main.c...
compiling usb2Com_drv.c...
compiling gd32f30x_it.c...
compiling sensor_drv.c...
compiling led_drv.c...
compiling delay.c...
compiling key_drv.c...
compiling rtc_drv.c...
compiling ntc_drv.c...
compiling systick.c...
compiling rh_drv.c...
compiling gd32f30x_gpio.c...
compiling gd32f30x_misc.c...
compiling gd32f30x_rcu.c...
compiling gd32f30x_usart.c...
assembling startup_gd32f30x_hd.s...
compiling gd32f30x_rtc.c...
compiling modbus_app.c...
compiling portevent.c...
compiling gd32f30x_pmu.c...
compiling gd32f30x_bkp.c...
compiling mb.c...
compiling mbcrc.c...
compiling gd32f30x_adc.c...
compiling gd32f30x_dma.c...
compiling mbfuncholding.c...
compiling mbrtu.c...
Mid_Modbus\rtu\mbrtu.c(152): warning:  #550-D: variable "xFrameReceived"  was set but never used
      BOOL            xFrameReceived = FALSE;
Mid_Modbus\rtu\mbrtu.c: 1 warning, 0 errors
compiling system_gd32f30x.c...
compiling mbutils.c...
compiling gd32f30x_timer.c...
compiling modbus_slave.c...
compiling retarget_io.c...
compiling porttimer.c...
compiling portserial.c...
Drv_Modbus\portserial.c(42): warning:  #177-D: variable "pProcUartDataFunc"  was declared but never referenced
  static void (*pProcUartDataFunc)(uint8_t data);   //函数指针变量，保存应用层回调函数地址
Drv_Modbus\portserial.c: 1 warning, 0 errors
linking...
Program Size: Code=13868 RO-data=1632 RW-data=476 ZI-data=1300  
FromELF: creating hex file...
".\Objects\ARM32.axf" - 0 Error(s), 2 Warning(s).

<h2>Software Packages used:</h2>

Package Vendor: GigaDevice
                https://gd32mcu.com/data/documents/pack/GigaDevice.GD32F30x_DFP.2.2.3.pack
                GigaDevice.GD32F30x_DFP.2.2.3
                GigaDevice GD32F30x Series Device Support and Examples

Package Vendor: Keil
                http://www.keil.com/pack/Keil.ARM_Compiler.1.6.3.pack
                Keil.ARM_Compiler.1.6.3
                Keil ARM Compiler extensions for ARM Compiler 5 and ARM Compiler 6
   * Component: STDERR Variant: Breakpoint Version: 1.2.0

<h2>Collection of Component include folders:</h2>
  .\RTE\_ARM32
  D:\Study\keil\UV4\GigaDevice\GD32F30x_DFP\2.2.3\Device\Include

<h2>Collection of Component Files used:</h2>

   * Component: Keil.ARM Compiler::Compiler:I/O:STDERR:Breakpoint:1.2.0
      Source file:   Source\retarget_io.c
Build Time Elapsed:  00:00:01
</pre>
</body>
</html>
