Component: ARM Compiler 5.06 update 6 (build 750) Tool: armlink [4d35ed]

==============================================================================

Section Cross References

    hmi_app.o(i.HmiTask) refers to key_drv.o(i.GetKeyVal) for GetKeyVal
    hmi_app.o(i.HmiTask) refers to led_drv.o(i.TurnOnLed) for TurnOnLed
    hmi_app.o(i.HmiTask) refers to store_app.o(i.SetModbusParam) for SetModbusParam
    hmi_app.o(i.HmiTask) refers to printf8.o(i.__0printf$8) for __2printf
    hmi_app.o(i.HmiTask) refers to led_drv.o(i.TurnOffLed) for TurnOffLed
    main.o(i.AppInit) refers to systick.o(i.TaskScheduleCbReg) for TaskScheduleCbReg
    main.o(i.AppInit) refers to modbus_app.o(i.ModbusAppInit) for ModbusAppInit
    main.o(i.AppInit) refers to store_app.o(i.InitSysParam) for InitSysParam
    main.o(i.AppInit) refers to main.o(i.TaskScheduleCb) for TaskScheduleCb
    main.o(i.DrvInit) refers to delay.o(i.DelayInit) for DelayInit
    main.o(i.DrvInit) refers to led_drv.o(i.LedDrvInit) for LedDrvInit
    main.o(i.DrvInit) refers to key_drv.o(i.KeyDrvInit) for KeyDrvInit
    main.o(i.DrvInit) refers to usb2com_drv.o(i.Usb2ComDrvInit) for Usb2ComDrvInit
    main.o(i.DrvInit) refers to rtc_drv.o(i.RtcDrvInit) for RtcDrvInit
    main.o(i.DrvInit) refers to sensor_drv.o(i.SensorDrvInit) for SensorDrvInit
    main.o(i.DrvInit) refers to eeprom_drv.o(i.EepromDrvInit) for EepromDrvInit
    main.o(i.DrvInit) refers to norflash_drv.o(i.NorflashDrvInit) for NorflashDrvInit
    main.o(i.DrvInit) refers to systick.o(i.SystickInit) for SystickInit
    main.o(i.TaskHandler) refers to main.o(.data) for g_taskComps
    main.o(i.TaskScheduleCb) refers to main.o(.data) for g_taskComps
    main.o(i.main) refers to main.o(i.DrvInit) for DrvInit
    main.o(i.main) refers to main.o(i.AppInit) for AppInit
    main.o(i.main) refers to main.o(i.TaskHandler) for TaskHandler
    main.o(.data) refers to hmi_app.o(i.HmiTask) for HmiTask
    main.o(.data) refers to sensor_app.o(i.SensorTask) for SensorTask
    main.o(.data) refers to modbus_app.o(i.ModbusTask) for ModbusTask
    sensor_app.o(i.SensorTask) refers to sensor_drv.o(i.SensorDrvProc) for SensorDrvProc
    store_app.o(i.InitSysParam) refers to store_app.o(i.ReadSysParam) for ReadSysParam
    store_app.o(i.InitSysParam) refers to mb.o(i.eMBSetSlaveAddr) for eMBSetSlaveAddr
    store_app.o(i.InitSysParam) refers to store_app.o(.data) for g_sysParamCurrent
    store_app.o(i.InitSysParam) refers to store_app.o(.constdata) for g_sysParamDefault
    store_app.o(i.ReadDataWithCheck) refers to norflash_drv.o(i.ReadNorflashData) for ReadNorflashData
    store_app.o(i.ReadDataWithCheck) refers to store_app.o(i.CalcCrc8) for CalcCrc8
    store_app.o(i.ReadSysParam) refers to store_app.o(i.ReadDataWithCheck) for ReadDataWithCheck
    store_app.o(i.SetModbusParam) refers to mb.o(i.eMBSetSlaveAddr) for eMBSetSlaveAddr
    store_app.o(i.SetModbusParam) refers to store_app.o(i.WriteSysParam) for WriteSysParam
    store_app.o(i.SetModbusParam) refers to store_app.o(.data) for g_sysParamCurrent
    store_app.o(i.WriteDataWithCheck) refers to store_app.o(i.CalcCrc8) for CalcCrc8
    store_app.o(i.WriteDataWithCheck) refers to norflash_drv.o(i.EraseNorflashForWrite) for EraseNorflashForWrite
    store_app.o(i.WriteDataWithCheck) refers to norflash_drv.o(i.WriteNorflashData) for WriteNorflashData
    store_app.o(i.WriteSysParam) refers to store_app.o(i.WriteDataWithCheck) for WriteDataWithCheck
    modbus_app.o(i.ModbusAppInit) refers to modbus_slave.o(i.ModbusSlaveInit) for ModbusSlaveInit
    modbus_app.o(i.ModbusAppInit) refers to modbus_app.o(.constdata) for .constdata
    modbus_app.o(i.ModbusGetHumi) refers to sensor_drv.o(i.GetSensorData) for GetSensorData
    modbus_app.o(i.ModbusGetTemp) refers to sensor_drv.o(i.GetSensorData) for GetSensorData
    modbus_app.o(i.ModbusSetLed1) refers to led_drv.o(i.TurnOffLed) for TurnOffLed
    modbus_app.o(i.ModbusSetLed1) refers to led_drv.o(i.TurnOnLed) for TurnOnLed
    modbus_app.o(i.ModbusSetLed2) refers to led_drv.o(i.TurnOffLed) for TurnOffLed
    modbus_app.o(i.ModbusSetLed2) refers to led_drv.o(i.TurnOnLed) for TurnOnLed
    modbus_app.o(i.ModbusTask) refers to mb.o(i.eMBPoll) for eMBPoll
    modbus_app.o(i.ReadRegsCb) refers to modbus_app.o(.data) for g_regInstanceTab
    modbus_app.o(i.WriteRegsCb) refers to modbus_app.o(.data) for g_regInstanceTab
    modbus_app.o(.constdata) refers to modbus_app.o(i.ReadRegsCb) for ReadRegsCb
    modbus_app.o(.constdata) refers to modbus_app.o(i.WriteRegsCb) for WriteRegsCb
    modbus_app.o(.data) refers to modbus_app.o(i.ModbusGetTemp) for ModbusGetTemp
    modbus_app.o(.data) refers to modbus_app.o(i.ModbusGetHumi) for ModbusGetHumi
    modbus_app.o(.data) refers to modbus_app.o(i.ModbusSetLed1) for ModbusSetLed1
    modbus_app.o(.data) refers to modbus_app.o(i.ModbusSetLed2) for ModbusSetLed2
    mb.o(i.eMBClose) refers to mb.o(.data) for eMBState
    mb.o(i.eMBDisable) refers to mb.o(.data) for eMBState
[...]
    i.ModbusAppInit                          0x08000c98   Section        0  modbus_app.o(i.ModbusAppInit)
    i.ModbusGetHumi                          0x08000cb0   Section        0  modbus_app.o(i.ModbusGetHumi)
    ModbusGetHumi                            0x08000cb1   Thumb Code    24  modbus_app.o(i.ModbusGetHumi)
    i.ModbusGetTemp                          0x08000cc8   Section        0  modbus_app.o(i.ModbusGetTemp)
    ModbusGetTemp                            0x08000cc9   Thumb Code    34  modbus_app.o(i.ModbusGetTemp)
    i.ModbusSetLed1                          0x08000cea   Section        0  modbus_app.o(i.ModbusSetLed1)
    ModbusSetLed1                            0x08000ceb   Thumb Code    22  modbus_app.o(i.ModbusSetLed1)
    i.ModbusSetLed2                          0x08000d00   Section        0  modbus_app.o(i.ModbusSetLed2)
    ModbusSetLed2                            0x08000d01   Thumb Code    22  modbus_app.o(i.ModbusSetLed2)
    i.ModbusSlaveInit                        0x08000d18   Section        0  modbus_slave.o(i.ModbusSlaveInit)
    i.ModbusTask                             0x08000d3c   Section        0  modbus_app.o(i.ModbusTask)
    i.NMI_Handler                            0x08000d44   Section        0  gd32f30x_it.o(i.NMI_Handler)
    i.NorflashDrvInit                        0x08000d46   Section        0  norflash_drv.o(i.NorflashDrvInit)
    i.PendSV_Handler                         0x08000d4e   Section        0  gd32f30x_it.o(i.PendSV_Handler)
    i.ProgramNorflashPage                    0x08000d50   Section        0  norflash_drv.o(i.ProgramNorflashPage)
    ProgramNorflashPage                      0x08000d51   Thumb Code    72  norflash_drv.o(i.ProgramNorflashPage)
    i.PushDataToBuf                          0x08000d98   Section        0  ntc_drv.o(i.PushDataToBuf)
    i.ReadDataWithCheck                      0x08000dc8   Section        0  store_app.o(i.ReadDataWithCheck)
    ReadDataWithCheck                        0x08000dc9   Thumb Code    48  store_app.o(i.ReadDataWithCheck)
    i.ReadNorflashData                       0x08000df8   Section        0  norflash_drv.o(i.ReadNorflashData)
    i.ReadRegsCb                             0x08000e3c   Section        0  modbus_app.o(i.ReadRegsCb)
    ReadRegsCb                               0x08000e3d   Thumb Code   126  modbus_app.o(i.ReadRegsCb)
    i.ReadSysParam                           0x08000ec0   Section        0  store_app.o(i.ReadSysParam)
    ReadSysParam                             0x08000ec1   Thumb Code    44  store_app.o(i.ReadSysParam)
    i.RtcDrvInit                             0x08000eec   Section        0  rtc_drv.o(i.RtcDrvInit)
    i.SPIInit                                0x08000f80   Section        0  norflash_drv.o(i.SPIInit)
    SPIInit                                  0x08000f81   Thumb Code    16  norflash_drv.o(i.SPIInit)
    i.SPIReadWriteByte                       0x08000f94   Section        0  norflash_drv.o(i.SPIReadWriteByte)
    SPIReadWriteByte                         0x08000f95   Thumb Code    60  norflash_drv.o(i.SPIReadWriteByte)
    i.SPIStart                               0x08000fd8   Section        0  norflash_drv.o(i.SPIStart)
    SPIStart                                 0x08000fd9   Thumb Code    12  norflash_drv.o(i.SPIStart)
    i.SPIStop                                0x08000fe8   Section        0  norflash_drv.o(i.SPIStop)
    SPIStop                                  0x08000fe9   Thumb Code    12  norflash_drv.o(i.SPIStop)
    i.SVC_Handler                            0x08000ff8   Section        0  gd32f30x_it.o(i.SVC_Handler)
    i.SensorDrvInit                          0x08000ffa   Section        0  sensor_drv.o(i.SensorDrvInit)
    i.SensorDrvProc                          0x08001006   Section        0  sensor_drv.o(i.SensorDrvProc)
    i.SensorTask                             0x08001022   Section        0  sensor_app.o(i.SensorTask)
    i.SetModbusParam                         0x0800102c   Section        0  store_app.o(i.SetModbusParam)
    i.SwitchInit                             0x08001074   Section        0  portserial.o(i.SwitchInit)
    SwitchInit                               0x08001075   Thumb Code    24  portserial.o(i.SwitchInit)
    i.SysTick_Handler                        0x08001090   Section        0  systick.o(i.SysTick_Handler)
    i.SystemInit                             0x080010c0   Section        0  system_gd32f30x.o(i.SystemInit)
    i.SystickInit                            0x08001168   Section        0  systick.o(i.SystickInit)
    i.TIMER3_IRQHandler                      0x080011cc   Section        0  porttimer.o(i.TIMER3_IRQHandler)
    i.TIMER4_IRQHandler                      0x080011f4   Section        0  rh_drv.o(i.TIMER4_IRQHandler)
    i.TaskHandler                            0x08001250   Section        0  main.o(i.TaskHandler)
    TaskHandler                              0x08001251   Thumb Code    52  main.o(i.TaskHandler)
    i.TaskScheduleCb                         0x08001288   Section        0  main.o(i.TaskScheduleCb)
    TaskScheduleCb                           0x08001289   Thumb Code    98  main.o(i.TaskScheduleCb)
    i.TaskScheduleCbReg                      0x080012f0   Section        0  systick.o(i.TaskScheduleCbReg)
    i.TempDrvInit                            0x080012fc   Section        0  ntc_drv.o(i.TempDrvInit)
    i.TempSensorProc                         0x08001308   Section        0  ntc_drv.o(i.TempSensorProc)
    i.TimerInit                              0x0800138c   Section        0  rh_drv.o(i.TimerInit)
    TimerInit                                0x0800138d   Thumb Code    68  rh_drv.o(i.TimerInit)
    i.TurnOffLed                             0x080013d4   Section        0  led_drv.o(i.TurnOffLed)
    i.TurnOnLed                              0x08001400   Section        0  led_drv.o(i.TurnOnLed)
    i.USART0_IRQHandler                      0x0800142c   Section        0  usb2com_drv.o(i.USART0_IRQHandler)
    i.USART1_IRQHandler                      0x08001468   Section        0  portserial.o(i.USART1_IRQHandler)
    i.UartInit                               0x080014b0   Section        0  portserial.o(i.UartInit)
    UartInit                                 0x080014b1   Thumb Code    72  portserial.o(i.UartInit)
    i.UsageFault_Handler                     0x080014fc   Section        0  gd32f30x_it.o(i.UsageFault_Handler)
    i.Usb2ComDrvInit                         0x08001500   Section        0  usb2com_drv.o(i.Usb2ComDrvInit)
    i.Usb2ComGpioInit                        0x08001510   Section        0  usb2com_drv.o(i.Usb2ComGpioInit)
    Usb2ComGpioInit                          0x08001511   Thumb Code    40  usb2com_drv.o(i.Usb2ComGpioInit)
    i.Usb2ComUartInit                        0x0800153c   Section        0  usb2com_drv.o(i.Usb2ComUartInit)
    Usb2ComUartInit                          0x0800153d   Thumb Code    84  usb2com_drv.o(i.Usb2ComUartInit)
    i.WaitNorflashWriteEnd                   0x08001594   Section        0  norflash_drv.o(i.WaitNorflashWriteEnd)
    WaitNorflashWriteEnd                     0x08001595   Thumb Code    44  norflash_drv.o(i.WaitNorflashWriteEnd)
    i.WriteDataWithCheck                     0x080015c4   Section        0  store_app.o(i.WriteDataWithCheck)
    WriteDataWithCheck                       0x080015c5   Thumb Code    42  store_app.o(i.WriteDataWithCheck)
    i.WriteNorflashData                      0x080015ee   Section        0  norflash_drv.o(i.WriteNorflashData)
    i.WriteRegsCb                            0x08001668   Section        0  modbus_app.o(i.WriteRegsCb)
    WriteRegsCb                              0x08001669   Thumb Code   136  modbus_app.o(i.WriteRegsCb)
    i.WriteSysParam                          0x080016f4   Section        0  store_app.o(i.WriteSysParam)
    WriteSysParam                            0x080016f5   Thumb Code    48  store_app.o(i.WriteSysParam)
    i.__0printf$8                            0x08001724   Section        0  printf8.o(i.__0printf$8)
    i.__aeabi_assert                         0x08001744   Section        0  retarget_io.o(i.__aeabi_assert)
    i.__scatterload_copy                     0x080017e0   Section       14  handlers.o(i.__scatterload_copy)
    i.__scatterload_null                     0x080017ee   Section        2  handlers.o(i.__scatterload_null)
    i.__scatterload_zeroinit                 0x080017f0   Section       14  handlers.o(i.__scatterload_zeroinit)
    i._printf_core                           0x08001800   Section        0  printf8.o(i._printf_core)
    _printf_core                             0x08001801   Thumb Code   996  printf8.o(i._printf_core)
    i._printf_post_padding                   0x08001c10   Section        0  printf8.o(i._printf_post_padding)
    _printf_post_padding                     0x08001c11   Thumb Code    36  printf8.o(i._printf_post_padding)
    i._printf_pre_padding                    0x08001c34   Section        0  printf8.o(i._printf_pre_padding)
    _printf_pre_padding                      0x08001c35   Thumb Code    46  printf8.o(i._printf_pre_padding)
    i.abort                                  0x08001c62   Section        0  retarget_io.o(i.abort)
    i.adc_calibration_enable                 0x08001c66   Section        0  gd32f30x_adc.o(i.adc_calibration_enable)
    i.adc_channel_length_config              0x08001c90   Section        0  gd32f30x_adc.o(i.adc_channel_length_config)
    i.adc_data_alignment_config              0x08001cd6   Section        0  gd32f30x_adc.o(i.adc_data_alignment_config)
    i.adc_enable                             0x08001cec   Section        0  gd32f30x_adc.o(i.adc_enable)
    i.adc_external_trigger_config            0x08001cfe   Section        0  gd32f30x_adc.o(i.adc_external_trigger_config)
    i.adc_external_trigger_source_config     0x08001d3c   Section        0  gd32f30x_adc.o(i.adc_external_trigger_source_config)
    i.adc_flag_get                           0x08001d6c   Section        0  gd32f30x_adc.o(i.adc_flag_get)
    i.adc_mode_config                        0x08001d7c   Section        0  gd32f30x_adc.o(i.adc_mode_config)
    i.adc_oversample_mode_config             0x08001d98   Section        0  gd32f30x_adc.o(i.adc_oversample_mode_config)
    i.adc_oversample_mode_enable             0x08001dd2   Section        0  gd32f30x_adc.o(i.adc_oversample_mode_enable)
    i.adc_regular_channel_config             0x08001de0   Section        0  gd32f30x_adc.o(i.adc_regular_channel_config)
    i.adc_regular_data_read                  0x08001e8c   Section        0  gd32f30x_adc.o(i.adc_regular_data_read)
    i.adc_software_trigger_enable            0x08001e94   Section        0  gd32f30x_adc.o(i.adc_software_trigger_enable)
    i.adc_special_function_config            0x08001eb2   Section        0  gd32f30x_adc.o(i.adc_special_function_config)
    i.bkp_deinit                             0x08001f0c   Section        0  gd32f30x_bkp.o(i.bkp_deinit)
    i.bkp_read_data                          0x08001f18   Section        0  gd32f30x_bkp.o(i.bkp_read_data)
    i.bkp_write_data                         0x08001f50   Section        0  gd32f30x_bkp.o(i.bkp_write_data)
    i.eMBEnable                              0x08001f84   Section        0  mb.o(i.eMBEnable)
    i.eMBFuncReadHoldingRegister             0x08001fac   Section        0  mbfuncholding.o(i.eMBFuncReadHoldingRegister)
    i.eMBFuncWriteHoldingRegister            0x08002032   Section        0  mbfuncholding.o(i.eMBFuncWriteHoldingRegister)
    i.eMBFuncWriteMultipleHoldingRegister    0x08002070   Section        0  mbfuncholding.o(i.eMBFuncWriteMultipleHoldingRegister)
    i.eMBInit                                0x080020dc   Section        0  mb.o(i.eMBInit)
    i.eMBPoll                                0x080021bc   Section        0  mb.o(i.eMBPoll)
    i.eMBRTUInit                             0x080022f4   Section        0  mbrtu.o(i.eMBRTUInit)
    i.eMBRTUReceive                          0x08002344   Section        0  mbrtu.o(i.eMBRTUReceive)
    i.eMBRTUSend                             0x080023e0   Section        0  mbrtu.o(i.eMBRTUSend)
    i.eMBRTUStart                            0x08002488   Section        0  mbrtu.o(i.eMBRTUStart)
    i.eMBRTUStop                             0x080024a4   Section        0  mbrtu.o(i.eMBRTUStop)
    i.eMBRegHoldingCB                        0x080024b4   Section        0  modbus_slave.o(i.eMBRegHoldingCB)
    i.eMBSetSlaveAddr                        0x080024f0   Section        0  mb.o(i.eMBSetSlaveAddr)
    i.fputc                                  0x0800250c   Section        0  usb2com_drv.o(i.fputc)
    i.fputs                                  0x08002534   Section        0  fputs.o(i.fputs)
    i.gpio_bit_reset                         0x0800254c   Section        0  gd32f30x_gpio.o(i.gpio_bit_reset)
    i.gpio_bit_set                           0x08002550   Section        0  gd32f30x_gpio.o(i.gpio_bit_set)
    i.gpio_bit_write                         0x08002554   Section        0  gd32f30x_gpio.o(i.gpio_bit_write)
    i.gpio_init                              0x0800255e   Section        0  gd32f30x_gpio.o(i.gpio_init)
    i.gpio_input_bit_get                     0x0800261a   Section        0  gd32f30x_gpio.o(i.gpio_input_bit_get)
    i.gpio_output_bit_get                    0x0800262a   Section        0  gd32f30x_gpio.o(i.gpio_output_bit_get)
    i.main                                   0x0800263a   Section        0  main.o(i.main)
    i.nvic_irq_enable                        0x0800264c   Section        0  gd32f30x_misc.o(i.nvic_irq_enable)
    i.nvic_priority_group_set                0x08002710   Section        0  gd32f30x_misc.o(i.nvic_priority_group_set)
    i.pmu_backup_write_enable                0x08002724   Section        0  gd32f30x_pmu.o(i.pmu_backup_write_enable)
    i.prveMBError2Exception                  0x08002738   Section        0  mbutils.o(i.prveMBError2Exception)
    i.prvvTIMERExpiredISR                    0x0800275c   Section        0  porttimer.o(i.prvvTIMERExpiredISR)
    prvvTIMERExpiredISR                      0x0800275d   Thumb Code    10  porttimer.o(i.prvvTIMERExpiredISR)
    i.prvvUARTRxISR                          0x0800276c   Section        0  portserial.o(i.prvvUARTRxISR)
    prvvUARTRxISR                            0x0800276d   Thumb Code    10  portserial.o(i.prvvUARTRxISR)
    i.prvvUARTTxReadyISR                     0x0800277c   Section        0  portserial.o(i.prvvUARTTxReadyISR)
    prvvUARTTxReadyISR                       0x0800277d   Thumb Code    10  portserial.o(i.prvvUARTTxReadyISR)
    i.rcu_adc_clock_config                   0x0800278c   Section        0  gd32f30x_rcu.o(i.rcu_adc_clock_config)
    i.rcu_bkp_reset_disable                  0x080027f8   Section        0  gd32f30x_rcu.o(i.rcu_bkp_reset_disable)
    i.rcu_bkp_reset_enable                   0x0800280c   Section        0  gd32f30x_rcu.o(i.rcu_bkp_reset_enable)
    i.rcu_clock_freq_get                     0x08002820   Section        0  gd32f30x_rcu.o(i.rcu_clock_freq_get)
    i.rcu_flag_get                           0x08002978   Section        0  gd32f30x_rcu.o(i.rcu_flag_get)
    i.rcu_osci_on                            0x0800299c   Section        0  gd32f30x_rcu.o(i.rcu_osci_on)
    i.rcu_osci_stab_wait                     0x080029bc   Section        0  gd32f30x_rcu.o(i.rcu_osci_stab_wait)
    i.rcu_periph_clock_enable                0x08002acc   Section        0  gd32f30x_rcu.o(i.rcu_periph_clock_enable)
    i.rcu_periph_reset_disable               0x08002aec   Section        0  gd32f30x_rcu.o(i.rcu_periph_reset_disable)
    i.rcu_periph_reset_enable                0x08002b0c   Section        0  gd32f30x_rcu.o(i.rcu_periph_reset_enable)
    i.rcu_rtc_clock_config                   0x08002b2c   Section        0  gd32f30x_rcu.o(i.rcu_rtc_clock_config)
    i.rtc_configuration_mode_enter           0x08002b44   Section        0  gd32f30x_rtc.o(i.rtc_configuration_mode_enter)
    i.rtc_configuration_mode_exit            0x08002b58   Section        0  gd32f30x_rtc.o(i.rtc_configuration_mode_exit)
    i.rtc_counter_set                        0x08002b6c   Section        0  gd32f30x_rtc.o(i.rtc_counter_set)
    i.rtc_lwoff_wait                         0x08002b8c   Section        0  gd32f30x_rtc.o(i.rtc_lwoff_wait)
    i.rtc_prescaler_set                      0x08002ba0   Section        0  gd32f30x_rtc.o(i.rtc_prescaler_set)
    i.rtc_register_sync_wait                 0x08002bc0   Section        0  gd32f30x_rtc.o(i.rtc_register_sync_wait)
    i.spi_enable                             0x08002be0   Section        0  gd32f30x_spi.o(i.spi_enable)
    i.spi_i2s_data_receive                   0x08002bea   Section        0  gd32f30x_spi.o(i.spi_i2s_data_receive)
    i.spi_i2s_data_transmit                  0x08002bf2   Section        0  gd32f30x_spi.o(i.spi_i2s_data_transmit)
    i.spi_i2s_flag_get                       0x08002bf6   Section        0  gd32f30x_spi.o(i.spi_i2s_flag_get)
    i.spi_init                               0x08002c06   Section        0  gd32f30x_spi.o(i.spi_init)
    i.spi_struct_para_init                   0x08002c38   Section        0  gd32f30x_spi.o(i.spi_struct_para_init)
    i.system_clock_120m_hxtal                0x08002c4c   Section        0  system_gd32f30x.o(i.system_clock_120m_hxtal)
    system_clock_120m_hxtal                  0x08002c4d   Thumb Code   258  system_gd32f30x.o(i.system_clock_120m_hxtal)
    i.system_clock_config                    0x08002d60   Section        0  system_gd32f30x.o(i.system_clock_config)
    system_clock_config                      0x08002d61   Thumb Code     8  system_gd32f30x.o(i.system_clock_config)
    i.timer_counter_value_config             0x08002d68   Section        0  gd32f30x_timer.o(i.timer_counter_value_config)
    i.timer_deinit                           0x08002d6c   Section        0  gd32f30x_timer.o(i.timer_deinit)
    i.timer_disable                          0x08002e48   Section        0  gd32f30x_timer.o(i.timer_disable)
    i.timer_enable                           0x08002e52   Section        0  gd32f30x_timer.o(i.timer_enable)
    i.timer_init                             0x08002e5c   Section        0  gd32f30x_timer.o(i.timer_init)
    i.timer_interrupt_disable                0x08002ef4   Section        0  gd32f30x_timer.o(i.timer_interrupt_disable)
    i.timer_interrupt_enable                 0x08002efc   Section        0  gd32f30x_timer.o(i.timer_interrupt_enable)
    i.timer_interrupt_flag_clear             0x08002f04   Section        0  gd32f30x_timer.o(i.timer_interrupt_flag_clear)
    i.timer_interrupt_flag_get               0x08002f0a   Section        0  gd32f30x_timer.o(i.timer_interrupt_flag_get)
    i.timer_struct_para_init                 0x08002f22   Section        0  gd32f30x_timer.o(i.timer_struct_para_init)
    i.usMBCRC16                              0x08002f38   Section        0  mbcrc.o(i.usMBCRC16)
    i.usart_baudrate_set                     0x08002f70   Section        0  gd32f30x_usart.o(i.usart_baudrate_set)
    i.usart_data_receive                     0x08003000   Section        0  gd32f30x_usart.o(i.usart_data_receive)
    i.usart_data_transmit                    0x0800300a   Section        0  gd32f30x_usart.o(i.usart_data_transmit)
    i.usart_deinit                           0x08003014   Section        0  gd32f30x_usart.o(i.usart_deinit)
    i.usart_enable                           0x080030a4   Section        0  gd32f30x_usart.o(i.usart_enable)
    i.usart_flag_get                         0x080030ae   Section        0  gd32f30x_usart.o(i.usart_flag_get)
    i.usart_interrupt_disable                0x080030cc   Section        0  gd32f30x_usart.o(i.usart_interrupt_disable)
    i.usart_interrupt_enable                 0x080030e6   Section        0  gd32f30x_usart.o(i.usart_interrupt_enable)
    i.usart_interrupt_flag_clear             0x08003100   Section        0  gd32f30x_usart.o(i.usart_interrupt_flag_clear)
    i.usart_interrupt_flag_get               0x08003112   Section        0  gd32f30x_usart.o(i.usart_interrupt_flag_get)
    i.usart_receive_config                   0x0800314a   Section        0  gd32f30x_usart.o(i.usart_receive_config)
    i.usart_transmit_config                  0x0800315e   Section        0  gd32f30x_usart.o(i.usart_transmit_config)
    i.vMBPortSerialEnable                    0x08003174   Section        0  portserial.o(i.vMBPortSerialEnable)
    i.vMBPortTimersDisable                   0x080031e0   Section        0  porttimer.o(i.vMBPortTimersDisable)
    i.vMBPortTimersEnable                    0x08003208   Section        0  porttimer.o(i.vMBPortTimersEnable)
    i.xMBPortEventGet                        0x08003230   Section        0  portevent.o(i.xMBPortEventGet)
    i.xMBPortEventInit                       0x08003254   Section        0  portevent.o(i.xMBPortEventInit)
    i.xMBPortEventPost                       0x08003264   Section        0  portevent.o(i.xMBPortEventPost)
    i.xMBPortSerialGetByte                   0x0800327c   Section        0  portserial.o(i.xMBPortSerialGetByte)
    i.xMBPortSerialInit                      0x08003294   Section        0  portserial.o(i.xMBPortSerialInit)
    i.xMBPortSerialPutByte                   0x080032b4   Section        0  portserial.o(i.xMBPortSerialPutByte)
    i.xMBPortTimersInit                      0x080032cc   Section        0  porttimer.o(i.xMBPortTimersInit)
    i.xMBRTUReceiveFSM                       0x08003314   Section        0  mbrtu.o(i.xMBRTUReceiveFSM)
    i.xMBRTUTimerT35Expired                  0x080033e4   Section        0  mbrtu.o(i.xMBRTUTimerT35Expired)
    i.xMBRTUTransmitFSM                      0x08003464   Section        0  mbrtu.o(i.xMBRTUTransmitFSM)
    .constdata                               0x0800351c   Section        4  store_app.o(.constdata)
    g_sysParamDefault                        0x0800351c   Data           4  store_app.o(.constdata)
    .constdata                               0x08003520   Section       16  modbus_app.o(.constdata)
    .constdata                               0x08003530   Section      512  mbcrc.o(.constdata)
    aucCRCHi                                 0x08003530   Data         256  mbcrc.o(.constdata)
    aucCRCLo                                 0x08003630   Data         256  mbcrc.o(.constdata)
    .constdata                               0x08003730   Section      200  ntc_drv.o(.constdata)
    g_ntcAdcTable                            0x08003730   Data         200  ntc_drv.o(.constdata)
    .constdata                               0x080037f8   Section      468  rh_drv.o(.constdata)
    g_rhADCVal                               0x080037f8   Data         468  rh_drv.o(.constdata)
    .conststring                             0x080039cc   Section       99  mbrtu.o(.conststring)
    .data                                    0x20000000   Section       36  main.o(.data)
    g_taskComps                              0x20000000   Data          36  main.o(.data)
    .data                                    0x20000024   Section        4  store_app.o(.data)
    g_sysParamCurrent                        0x20000024   Data           4  store_app.o(.data)
    .data                                    0x20000028   Section       64  modbus_app.o(.data)
    g_regInstanceTab                         0x20000028   Data          64  modbus_app.o(.data)
    .data                                    0x20000068   Section      181  mb.o(.data)
    ucMBAddress                              0x20000068   Data           1  mb.o(.data)
    eMBCurrentMode                           0x20000069   Data           1  mb.o(.data)
    eMBState                                 0x2000006a   Data           1  mb.o(.data)
    peMBFrameSendCur                         0x2000006c   Data           4  mb.o(.data)
    pvMBFrameStartCur                        0x20000070   Data           4  mb.o(.data)
    pvMBFrameStopCur                         0x20000074   Data           4  mb.o(.data)
    peMBFrameReceiveCur                      0x20000078   Data           4  mb.o(.data)
    pvMBFrameCloseCur                        0x2000007c   Data           4  mb.o(.data)
    xFuncHandlers                            0x20000094   Data         128  mb.o(.data)
    ucMBFrame                                0x20000114   Data           4  mb.o(.data)
    ucRcvAddress                             0x20000118   Data           1  mb.o(.data)
    ucFunctionCode                           0x20000119   Data           1  mb.o(.data)
    usLength                                 0x2000011a   Data           2  mb.o(.data)
    eException                               0x2000011c   Data           1  mb.o(.data)
    .data                                    0x20000120   Section       12  mbrtu.o(.data)
    eSndState                                0x20000120   Data           1  mbrtu.o(.data)
    eRcvState                                0x20000121   Data           1  mbrtu.o(.data)
    pucSndBufferCur                          0x20000124   Data           4  mbrtu.o(.data)
    usSndBufferCount                         0x20000128   Data           2  mbrtu.o(.data)
    usRcvBufferPos                           0x2000012a   Data           2  mbrtu.o(.data)
    .data                                    0x2000012c   Section        8  modbus_slave.o(.data)
    g_modbusFuncCb                           0x2000012c   Data           8  modbus_slave.o(.data)
    .data                                    0x20000134   Section       36  key_drv.o(.data)
    g_gpioList                               0x20000134   Data          36  key_drv.o(.data)
    .data                                    0x20000158   Section       36  led_drv.o(.data)
    g_gpioList                               0x20000158   Data          36  led_drv.o(.data)
    .data                                    0x2000017c   Section        8  ntc_drv.o(.data)
    g_tempData                               0x2000017c   Data           4  ntc_drv.o(.data)
    s_index                                  0x20000180   Data           2  ntc_drv.o(.data)
    s_convertNum                             0x20000182   Data           2  ntc_drv.o(.data)
    .data                                    0x20000184   Section        6  rh_drv.o(.data)
    g_adcVal                                 0x20000184   Data           2  rh_drv.o(.data)
    g_humiData                               0x20000186   Data           1  rh_drv.o(.data)
    g_timCount                               0x20000188   Data           2  rh_drv.o(.data)
    .data                                    0x20000190   Section       12  systick.o(.data)
    g_sysRunTime                             0x20000190   Data           8  systick.o(.data)
    g_pTaskScheduleFunc                      0x20000198   Data           4  systick.o(.data)
    .data                                    0x2000019c   Section       28  usb2com_drv.o(.data)
    g_uartHwInfo                             0x2000019c   Data          24  usb2com_drv.o(.data)
    pProcUartDataFunc                        0x200001b4   Data           4  usb2com_drv.o(.data)
    .data                                    0x200001b8   Section        2  portevent.o(.data)
    eQueuedEvent                             0x200001b8   Data           1  portevent.o(.data)
    xEventInQueue                            0x200001b9   Data           1  portevent.o(.data)
    .data                                    0x200001bc   Section       24  portserial.o(.data)
    g_uartHwInfo                             0x200001bc   Data          24  portserial.o(.data)
    .data                                    0x200001d4   Section        4  stderr.o(.data)
    .data                                    0x200001d8   Section        4  stdout.o(.data)
    .bss                                     0x200001dc   Section      256  mbrtu.o(.bss)
    .bss                                     0x200002e0   Section       48  key_drv.o(.bss)
    g_keyInfo                                0x200002e0   Data          48  key_drv.o(.bss)
    .bss                                     0x20000310   Section       20  ntc_drv.o(.bss)
    g_temp10MplBuf                           0x20000310   Data          20  ntc_drv.o(.bss)
    STACK                                    0x20000328   Section     1024  startup_gd32f30x_hd.o(STACK)

    Global Symbols

    Symbol Name                              Value     Ov Type        Size  Object(Section)

    BuildAttributes$$THM_ISAv4$E$P$D$K$B$S$7EM$VFPi3$EXTD16$VFPS$VFMA$PE$A:L22UL41UL21$X:L11$S22US41US21$IEEE1$IW$USESV6$~STKCKD$USESV7$~SHL$OSPACE$ROPI$EBA8$MICROLIB$REQ8$PRES8$EABIv2 0x00000000   Number         0  anon$$obj.o ABSOLUTE
    __ARM_use_no_argv                        0x00000000   Number         0  main.o ABSOLUTE
    _printf_a                                0x00000000   Number         0  stubs.o ABSOLUTE
    _printf_c                                0x00000000   Number         0  stubs.o ABSOLUTE
    _printf_charcount                        0x00000000   Number         0  stubs.o ABSOLUTE
    _printf_d                                0x00000000   Number         0  stubs.o ABSOLUTE
    _printf_e                                0x00000000   Number         0  stubs.o ABSOLUTE
    _printf_f                                0x00000000   Number         0  stubs.o ABSOLUTE
    _printf_flags                            0x00000000   Number         0  stubs.o ABSOLUTE
    _printf_fp_dec                           0x00000000   Number         0  stubs.o ABSOLUTE
    _printf_fp_hex                           0x00000000   Number         0  stubs.o ABSOLUTE
    _printf_g                                0x00000000   Number         0  stubs.o ABSOLUTE
    _printf_i                                0x00000000   Number         0  stubs.o ABSOLUTE
    _printf_int_dec                          0x00000000   Number         0  stubs.o ABSOLUTE
    _printf_l                                0x00000000   Number         0  stubs.o ABSOLUTE
    _printf_lc                               0x00000000   Number         0  stubs.o ABSOLUTE
    _printf_ll                               0x00000000   Number         0  stubs.o ABSOLUTE
    _printf_lld                              0x00000000   Number         0  stubs.o ABSOLUTE
    _printf_lli                              0x00000000   Number         0  stubs.o ABSOLUTE
    _printf_llo                              0x00000000   Number         0  stubs.o ABSOLUTE
    _printf_llu                              0x00000000   Number         0  stubs.o ABSOLUTE
    _printf_llx                              0x00000000   Number         0  stubs.o ABSOLUTE
    _printf_longlong_dec                     0x00000000   Number         0  stubs.o ABSOLUTE
    _printf_longlong_hex                     0x00000000   Number         0  stubs.o ABSOLUTE
    _printf_longlong_oct                     0x00000000   Number         0  stubs.o ABSOLUTE
    _printf_ls                               0x00000000   Number         0  stubs.o ABSOLUTE
    _printf_mbtowc                           0x00000000   Number         0  stubs.o ABSOLUTE
    _printf_n                                0x00000000   Number         0  stubs.o ABSOLUTE
    _printf_o                                0x00000000   Number         0  stubs.o ABSOLUTE
    _printf_p                                0x00000000   Number         0  stubs.o ABSOLUTE
    _printf_percent                          0x00000000   Number         0  stubs.o ABSOLUTE
    _printf_pre_padding                      0x00000000   Number         0  stubs.o ABSOLUTE
    _printf_return_value                     0x00000000   Number         0  stubs.o ABSOLUTE
    _printf_s                                0x00000000   Number         0  stubs.o ABSOLUTE
    _printf_sizespec                         0x00000000   Number         0  stubs.o ABSOLUTE
    _printf_str                              0x00000000   Number         0  stubs.o ABSOLUTE
    _printf_truncate_signed                  0x00000000   Number         0  stubs.o ABSOLUTE
    _printf_truncate_unsigned                0x00000000   Number         0  stubs.o ABSOLUTE
    _printf_u                                0x00000000   Number         0  stubs.o ABSOLUTE
    _printf_wc                               0x00000000   Number         0  stubs.o ABSOLUTE
    _printf_wctomb                           0x00000000   Number         0  stubs.o ABSOLUTE
    _printf_widthprec                        0x00000000   Number         0  stubs.o ABSOLUTE
    _printf_x                                0x00000000   Number         0  stubs.o ABSOLUTE
    __cpp_initialize__aeabi_                  - Undefined Weak Reference
    __cxa_finalize                            - Undefined Weak Reference
    _clock_init                               - Undefined Weak Reference
    _microlib_exit                            - Undefined Weak Reference
    __Vectors_Size                           0x00000130   Number         0  startup_gd32f30x_hd.o ABSOLUTE
    __Vectors                                0x08000000   Data           4  startup_gd32f30x_hd.o(RESET)
    __Vectors_End                            0x08000130   Data           0  startup_gd32f30x_hd.o(RESET)
    __main                                   0x08000131   Thumb Code     0  entry.o(.ARM.Collect$$$$00000000)
    _main_stk                                0x08000131   Thumb Code     0  entry2.o(.ARM.Collect$$$$00000001)
    _main_scatterload                        0x08000135   Thumb Code     0  entry5.o(.ARM.Collect$$$$00000004)
    __main_after_scatterload                 0x08000139   Thumb Code     0  entry5.o(.ARM.Collect$$$$00000004)
    _main_clock                              0x08000139   Thumb Code     0  entry7b.o(.ARM.Collect$$$$00000008)
    _main_cpp_init                           0x08000139   Thumb Code     0  entry8b.o(.ARM.Collect$$$$0000000A)
    _main_init                               0x08000139   Thumb Code     0  entry9a.o(.ARM.Collect$$$$0000000B)
    __rt_final_cpp                           0x08000141   Thumb Code     0  entry10a.o(.ARM.Collect$$$$0000000D)
    __rt_final_exit                          0x08000141   Thumb Code     0  entry11a.o(.ARM.Collect$$$$0000000F)
    Reset_Handler                            0x08000145   Thumb Code     8  startup_gd32f30x_hd.o(.text)
    ADC0_1_IRQHandler                        0x0800015f   Thumb Code     0  startup_gd32f30x_hd.o(.text)
    ADC2_IRQHandler                          0x0800015f   Thumb Code     0  startup_gd32f30x_hd.o(.text)
    CAN0_EWMC_IRQHandler                     0x0800015f   Thumb Code     0  startup_gd32f30x_hd.o(.text)
    CAN0_RX1_IRQHandler                      0x0800015f   Thumb Code     0  startup_gd32f30x_hd.o(.text)
    DMA0_Channel0_IRQHandler                 0x0800015f   Thumb Code     0  startup_gd32f30x_hd.o(.text)
    DMA0_Channel1_IRQHandler                 0x0800015f   Thumb Code     0  startup_gd32f30x_hd.o(.text)
    DMA0_Channel2_IRQHandler                 0x0800015f   Thumb Code     0  startup_gd32f30x_hd.o(.text)
    DMA0_Channel3_IRQHandler                 0x0800015f   Thumb Code     0  startup_gd32f30x_hd.o(.text)
    DMA0_Channel4_IRQHandler                 0x0800015f   Thumb Code     0  startup_gd32f30x_hd.o(.text)
    DMA0_Channel5_IRQHandler                 0x0800015f   Thumb Code     0  startup_gd32f30x_hd.o(.text)
    DMA0_Channel6_IRQHandler                 0x0800015f   Thumb Code     0  startup_gd32f30x_hd.o(.text)
    DMA1_Channel0_IRQHandler                 0x0800015f   Thumb Code     0  startup_gd32f30x_hd.o(.text)
    DMA1_Channel1_IRQHandler                 0x0800015f   Thumb Code     0  startup_gd32f30x_hd.o(.text)
    DMA1_Channel2_IRQHandler                 0x0800015f   Thumb Code     0  startup_gd32f30x_hd.o(.text)
    DMA1_Channel3_4_IRQHandler               0x0800015f   Thumb Code     0  startup_gd32f30x_hd.o(.text)
    EXMC_IRQHandler                          0x0800015f   Thumb Code     0  startup_gd32f30x_hd.o(.text)
    EXTI0_IRQHandler                         0x0800015f   Thumb Code     0  startup_gd32f30x_hd.o(.text)
    EXTI10_15_IRQHandler                     0x0800015f   Thumb Code     0  startup_gd32f30x_hd.o(.text)
    EXTI1_IRQHandler                         0x0800015f   Thumb Code     0  startup_gd32f30x_hd.o(.text)
    EXTI2_IRQHandler                         0x0800015f   Thumb Code     0  startup_gd32f30x_hd.o(.text)
    EXTI3_IRQHandler                         0x0800015f   Thumb Code     0  startup_gd32f30x_hd.o(.text)
    EXTI4_IRQHandler                         0x0800015f   Thumb Code     0  startup_gd32f30x_hd.o(.text)
    EXTI5_9_IRQHandler                       0x0800015f   Thumb Code     0  startup_gd32f30x_hd.o(.text)
    FMC_IRQHandler                           0x0800015f   Thumb Code     0  startup_gd32f30x_hd.o(.text)
    I2C0_ER_IRQHandler                       0x0800015f   Thumb Code     0  startup_gd32f30x_hd.o(.text)
    I2C0_EV_IRQHandler                       0x0800015f   Thumb Code     0  startup_gd32f30x_hd.o(.text)
    I2C1_ER_IRQHandler                       0x0800015f   Thumb Code     0  startup_gd32f30x_hd.o(.text)
    I2C1_EV_IRQHandler                       0x0800015f   Thumb Code     0  startup_gd32f30x_hd.o(.text)
    LVD_IRQHandler                           0x0800015f   Thumb Code     0  startup_gd32f30x_hd.o(.text)
    RCU_CTC_IRQHandler                       0x0800015f   Thumb Code     0  startup_gd32f30x_hd.o(.text)
    RTC_Alarm_IRQHandler                     0x0800015f   Thumb Code     0  startup_gd32f30x_hd.o(.text)
    RTC_IRQHandler                           0x0800015f   Thumb Code     0  startup_gd32f30x_hd.o(.text)
    SDIO_IRQHandler                          0x0800015f   Thumb Code     0  startup_gd32f30x_hd.o(.text)
    SPI0_IRQHandler                          0x0800015f   Thumb Code     0  startup_gd32f30x_hd.o(.text)
    SPI1_IRQHandler                          0x0800015f   Thumb Code     0  startup_gd32f30x_hd.o(.text)
    SPI2_IRQHandler                          0x0800015f   Thumb Code     0  startup_gd32f30x_hd.o(.text)
    TAMPER_IRQHandler                        0x0800015f   Thumb Code     0  startup_gd32f30x_hd.o(.text)
    TIMER0_BRK_IRQHandler                    0x0800015f   Thumb Code     0  startup_gd32f30x_hd.o(.text)
    TIMER0_Channel_IRQHandler                0x0800015f   Thumb Code     0  startup_gd32f30x_hd.o(.text)
    TIMER0_TRG_CMT_IRQHandler                0x0800015f   Thumb Code     0  startup_gd32f30x_hd.o(.text)
    TIMER0_UP_IRQHandler                     0x0800015f   Thumb Code     0  startup_gd32f30x_hd.o(.text)
    TIMER1_IRQHandler                        0x0800015f   Thumb Code     0  startup_gd32f30x_hd.o(.text)
    TIMER2_IRQHandler                        0x0800015f   Thumb Code     0  startup_gd32f30x_hd.o(.text)
    TIMER5_IRQHandler                        0x0800015f   Thumb Code     0  startup_gd32f30x_hd.o(.text)
    TIMER6_IRQHandler                        0x0800015f   Thumb Code     0  startup_gd32f30x_hd.o(.text)
    TIMER7_BRK_IRQHandler                    0x0800015f   Thumb Code     0  startup_gd32f30x_hd.o(.text)
    TIMER7_Channel_IRQHandler                0x0800015f   Thumb Code     0  startup_gd32f30x_hd.o(.text)
    TIMER7_TRG_CMT_IRQHandler                0x0800015f   Thumb Code     0  startup_gd32f30x_hd.o(.text)
    TIMER7_UP_IRQHandler                     0x0800015f   Thumb Code     0  startup_gd32f30x_hd.o(.text)
    UART3_IRQHandler                         0x0800015f   Thumb Code     0  startup_gd32f30x_hd.o(.text)
    UART4_IRQHandler                         0x0800015f   Thumb Code     0  startup_gd32f30x_hd.o(.text)
    USART2_IRQHandler                        0x0800015f   Thumb Code     0  startup_gd32f30x_hd.o(.text)
    USBD_HP_CAN0_TX_IRQHandler               0x0800015f   Thumb Code     0  startup_gd32f30x_hd.o(.text)
    USBD_LP_CAN0_RX0_IRQHandler              0x0800015f   Thumb Code     0  startup_gd32f30x_hd.o(.text)
    USBD_WKUP_IRQHandler                     0x0800015f   Thumb Code     0  startup_gd32f30x_hd.o(.text)
    WWDGT_IRQHandler                         0x0800015f   Thumb Code     0  startup_gd32f30x_hd.o(.text)
    qsort                                    0x08000169   Thumb Code   156  qsort.o(.text)
    __aeabi_memcpy                           0x08000205   Thumb Code    36  memcpya.o(.text)
    __aeabi_memcpy4                          0x08000205   Thumb Code     0  memcpya.o(.text)
    __aeabi_memcpy8                          0x08000205   Thumb Code     0  memcpya.o(.text)
    __aeabi_uldivmod                         0x08000229   Thumb Code    98  uldiv.o(.text)
    __scatterload                            0x0800028d   Thumb Code    28  init.o(.text)
    __scatterload_rt2                        0x0800028d   Thumb Code     0  init.o(.text)
    __aeabi_llsl                             0x080002b1   Thumb Code    30  llshl.o(.text)
    _ll_shift_l                              0x080002b1   Thumb Code     0  llshl.o(.text)
    __aeabi_llsr                             0x080002cf   Thumb Code    32  llushr.o(.text)
    _ll_ushift_r                             0x080002cf   Thumb Code     0  llushr.o(.text)
    __decompress                             0x080002ef   Thumb Code     0  __dczerorl2.o(.text)
    __decompress1                            0x080002ef   Thumb Code    86  __dczerorl2.o(.text)
    BusFault_Handler                         0x0800056b   Thumb Code     4  gd32f30x_it.o(i.BusFault_Handler)
    DebugMon_Handler                         0x0800065b   Thumb Code     2  gd32f30x_it.o(i.DebugMon_Handler)
    DelayInit                                0x0800065d   Thumb Code    50  delay.o(i.DelayInit)
    DelayNus                                 0x08000699   Thumb Code    36  delay.o(i.DelayNus)
    EepromDrvInit                            0x0800071d   Thumb Code     8  eeprom_drv.o(i.EepromDrvInit)
    EraseNorflashForWrite                    0x08000737   Thumb Code    92  norflash_drv.o(i.EraseNorflashForWrite)
    GetHumiData                              0x08000805   Thumb Code    14  rh_drv.o(i.GetHumiData)
    GetKeyVal                                0x08000819   Thumb Code    34  key_drv.o(i.GetKeyVal)
    GetSensorData                            0x0800083b   Thumb Code    28  sensor_drv.o(i.GetSensorData)
    GetSysRunTime                            0x08000859   Thumb Code     8  systick.o(i.GetSysRunTime)
    GetTempData                              0x08000865   Thumb Code     8  ntc_drv.o(i.GetTempData)
    HardFault_Handler                        0x080009a9   Thumb Code     4  gd32f30x_it.o(i.HardFault_Handler)
    HmiTask                                  0x080009ad   Thumb Code   114  hmi_app.o(i.HmiTask)
    HumiDrvInit                              0x08000a51   Thumb Code    20  rh_drv.o(i.HumiDrvInit)
    HumiSensorProc                           0x08000a65   Thumb Code    38  rh_drv.o(i.HumiSensorProc)
    InitSysParam                             0x08000a95   Thumb Code    50  store_app.o(i.InitSysParam)
    KeyDrvInit                               0x08000ad1   Thumb Code    60  key_drv.o(i.KeyDrvInit)
    LedDrvInit                               0x08000c19   Thumb Code    86  led_drv.o(i.LedDrvInit)
    MemManage_Handler                        0x08000c95   Thumb Code     4  gd32f30x_it.o(i.MemManage_Handler)
    ModbusAppInit                            0x08000c99   Thumb Code    18  modbus_app.o(i.ModbusAppInit)
    ModbusSlaveInit                          0x08000d19   Thumb Code    32  modbus_slave.o(i.ModbusSlaveInit)
    ModbusTask                               0x08000d3d   Thumb Code     8  modbus_app.o(i.ModbusTask)
    NMI_Handler                              0x08000d45   Thumb Code     2  gd32f30x_it.o(i.NMI_Handler)
    NorflashDrvInit                          0x08000d47   Thumb Code     8  norflash_drv.o(i.NorflashDrvInit)
    PendSV_Handler                           0x08000d4f   Thumb Code     2  gd32f30x_it.o(i.PendSV_Handler)
    PushDataToBuf                            0x08000d99   Thumb Code    40  ntc_drv.o(i.PushDataToBuf)
    ReadNorflashData                         0x08000df9   Thumb Code    68  norflash_drv.o(i.ReadNorflashData)
    RtcDrvInit                               0x08000eed   Thumb Code   142  rtc_drv.o(i.RtcDrvInit)
    SVC_Handler                              0x08000ff9   Thumb Code     2  gd32f30x_it.o(i.SVC_Handler)
    SensorDrvInit                            0x08000ffb   Thumb Code    12  sensor_drv.o(i.SensorDrvInit)
    SensorDrvProc                            0x08001007   Thumb Code    28  sensor_drv.o(i.SensorDrvProc)
    SensorTask                               0x08001023   Thumb Code     8  sensor_app.o(i.SensorTask)
    SetModbusParam                           0x0800102d   Thumb Code    68  store_app.o(i.SetModbusParam)
    SysTick_Handler                          0x08001091   Thumb Code    38  systick.o(i.SysTick_Handler)
    SystemInit                               0x080010c1   Thumb Code   156  system_gd32f30x.o(i.SystemInit)
    SystickInit                              0x08001169   Thumb Code    92  systick.o(i.SystickInit)
    TIMER3_IRQHandler                        0x080011cd   Thumb Code    36  porttimer.o(i.TIMER3_IRQHandler)
    TIMER4_IRQHandler                        0x080011f5   Thumb Code    80  rh_drv.o(i.TIMER4_IRQHandler)
    TaskScheduleCbReg                        0x080012f1   Thumb Code     6  systick.o(i.TaskScheduleCbReg)
    TempDrvInit                              0x080012fd   Thumb Code    12  ntc_drv.o(i.TempDrvInit)
    TempSensorProc                           0x08001309   Thumb Code   118  ntc_drv.o(i.TempSensorProc)
    TurnOffLed                               0x080013d5   Thumb Code    40  led_drv.o(i.TurnOffLed)
    TurnOnLed                                0x08001401   Thumb Code    40  led_drv.o(i.TurnOnLed)
    USART0_IRQHandler                        0x0800142d   Thumb Code    46  usb2com_drv.o(i.USART0_IRQHandler)
    USART1_IRQHandler                        0x08001469   Thumb Code    56  portserial.o(i.USART1_IRQHandler)
    UsageFault_Handler                       0x080014fd   Thumb Code     4  gd32f30x_it.o(i.UsageFault_Handler)
    Usb2ComDrvInit                           0x08001501   Thumb Code    16  usb2com_drv.o(i.Usb2ComDrvInit)
    WriteNorflashData                        0x080015ef   Thumb Code   120  norflash_drv.o(i.WriteNorflashData)
    __0printf$8                              0x08001725   Thumb Code    22  printf8.o(i.__0printf$8)
    __1printf$8                              0x08001725   Thumb Code     0  printf8.o(i.__0printf$8)
    __2printf                                0x08001725   Thumb Code     0  printf8.o(i.__0printf$8)
    __aeabi_assert                           0x08001745   Thumb Code   110  retarget_io.o(i.__aeabi_assert)
    __scatterload_copy                       0x080017e1   Thumb Code    14  handlers.o(i.__scatterload_copy)
    __scatterload_null                       0x080017ef   Thumb Code     2  handlers.o(i.__scatterload_null)
    __scatterload_zeroinit                   0x080017f1   Thumb Code    14  handlers.o(i.__scatterload_zeroinit)
    abort                                    0x08001c63   Thumb Code     4  retarget_io.o(i.abort)
    adc_calibration_enable                   0x08001c67   Thumb Code    42  gd32f30x_adc.o(i.adc_calibration_enable)
    adc_channel_length_config                0x08001c91   Thumb Code    70  gd32f30x_adc.o(i.adc_channel_length_config)
    adc_data_alignment_config                0x08001cd7   Thumb Code    22  gd32f30x_adc.o(i.adc_data_alignment_config)
    adc_enable                               0x08001ced   Thumb Code    18  gd32f30x_adc.o(i.adc_enable)
    adc_external_trigger_config              0x08001cff   Thumb Code    62  gd32f30x_adc.o(i.adc_external_trigger_config)
    adc_external_trigger_source_config       0x08001d3d   Thumb Code    48  gd32f30x_adc.o(i.adc_external_trigger_source_config)
    adc_flag_get                             0x08001d6d   Thumb Code    14  gd32f30x_adc.o(i.adc_flag_get)
    adc_mode_config                          0x08001d7d   Thumb Code    22  gd32f30x_adc.o(i.adc_mode_config)
    adc_oversample_mode_config               0x08001d99   Thumb Code    58  gd32f30x_adc.o(i.adc_oversample_mode_config)
    adc_oversample_mode_enable               0x08001dd3   Thumb Code    14  gd32f30x_adc.o(i.adc_oversample_mode_enable)
    adc_regular_channel_config               0x08001de1   Thumb Code   172  gd32f30x_adc.o(i.adc_regular_channel_config)
    adc_regular_data_read                    0x08001e8d   Thumb Code     8  gd32f30x_adc.o(i.adc_regular_data_read)
    adc_software_trigger_enable              0x08001e95   Thumb Code    30  gd32f30x_adc.o(i.adc_software_trigger_enable)
    adc_special_function_config              0x08001eb3   Thumb Code    90  gd32f30x_adc.o(i.adc_special_function_config)
    bkp_deinit                               0x08001f0d   Thumb Code    12  gd32f30x_bkp.o(i.bkp_deinit)
    bkp_read_data                            0x08001f19   Thumb Code    50  gd32f30x_bkp.o(i.bkp_read_data)
    bkp_write_data                           0x08001f51   Thumb Code    46  gd32f30x_bkp.o(i.bkp_write_data)
    eMBEnable                                0x08001f85   Thumb Code    32  mb.o(i.eMBEnable)
    eMBFuncReadHoldingRegister               0x08001fad   Thumb Code   134  mbfuncholding.o(i.eMBFuncReadHoldingRegister)
    eMBFuncWriteHoldingRegister              0x08002033   Thumb Code    62  mbfuncholding.o(i.eMBFuncWriteHoldingRegister)
    eMBFuncWriteMultipleHoldingRegister      0x08002071   Thumb Code   106  mbfuncholding.o(i.eMBFuncWriteMultipleHoldingRegister)
    eMBInit                                  0x080020dd   Thumb Code   150  mb.o(i.eMBInit)
    eMBPoll                                  0x080021bd   Thumb Code   268  mb.o(i.eMBPoll)
    eMBRTUInit                               0x080022f5   Thumb Code    76  mbrtu.o(i.eMBRTUInit)
    eMBRTUReceive                            0x08002345   Thumb Code    82  mbrtu.o(i.eMBRTUReceive)
    eMBRTUSend                               0x080023e1   Thumb Code   146  mbrtu.o(i.eMBRTUSend)
    eMBRTUStart                              0x08002489   Thumb Code    22  mbrtu.o(i.eMBRTUStart)
    eMBRTUStop                               0x080024a5   Thumb Code    16  mbrtu.o(i.eMBRTUStop)
    eMBRegHoldingCB                          0x080024b5   Thumb Code    54  modbus_slave.o(i.eMBRegHoldingCB)
    eMBSetSlaveAddr                          0x080024f1   Thumb Code    24  mb.o(i.eMBSetSlaveAddr)
    fputc                                    0x0800250d   Thumb Code    36  usb2com_drv.o(i.fputc)
    fputs                                    0x08002535   Thumb Code    24  fputs.o(i.fputs)
    gpio_bit_reset                           0x0800254d   Thumb Code     4  gd32f30x_gpio.o(i.gpio_bit_reset)
    gpio_bit_set                             0x08002551   Thumb Code     4  gd32f30x_gpio.o(i.gpio_bit_set)
    gpio_bit_write                           0x08002555   Thumb Code    10  gd32f30x_gpio.o(i.gpio_bit_write)
    gpio_init                                0x0800255f   Thumb Code   188  gd32f30x_gpio.o(i.gpio_init)
    gpio_input_bit_get                       0x0800261b   Thumb Code    16  gd32f30x_gpio.o(i.gpio_input_bit_get)
    gpio_output_bit_get                      0x0800262b   Thumb Code    16  gd32f30x_gpio.o(i.gpio_output_bit_get)
    main                                     0x0800263b   Thumb Code    16  main.o(i.main)
    nvic_irq_enable                          0x0800264d   Thumb Code   186  gd32f30x_misc.o(i.nvic_irq_enable)
    nvic_priority_group_set                  0x08002711   Thumb Code    10  gd32f30x_misc.o(i.nvic_priority_group_set)
    pmu_backup_write_enable                  0x08002725   Thumb Code    14  gd32f30x_pmu.o(i.pmu_backup_write_enable)
    prveMBError2Exception                    0x08002739   Thumb Code    34  mbutils.o(i.prveMBError2Exception)
    rcu_adc_clock_config                     0x0800278d   Thumb Code    98  gd32f30x_rcu.o(i.rcu_adc_clock_config)
    rcu_bkp_reset_disable                    0x080027f9   Thumb Code    14  gd32f30x_rcu.o(i.rcu_bkp_reset_disable)
    rcu_bkp_reset_enable                     0x0800280d   Thumb Code    14  gd32f30x_rcu.o(i.rcu_bkp_reset_enable)
    rcu_clock_freq_get                       0x08002821   Thumb Code   310  gd32f30x_rcu.o(i.rcu_clock_freq_get)
    rcu_flag_get                             0x08002979   Thumb Code    30  gd32f30x_rcu.o(i.rcu_flag_get)
    rcu_osci_on                              0x0800299d   Thumb Code    28  gd32f30x_rcu.o(i.rcu_osci_on)
    rcu_osci_stab_wait                       0x080029bd   Thumb Code   268  gd32f30x_rcu.o(i.rcu_osci_stab_wait)
    rcu_periph_clock_enable                  0x08002acd   Thumb Code    28  gd32f30x_rcu.o(i.rcu_periph_clock_enable)
    rcu_periph_reset_disable                 0x08002aed   Thumb Code    28  gd32f30x_rcu.o(i.rcu_periph_reset_disable)
    rcu_periph_reset_enable                  0x08002b0d   Thumb Code    28  gd32f30x_rcu.o(i.rcu_periph_reset_enable)
    rcu_rtc_clock_config                     0x08002b2d   Thumb Code    18  gd32f30x_rcu.o(i.rcu_rtc_clock_config)
    rtc_configuration_mode_enter             0x08002b45   Thumb Code    14  gd32f30x_rtc.o(i.rtc_configuration_mode_enter)
    rtc_configuration_mode_exit              0x08002b59   Thumb Code    14  gd32f30x_rtc.o(i.rtc_configuration_mode_exit)
    rtc_counter_set                          0x08002b6d   Thumb Code    26  gd32f30x_rtc.o(i.rtc_counter_set)
    rtc_lwoff_wait                           0x08002b8d   Thumb Code    16  gd32f30x_rtc.o(i.rtc_lwoff_wait)
    rtc_prescaler_set                        0x08002ba1   Thumb Code    28  gd32f30x_rtc.o(i.rtc_prescaler_set)
    rtc_register_sync_wait                   0x08002bc1   Thumb Code    28  gd32f30x_rtc.o(i.rtc_register_sync_wait)
    spi_enable                               0x08002be1   Thumb Code    10  gd32f30x_spi.o(i.spi_enable)
    spi_i2s_data_receive                     0x08002beb   Thumb Code     8  gd32f30x_spi.o(i.spi_i2s_data_receive)
    spi_i2s_data_transmit                    0x08002bf3   Thumb Code     4  gd32f30x_spi.o(i.spi_i2s_data_transmit)
    spi_i2s_flag_get                         0x08002bf7   Thumb Code    16  gd32f30x_spi.o(i.spi_i2s_flag_get)
    spi_init                                 0x08002c07   Thumb Code    50  gd32f30x_spi.o(i.spi_init)
    spi_struct_para_init                     0x08002c39   Thumb Code    18  gd32f30x_spi.o(i.spi_struct_para_init)
    timer_counter_value_config               0x08002d69   Thumb Code     4  gd32f30x_timer.o(i.timer_counter_value_config)
    timer_deinit                             0x08002d6d   Thumb Code   210  gd32f30x_timer.o(i.timer_deinit)
    timer_disable                            0x08002e49   Thumb Code    10  gd32f30x_timer.o(i.timer_disable)
    timer_enable                             0x08002e53   Thumb Code    10  gd32f30x_timer.o(i.timer_enable)
    timer_init                               0x08002e5d   Thumb Code   122  gd32f30x_timer.o(i.timer_init)
    timer_interrupt_disable                  0x08002ef5   Thumb Code     8  gd32f30x_timer.o(i.timer_interrupt_disable)
    timer_interrupt_enable                   0x08002efd   Thumb Code     8  gd32f30x_timer.o(i.timer_interrupt_enable)
    timer_interrupt_flag_clear               0x08002f05   Thumb Code     6  gd32f30x_timer.o(i.timer_interrupt_flag_clear)
    timer_interrupt_flag_get                 0x08002f0b   Thumb Code    24  gd32f30x_timer.o(i.timer_interrupt_flag_get)
    timer_struct_para_init                   0x08002f23   Thumb Code    22  gd32f30x_timer.o(i.timer_struct_para_init)
    usMBCRC16                                0x08002f39   Thumb Code    48  mbcrc.o(i.usMBCRC16)
    usart_baudrate_set                       0x08002f71   Thumb Code   136  gd32f30x_usart.o(i.usart_baudrate_set)
    usart_data_receive                       0x08003001   Thumb Code    10  gd32f30x_usart.o(i.usart_data_receive)
    usart_data_transmit                      0x0800300b   Thumb Code     8  gd32f30x_usart.o(i.usart_data_transmit)
    usart_deinit                             0x08003015   Thumb Code   136  gd32f30x_usart.o(i.usart_deinit)
    usart_enable                             0x080030a5   Thumb Code    10  gd32f30x_usart.o(i.usart_enable)
    usart_flag_get                           0x080030af   Thumb Code    30  gd32f30x_usart.o(i.usart_flag_get)
    usart_interrupt_disable                  0x080030cd   Thumb Code    26  gd32f30x_usart.o(i.usart_interrupt_disable)
    usart_interrupt_enable                   0x080030e7   Thumb Code    26  gd32f30x_usart.o(i.usart_interrupt_enable)
    usart_interrupt_flag_clear               0x08003101   Thumb Code    18  gd32f30x_usart.o(i.usart_interrupt_flag_clear)
    usart_interrupt_flag_get                 0x08003113   Thumb Code    56  gd32f30x_usart.o(i.usart_interrupt_flag_get)
    usart_receive_config                     0x0800314b   Thumb Code    20  gd32f30x_usart.o(i.usart_receive_config)
    usart_transmit_config                    0x0800315f   Thumb Code    20  gd32f30x_usart.o(i.usart_transmit_config)
    vMBPortSerialEnable                      0x08003175   Thumb Code   100  portserial.o(i.vMBPortSerialEnable)
    vMBPortTimersDisable                     0x080031e1   Thumb Code    34  porttimer.o(i.vMBPortTimersDisable)
    vMBPortTimersEnable                      0x08003209   Thumb Code    34  porttimer.o(i.vMBPortTimersEnable)
    xMBPortEventGet                          0x08003231   Thumb Code    26  portevent.o(i.xMBPortEventGet)
    xMBPortEventInit                         0x08003255   Thumb Code    10  portevent.o(i.xMBPortEventInit)
    xMBPortEventPost                         0x08003265   Thumb Code    16  portevent.o(i.xMBPortEventPost)
    xMBPortSerialGetByte                     0x0800327d   Thumb Code    18  portserial.o(i.xMBPortSerialGetByte)
    xMBPortSerialInit                        0x08003295   Thumb Code    32  portserial.o(i.xMBPortSerialInit)
    xMBPortSerialPutByte                     0x080032b5   Thumb Code    18  portserial.o(i.xMBPortSerialPutByte)
    xMBPortTimersInit                        0x080032cd   Thumb Code    68  porttimer.o(i.xMBPortTimersInit)
    xMBRTUReceiveFSM                         0x08003315   Thumb Code   140  mbrtu.o(i.xMBRTUReceiveFSM)
    xMBRTUTimerT35Expired                    0x080033e5   Thumb Code    96  mbrtu.o(i.xMBRTUTimerT35Expired)
    xMBRTUTransmitFSM                        0x08003465   Thumb Code   116  mbrtu.o(i.xMBRTUTransmitFSM)
    Region$$Table$$Base                      0x08003a30   Number         0  anon$$obj.o(Region$$Table)
    Region$$Table$$Limit                     0x08003a50   Number         0  anon$$obj.o(Region$$Table)
    pxMBFrameCBByteReceived                  0x20000080   Data           4  mb.o(.data)
    pxMBFrameCBTransmitterEmpty              0x20000084   Data           4  mb.o(.data)
    pxMBPortCBTimerExpired                   0x20000088   Data           4  mb.o(.data)
    pxMBFrameCBReceiveFSMCur                 0x2000008c   Data           4  mb.o(.data)
    pxMBFrameCBTransmitFSMCur                0x20000090   Data           4  mb.o(.data)
    __stderr                                 0x200001d4   Data           4  stderr.o(.data)
    __stdout                                 0x200001d8   Data           4  stdout.o(.data)
    ucRTUBuf                                 0x200001dc   Data         256  mbrtu.o(.bss)
    __initial_sp                             0x20000728   Data           0  startup_gd32f30x_hd.o(STACK)



==============================================================================

Memory Map of the image

  Image Entry point : 0x08000131

  Load Region LR_IROM1 (Base: 0x08000000, Size: 0x00003c2c, Max: 0x00080000, ABSOLUTE, COMPRESSED[0x00003ae4])

    Execution Region ER_IROM1 (Exec base: 0x08000000, Load base: 0x08000000, Size: 0x00003a50, Max: 0x00080000, ABSOLUTE)

    Exec Addr    Load Addr    Size         Type   Attr      Idx    E Section Name        Object

    0x08000000   0x08000000   0x00000130   Data   RO         3803    RESET               startup_gd32f30x_hd.o
    0x08000130   0x08000130   0x00000000   Code   RO         3856  * .ARM.Collect$$$$00000000  mc_w.l(entry.o)
    0x08000130   0x08000130   0x00000004   Code   RO         4138    .ARM.Collect$$$$00000001  mc_w.l(entry2.o)
    0x08000134   0x08000134   0x00000004   Code   RO         4141    .ARM.Collect$$$$00000004  mc_w.l(entry5.o)
    0x08000138   0x08000138   0x00000000   Code   RO         4143    .ARM.Collect$$$$00000008  mc_w.l(entry7b.o)
    0x08000138   0x08000138   0x00000000   Code   RO         4145    .ARM.Collect$$$$0000000A  mc_w.l(entry8b.o)
    0x08000138   0x08000138   0x00000008   Code   RO         4146    .ARM.Collect$$$$0000000B  mc_w.l(entry9a.o)
    0x08000140   0x08000140   0x00000000   Code   RO         4148    .ARM.Collect$$$$0000000D  mc_w.l(entry10a.o)
    0x08000140   0x08000140   0x00000000   Code   RO         4150    .ARM.Collect$$$$0000000F  mc_w.l(entry11a.o)
    0x08000140   0x08000140   0x00000004   Code   RO         4139    .ARM.Collect$$$$00002712  mc_w.l(entry2.o)
    0x08000144   0x08000144   0x00000024   Code   RO         3804    .text               startup_gd32f30x_hd.o
    0x08000168   0x08000168   0x0000009c   Code   RO         3864    .text               mc_w.l(qsort.o)
    0x08000204   0x08000204   0x00000024   Code   RO         3873    .text               mc_w.l(memcpya.o)
    0x08000228   0x08000228   0x00000062   Code   RO         4155    .text               mc_w.l(uldiv.o)
    0x0800028a   0x0800028a   0x00000002   PAD
    0x0800028c   0x0800028c   0x00000024   Code   RO         4174    .text               mc_w.l(init.o)
    0x080002b0   0x080002b0   0x0000001e   Code   RO         4176    .text               mc_w.l(llshl.o)
    0x080002ce   0x080002ce   0x00000020   Code   RO         4178    .text               mc_w.l(llushr.o)
    0x080002ee   0x080002ee   0x00000056   Code   RO         4192    .text               mc_w.l(__dczerorl2.o)
    0x08000344   0x08000344   0x00000038   Code   RO          855    i.AcPowerProc       rh_drv.o
    0x0800037c   0x0800037c   0x00000088   Code   RO          715    i.AdcInit           ntc_drv.o
    0x08000404   0x08000404   0x0000006c   Code   RO          856    i.AdcInit           rh_drv.o
    0x08000470   0x08000470   0x00000048   Code   RO          857    i.AdcToHumi         rh_drv.o
    0x080004b8   0x080004b8   0x0000004c   Code   RO          716    i.AdcToTemp10Mpl    ntc_drv.o
    0x08000504   0x08000504   0x00000018   Code   RO           40    i.AppInit           main.o
    0x0800051c   0x0800051c   0x0000001e   Code   RO          717    i.ArithAvgFltr      ntc_drv.o
    0x0800053a   0x0800053a   0x00000030   Code   RO          858    i.AsceBinarySearch  rh_drv.o
    0x0800056a   0x0800056a   0x00000004   Code   RO          585    i.BusFault_Handler  gd32f30x_it.o
    0x0800056e   0x0800056e   0x0000003a   Code   RO          110    i.CalcCrc8          store_app.o
    0x080005a8   0x080005a8   0x0000008c   Code   RO          859    i.CalcHumiAdcByTemp  rh_drv.o
    0x08000634   0x08000634   0x00000026   Code   RO          718    i.CmpCb             ntc_drv.o
    0x0800065a   0x0800065a   0x00000002   Code   RO          586    i.DebugMon_Handler  gd32f30x_it.o
    0x0800065c   0x0800065c   0x0000003c   Code   RO          459    i.DelayInit         delay.o
    0x08000698   0x08000698   0x0000002c   Code   RO          461    i.DelayNus          delay.o
    0x080006c4   0x080006c4   0x00000030   Code   RO          719    i.DescBinarySearch  ntc_drv.o
    0x080006f4   0x080006f4   0x00000028   Code   RO           41    i.DrvInit           main.o
    0x0800071c   0x0800071c   0x00000008   Code   RO         1112    i.EepromDrvInit     eeprom_drv.o
    0x08000724   0x08000724   0x00000012   Code   RO         1192    i.EnableNorflashWrite  norflash_drv.o
    0x08000736   0x08000736   0x0000005c   Code   RO         1193    i.EraseNorflashForWrite  norflash_drv.o
    0x08000792   0x08000792   0x00000032   Code   RO         1194    i.EraseNorflashSector  norflash_drv.o
    0x080007c4   0x080007c4   0x0000001c   Code   RO          720    i.GetAdcVal         ntc_drv.o
    0x080007e0   0x080007e0   0x00000024   Code   RO          860    i.GetAdcVal         rh_drv.o
    0x08000804   0x08000804   0x00000014   Code   RO          861    i.GetHumiData       rh_drv.o
    0x08000818   0x08000818   0x00000022   Code   RO          638    i.GetKeyVal         key_drv.o
    0x0800083a   0x0800083a   0x0000001c   Code   RO          977    i.GetSensorData     sensor_drv.o
    0x08000856   0x08000856   0x00000002   PAD
    0x08000858   0x08000858   0x0000000c   Code   RO         1018    i.GetSysRunTime     systick.o
    0x08000864   0x08000864   0x0000000c   Code   RO          721    i.GetTempData       ntc_drv.o
    0x08000870   0x08000870   0x0000001c   Code   RO          722    i.GpioInit          ntc_drv.o
    0x0800088c   0x0800088c   0x00000048   Code   RO          862    i.GpioInit          rh_drv.o
    0x080008d4   0x080008d4   0x0000001c   Code   RO         1114    i.GpioInit          eeprom_drv.o
    0x080008f0   0x080008f0   0x0000008c   Code   RO         1195    i.GpioInit          norflash_drv.o
    0x0800097c   0x0800097c   0x0000002c   Code   RO         1313    i.GpioInit          portserial.o
    0x080009a8   0x080009a8   0x00000004   Code   RO          587    i.HardFault_Handler  gd32f30x_it.o
    0x080009ac   0x080009ac   0x000000a4   Code   RO            1    i.HmiTask           hmi_app.o
    0x08000a50   0x08000a50   0x00000014   Code   RO          863    i.HumiDrvInit       rh_drv.o
    0x08000a64   0x08000a64   0x00000030   Code   RO          864    i.HumiSensorProc    rh_drv.o
    0x08000a94   0x08000a94   0x0000003c   Code   RO          111    i.InitSysParam      store_app.o
    0x08000ad0   0x08000ad0   0x00000040   Code   RO          639    i.KeyDrvInit        key_drv.o
    0x08000b10   0x08000b10   0x00000108   Code   RO          640    i.KeyScan           key_drv.o
    0x08000c18   0x08000c18   0x0000005c   Code   RO          675    i.LedDrvInit        led_drv.o
    0x08000c74   0x08000c74   0x00000020   Code   RO          723    i.MedianAvgFltr     ntc_drv.o
    0x08000c94   0x08000c94   0x00000004   Code   RO          588    i.MemManage_Handler  gd32f30x_it.o
    0x08000c98   0x08000c98   0x00000018   Code   RO          175    i.ModbusAppInit     modbus_app.o
    0x08000cb0   0x08000cb0   0x00000018   Code   RO          176    i.ModbusGetHumi     modbus_app.o
    0x08000cc8   0x08000cc8   0x00000022   Code   RO          177    i.ModbusGetTemp     modbus_app.o
    0x08000cea   0x08000cea   0x00000016   Code   RO          178    i.ModbusSetLed1     modbus_app.o
    0x08000d00   0x08000d00   0x00000016   Code   RO          179    i.ModbusSetLed2     modbus_app.o
    0x08000d16   0x08000d16   0x00000002   PAD
    0x08000d18   0x08000d18   0x00000024   Code   RO          431    i.ModbusSlaveInit   modbus_slave.o
    0x08000d3c   0x08000d3c   0x00000008   Code   RO          180    i.ModbusTask        modbus_app.o
    0x08000d44   0x08000d44   0x00000002   Code   RO          589    i.NMI_Handler       gd32f30x_it.o
    0x08000d46   0x08000d46   0x00000008   Code   RO         1196    i.NorflashDrvInit   norflash_drv.o
    0x08000d4e   0x08000d4e   0x00000002   Code   RO          590    i.PendSV_Handler    gd32f30x_it.o
    0x08000d50   0x08000d50   0x00000048   Code   RO         1198    i.ProgramNorflashPage  norflash_drv.o
    0x08000d98   0x08000d98   0x00000030   Code   RO          724    i.PushDataToBuf     ntc_drv.o
    0x08000dc8   0x08000dc8   0x00000030   Code   RO          112    i.ReadDataWithCheck  store_app.o
    0x08000df8   0x08000df8   0x00000044   Code   RO         1199    i.ReadNorflashData  norflash_drv.o
    0x08000e3c   0x08000e3c   0x00000084   Code   RO          181    i.ReadRegsCb        modbus_app.o
    0x08000ec0   0x08000ec0   0x0000002c   Code   RO          113    i.ReadSysParam      store_app.o
    0x08000eec   0x08000eec   0x00000094   Code   RO          940    i.RtcDrvInit        rtc_drv.o
    0x08000f80   0x08000f80   0x00000014   Code   RO         1201    i.SPIInit           norflash_drv.o
    0x08000f94   0x08000f94   0x00000044   Code   RO         1202    i.SPIReadWriteByte  norflash_drv.o
    0x08000fd8   0x08000fd8   0x00000010   Code   RO         1203    i.SPIStart          norflash_drv.o
    0x08000fe8   0x08000fe8   0x00000010   Code   RO         1204    i.SPIStop           norflash_drv.o
    0x08000ff8   0x08000ff8   0x00000002   Code   RO          591    i.SVC_Handler       gd32f30x_it.o
    0x08000ffa   0x08000ffa   0x0000000c   Code   RO          978    i.SensorDrvInit     sensor_drv.o
    0x08001006   0x08001006   0x0000001c   Code   RO          979    i.SensorDrvProc     sensor_drv.o
    0x08001022   0x08001022   0x00000008   Code   RO           98    i.SensorTask        sensor_app.o
    0x0800102a   0x0800102a   0x00000002   PAD
    0x0800102c   0x0800102c   0x00000048   Code   RO          114    i.SetModbusParam    store_app.o
    0x08001074   0x08001074   0x0000001c   Code   RO         1314    i.SwitchInit        portserial.o
    0x08001090   0x08001090   0x00000030   Code   RO         1019    i.SysTick_Handler   systick.o
    0x080010c0   0x080010c0   0x000000a8   Code   RO         3749    i.SystemInit        system_gd32f30x.o
    0x08001168   0x08001168   0x00000064   Code   RO         1020    i.SystickInit       systick.o
    0x080011cc   0x080011cc   0x00000028   Code   RO         1394    i.TIMER3_IRQHandler  porttimer.o
    0x080011f4   0x080011f4   0x0000005c   Code   RO          865    i.TIMER4_IRQHandler  rh_drv.o
    0x08001250   0x08001250   0x00000038   Code   RO           42    i.TaskHandler       main.o
    0x08001288   0x08001288   0x00000068   Code   RO           43    i.TaskScheduleCb    main.o
    0x080012f0   0x080012f0   0x0000000c   Code   RO         1021    i.TaskScheduleCbReg  systick.o
    0x080012fc   0x080012fc   0x0000000c   Code   RO          725    i.TempDrvInit       ntc_drv.o
    0x08001308   0x08001308   0x00000084   Code   RO          726    i.TempSensorProc    ntc_drv.o
    0x0800138c   0x0800138c   0x00000048   Code   RO          866    i.TimerInit         rh_drv.o
    0x080013d4   0x080013d4   0x0000002c   Code   RO          677    i.TurnOffLed        led_drv.o
    0x08001400   0x08001400   0x0000002c   Code   RO          678    i.TurnOnLed         led_drv.o
    0x0800142c   0x0800142c   0x0000003c   Code   RO         1062    i.USART0_IRQHandler  usb2com_drv.o
    0x08001468   0x08001468   0x00000048   Code   RO         1315    i.USART1_IRQHandler  portserial.o
    0x080014b0   0x080014b0   0x0000004c   Code   RO         1316    i.UartInit          portserial.o
    0x080014fc   0x080014fc   0x00000004   Code   RO          592    i.UsageFault_Handler  gd32f30x_it.o
    0x08001500   0x08001500   0x00000010   Code   RO         1063    i.Usb2ComDrvInit    usb2com_drv.o
    0x08001510   0x08001510   0x0000002c   Code   RO         1064    i.Usb2ComGpioInit   usb2com_drv.o
    0x0800153c   0x0800153c   0x00000058   Code   RO         1065    i.Usb2ComUartInit   usb2com_drv.o
    0x08001594   0x08001594   0x00000030   Code   RO         1205    i.WaitNorflashWriteEnd  norflash_drv.o
    0x080015c4   0x080015c4   0x0000002a   Code   RO          115    i.WriteDataWithCheck  store_app.o
    0x080015ee   0x080015ee   0x00000078   Code   RO         1206    i.WriteNorflashData  norflash_drv.o
    0x08001666   0x08001666   0x00000002   PAD
    0x08001668   0x08001668   0x0000008c   Code   RO          182    i.WriteRegsCb       modbus_app.o
    0x080016f4   0x080016f4   0x00000030   Code   RO          116    i.WriteSysParam     store_app.o
    0x08001724   0x08001724   0x00000020   Code   RO         4084    i.__0printf$8       mc_w.l(printf8.o)
    0x08001744   0x08001744   0x0000009c   Code   RO         3808    i.__aeabi_assert    retarget_io.o
    0x080017e0   0x080017e0   0x0000000e   Code   RO         4186    i.__scatterload_copy  mc_w.l(handlers.o)
    0x080017ee   0x080017ee   0x00000002   Code   RO         4187    i.__scatterload_null  mc_w.l(handlers.o)
    0x080017f0   0x080017f0   0x0000000e   Code   RO         4188    i.__scatterload_zeroinit  mc_w.l(handlers.o)
    0x080017fe   0x080017fe   0x00000002   PAD
    0x08001800   0x08001800   0x00000410   Code   RO         4091    i._printf_core      mc_w.l(printf8.o)
    0x08001c10   0x08001c10   0x00000024   Code   RO         4092    i._printf_post_padding  mc_w.l(printf8.o)
    0x08001c34   0x08001c34   0x0000002e   Code   RO         4093    i._printf_pre_padding  mc_w.l(printf8.o)
    0x08001c62   0x08001c62   0x00000004   Code   RO         3810    i.abort             retarget_io.o
    0x08001c66   0x08001c66   0x0000002a   Code   RO         1437    i.adc_calibration_enable  gd32f30x_adc.o
    0x08001c90   0x08001c90   0x00000046   Code   RO         1438    i.adc_channel_length_config  gd32f30x_adc.o
    0x08001cd6   0x08001cd6   0x00000016   Code   RO         1439    i.adc_data_alignment_config  gd32f30x_adc.o
    0x08001cec   0x08001cec   0x00000012   Code   RO         1445    i.adc_enable        gd32f30x_adc.o
    0x08001cfe   0x08001cfe   0x0000003e   Code   RO         1446    i.adc_external_trigger_config  gd32f30x_adc.o
    0x08001d3c   0x08001d3c   0x00000030   Code   RO         1447    i.adc_external_trigger_source_config  gd32f30x_adc.o
    0x08001d6c   0x08001d6c   0x0000000e   Code   RO         1449    i.adc_flag_get      gd32f30x_adc.o
    0x08001d7a   0x08001d7a   0x00000002   PAD
    0x08001d7c   0x08001d7c   0x0000001c   Code   RO         1457    i.adc_mode_config   gd32f30x_adc.o
    0x08001d98   0x08001d98   0x0000003a   Code   RO         1458    i.adc_oversample_mode_config  gd32f30x_adc.o
    0x08001dd2   0x08001dd2   0x0000000e   Code   RO         1460    i.adc_oversample_mode_enable  gd32f30x_adc.o
    0x08001de0   0x08001de0   0x000000ac   Code   RO         1461    i.adc_regular_channel_config  gd32f30x_adc.o
    0x08001e8c   0x08001e8c   0x00000008   Code   RO         1462    i.adc_regular_data_read  gd32f30x_adc.o
    0x08001e94   0x08001e94   0x0000001e   Code   RO         1464    i.adc_software_trigger_enable  gd32f30x_adc.o
    0x08001eb2   0x08001eb2   0x0000005a   Code   RO         1465    i.adc_special_function_config  gd32f30x_adc.o
    0x08001f0c   0x08001f0c   0x0000000c   Code   RO         1736    i.bkp_deinit        gd32f30x_bkp.o
    0x08001f18   0x08001f18   0x00000038   Code   RO         1741    i.bkp_read_data     gd32f30x_bkp.o
    0x08001f50   0x08001f50   0x00000034   Code   RO         1755    i.bkp_write_data    gd32f30x_bkp.o
    0x08001f84   0x08001f84   0x00000028   Code   RO          237    i.eMBEnable         mb.o
    0x08001fac   0x08001fac   0x00000086   Code   RO          383    i.eMBFuncReadHoldingRegister  mbfuncholding.o
    0x08002032   0x08002032   0x0000003e   Code   RO          384    i.eMBFuncWriteHoldingRegister  mbfuncholding.o
    0x08002070   0x08002070   0x0000006a   Code   RO          385    i.eMBFuncWriteMultipleHoldingRegister  mbfuncholding.o
    0x080020da   0x080020da   0x00000002   PAD
    0x080020dc   0x080020dc   0x000000e0   Code   RO          238    i.eMBInit           mb.o
    0x080021bc   0x080021bc   0x00000138   Code   RO          239    i.eMBPoll           mb.o
    0x080022f4   0x080022f4   0x00000050   Code   RO          318    i.eMBRTUInit        mbrtu.o
    0x08002344   0x08002344   0x0000009c   Code   RO          319    i.eMBRTUReceive     mbrtu.o
    0x080023e0   0x080023e0   0x000000a8   Code   RO          320    i.eMBRTUSend        mbrtu.o
    0x08002488   0x08002488   0x0000001c   Code   RO          321    i.eMBRTUStart       mbrtu.o
    0x080024a4   0x080024a4   0x00000010   Code   RO          322    i.eMBRTUStop        mbrtu.o
    0x080024b4   0x080024b4   0x0000003c   Code   RO          432    i.eMBRegHoldingCB   modbus_slave.o
    0x080024f0   0x080024f0   0x0000001c   Code   RO          241    i.eMBSetSlaveAddr   mb.o
    0x0800250c   0x0800250c   0x00000028   Code   RO         1066    i.fputc             usb2com_drv.o
    0x08002534   0x08002534   0x00000018   Code   RO         3859    i.fputs             mc_w.l(fputs.o)
    0x0800254c   0x0800254c   0x00000004   Code   RO         2061    i.gpio_bit_reset    gd32f30x_gpio.o
    0x08002550   0x08002550   0x00000004   Code   RO         2062    i.gpio_bit_set      gd32f30x_gpio.o
    0x08002554   0x08002554   0x0000000a   Code   RO         2063    i.gpio_bit_write    gd32f30x_gpio.o
    0x0800255e   0x0800255e   0x000000bc   Code   RO         2071    i.gpio_init         gd32f30x_gpio.o
    0x0800261a   0x0800261a   0x00000010   Code   RO         2072    i.gpio_input_bit_get  gd32f30x_gpio.o
    0x0800262a   0x0800262a   0x00000010   Code   RO         2074    i.gpio_output_bit_get  gd32f30x_gpio.o
    0x0800263a   0x0800263a   0x00000010   Code   RO           44    i.main              main.o
    0x0800264a   0x0800264a   0x00000002   PAD
    0x0800264c   0x0800264c   0x000000c4   Code   RO         2192    i.nvic_irq_enable   gd32f30x_misc.o
    0x08002710   0x08002710   0x00000014   Code   RO         2193    i.nvic_priority_group_set  gd32f30x_misc.o
    0x08002724   0x08002724   0x00000014   Code   RO         2248    i.pmu_backup_write_enable  gd32f30x_pmu.o
    0x08002738   0x08002738   0x00000022   Code   RO          407    i.prveMBError2Exception  mbutils.o
    0x0800275a   0x0800275a   0x00000002   PAD
    0x0800275c   0x0800275c   0x00000010   Code   RO         1395    i.prvvTIMERExpiredISR  porttimer.o
    0x0800276c   0x0800276c   0x00000010   Code   RO         1317    i.prvvUARTRxISR     portserial.o
    0x0800277c   0x0800277c   0x00000010   Code   RO         1318    i.prvvUARTTxReadyISR  portserial.o
    0x0800278c   0x0800278c   0x0000006c   Code   RO         2382    i.rcu_adc_clock_config  gd32f30x_rcu.o
    0x080027f8   0x080027f8   0x00000014   Code   RO         2387    i.rcu_bkp_reset_disable  gd32f30x_rcu.o
    0x0800280c   0x0800280c   0x00000014   Code   RO         2388    i.rcu_bkp_reset_enable  gd32f30x_rcu.o
    0x08002820   0x08002820   0x00000158   Code   RO         2391    i.rcu_clock_freq_get  gd32f30x_rcu.o
    0x08002978   0x08002978   0x00000024   Code   RO         2394    i.rcu_flag_get      gd32f30x_rcu.o
    0x0800299c   0x0800299c   0x00000020   Code   RO         2406    i.rcu_osci_on       gd32f30x_rcu.o
    0x080029bc   0x080029bc   0x00000110   Code   RO         2407    i.rcu_osci_stab_wait  gd32f30x_rcu.o
    0x08002acc   0x08002acc   0x00000020   Code   RO         2409    i.rcu_periph_clock_enable  gd32f30x_rcu.o
    0x08002aec   0x08002aec   0x00000020   Code   RO         2412    i.rcu_periph_reset_disable  gd32f30x_rcu.o
    0x08002b0c   0x08002b0c   0x00000020   Code   RO         2413    i.rcu_periph_reset_enable  gd32f30x_rcu.o
    0x08002b2c   0x08002b2c   0x00000018   Code   RO         2417    i.rcu_rtc_clock_config  gd32f30x_rcu.o
    0x08002b44   0x08002b44   0x00000014   Code   RO         2634    i.rtc_configuration_mode_enter  gd32f30x_rtc.o
    0x08002b58   0x08002b58   0x00000014   Code   RO         2635    i.rtc_configuration_mode_exit  gd32f30x_rtc.o
    0x08002b6c   0x08002b6c   0x00000020   Code   RO         2637    i.rtc_counter_set   gd32f30x_rtc.o
    0x08002b8c   0x08002b8c   0x00000014   Code   RO         2643    i.rtc_lwoff_wait    gd32f30x_rtc.o
    0x08002ba0   0x08002ba0   0x00000020   Code   RO         2644    i.rtc_prescaler_set  gd32f30x_rtc.o
    0x08002bc0   0x08002bc0   0x00000020   Code   RO         2645    i.rtc_register_sync_wait  gd32f30x_rtc.o
    0x08002be0   0x08002be0   0x0000000a   Code   RO         3500    i.spi_enable        gd32f30x_spi.o
    0x08002bea   0x08002bea   0x00000008   Code   RO         3502    i.spi_i2s_data_receive  gd32f30x_spi.o
    0x08002bf2   0x08002bf2   0x00000004   Code   RO         3503    i.spi_i2s_data_transmit  gd32f30x_spi.o
    0x08002bf6   0x08002bf6   0x00000010   Code   RO         3505    i.spi_i2s_flag_get  gd32f30x_spi.o
    0x08002c06   0x08002c06   0x00000032   Code   RO         3510    i.spi_init          gd32f30x_spi.o
    0x08002c38   0x08002c38   0x00000012   Code   RO         3523    i.spi_struct_para_init  gd32f30x_spi.o
    0x08002c4a   0x08002c4a   0x00000002   PAD
    0x08002c4c   0x08002c4c   0x00000114   Code   RO         3750    i.system_clock_120m_hxtal  system_gd32f30x.o
    0x08002d60   0x08002d60   0x00000008   Code   RO         3751    i.system_clock_config  system_gd32f30x.o
    0x08002d68   0x08002d68   0x00000004   Code   RO         2755    i.timer_counter_value_config  gd32f30x_timer.o
    0x08002d6c   0x08002d6c   0x000000dc   Code   RO         2756    i.timer_deinit      gd32f30x_timer.o
    0x08002e48   0x08002e48   0x0000000a   Code   RO         2757    i.timer_disable     gd32f30x_timer.o
    0x08002e52   0x08002e52   0x0000000a   Code   RO         2761    i.timer_enable      gd32f30x_timer.o
    0x08002e5c   0x08002e5c   0x00000098   Code   RO         2771    i.timer_init        gd32f30x_timer.o
    0x08002ef4   0x08002ef4   0x00000008   Code   RO         2777    i.timer_interrupt_disable  gd32f30x_timer.o
    0x08002efc   0x08002efc   0x00000008   Code   RO         2778    i.timer_interrupt_enable  gd32f30x_timer.o
    0x08002f04   0x08002f04   0x00000006   Code   RO         2779    i.timer_interrupt_flag_clear  gd32f30x_timer.o
    0x08002f0a   0x08002f0a   0x00000018   Code   RO         2780    i.timer_interrupt_flag_get  gd32f30x_timer.o
    0x08002f22   0x08002f22   0x00000016   Code   RO         2791    i.timer_struct_para_init  gd32f30x_timer.o
    0x08002f38   0x08002f38   0x00000038   Code   RO          304    i.usMBCRC16         mbcrc.o
    0x08002f70   0x08002f70   0x00000090   Code   RO         3169    i.usart_baudrate_set  gd32f30x_usart.o
    0x08003000   0x08003000   0x0000000a   Code   RO         3172    i.usart_data_receive  gd32f30x_usart.o
    0x0800300a   0x0800300a   0x00000008   Code   RO         3173    i.usart_data_transmit  gd32f30x_usart.o
    0x08003012   0x08003012   0x00000002   PAD
    0x08003014   0x08003014   0x00000090   Code   RO         3174    i.usart_deinit      gd32f30x_usart.o
    0x080030a4   0x080030a4   0x0000000a   Code   RO         3178    i.usart_enable      gd32f30x_usart.o
    0x080030ae   0x080030ae   0x0000001e   Code   RO         3180    i.usart_flag_get    gd32f30x_usart.o
    0x080030cc   0x080030cc   0x0000001a   Code   RO         3186    i.usart_interrupt_disable  gd32f30x_usart.o
    0x080030e6   0x080030e6   0x0000001a   Code   RO         3187    i.usart_interrupt_enable  gd32f30x_usart.o
    0x08003100   0x08003100   0x00000012   Code   RO         3188    i.usart_interrupt_flag_clear  gd32f30x_usart.o
    0x08003112   0x08003112   0x00000038   Code   RO         3189    i.usart_interrupt_flag_get  gd32f30x_usart.o
    0x0800314a   0x0800314a   0x00000014   Code   RO         3202    i.usart_receive_config  gd32f30x_usart.o
    0x0800315e   0x0800315e   0x00000014   Code   RO         3216    i.usart_transmit_config  gd32f30x_usart.o
    0x08003172   0x08003172   0x00000002   PAD
    0x08003174   0x08003174   0x0000006c   Code   RO         1319    i.vMBPortSerialEnable  portserial.o
    0x080031e0   0x080031e0   0x00000028   Code   RO         1426    i.vMBPortTimersDisable  porttimer.o
    0x08003208   0x08003208   0x00000028   Code   RO         1420    i.vMBPortTimersEnable  porttimer.o
    0x08003230   0x08003230   0x00000024   Code   RO         1285    i.xMBPortEventGet   portevent.o
    0x08003254   0x08003254   0x00000010   Code   RO         1286    i.xMBPortEventInit  portevent.o
    0x08003264   0x08003264   0x00000018   Code   RO         1287    i.xMBPortEventPost  portevent.o
    0x0800327c   0x0800327c   0x00000018   Code   RO         1320    i.xMBPortSerialGetByte  portserial.o
    0x08003294   0x08003294   0x00000020   Code   RO         1321    i.xMBPortSerialInit  portserial.o
    0x080032b4   0x080032b4   0x00000018   Code   RO         1322    i.xMBPortSerialPutByte  portserial.o
    0x080032cc   0x080032cc   0x00000048   Code   RO         1396    i.xMBPortTimersInit  porttimer.o
    0x08003314   0x08003314   0x000000d0   Code   RO          323    i.xMBRTUReceiveFSM  mbrtu.o
    0x080033e4   0x080033e4   0x00000080   Code   RO          324    i.xMBRTUTimerT35Expired  mbrtu.o
    0x08003464   0x08003464   0x000000b8   Code   RO          325    i.xMBRTUTransmitFSM  mbrtu.o
    0x0800351c   0x0800351c   0x00000004   Data   RO          117    .constdata          store_app.o
    0x08003520   0x08003520   0x00000010   Data   RO          183    .constdata          modbus_app.o
    0x08003530   0x08003530   0x00000200   Data   RO          305    .constdata          mbcrc.o
    0x08003730   0x08003730   0x000000c8   Data   RO          728    .constdata          ntc_drv.o
    0x080037f8   0x080037f8   0x000001d4   Data   RO          867    .constdata          rh_drv.o
    0x080039cc   0x080039cc   0x00000063   Data   RO          327    .conststring        mbrtu.o
    0x08003a2f   0x08003a2f   0x00000001   PAD
    0x08003a30   0x08003a30   0x00000020   Data   RO         4184    Region$$Table       anon$$obj.o


    Execution Region RW_IRAM1 (Exec base: 0x20000000, Load base: 0x08003a50, Size: 0x00000728, Max: 0x00010000, ABSOLUTE, COMPRESSED[0x00000094])

    Exec Addr    Load Addr    Size         Type   Attr      Idx    E Section Name        Object

    0x20000000   COMPRESSED   0x00000024   Data   RW           45    .data               main.o
    0x20000024   COMPRESSED   0x00000004   Data   RW          118    .data               store_app.o
    0x20000028   COMPRESSED   0x00000040   Data   RW          184    .data               modbus_app.o
    0x20000068   COMPRESSED   0x000000b5   Data   RW          242    .data               mb.o
    0x2000011d   COMPRESSED   0x00000003   PAD
    0x20000120   COMPRESSED   0x0000000c   Data   RW          328    .data               mbrtu.o
    0x2000012c   COMPRESSED   0x00000008   Data   RW          433    .data               modbus_slave.o
    0x20000134   COMPRESSED   0x00000024   Data   RW          642    .data               key_drv.o
    0x20000158   COMPRESSED   0x00000024   Data   RW          679    .data               led_drv.o
    0x2000017c   COMPRESSED   0x00000008   Data   RW          729    .data               ntc_drv.o
    0x20000184   COMPRESSED   0x00000006   Data   RW          868    .data               rh_drv.o
    0x2000018a   COMPRESSED   0x00000006   PAD
    0x20000190   COMPRESSED   0x0000000c   Data   RW         1022    .data               systick.o
    0x2000019c   COMPRESSED   0x0000001c   Data   RW         1068    .data               usb2com_drv.o
    0x200001b8   COMPRESSED   0x00000002   Data   RW         1288    .data               portevent.o
    0x200001ba   COMPRESSED   0x00000002   PAD
    0x200001bc   COMPRESSED   0x00000018   Data   RW         1323    .data               portserial.o
    0x200001d4   COMPRESSED   0x00000004   Data   RW         3863    .data               mc_w.l(stderr.o)
    0x200001d8   COMPRESSED   0x00000004   Data   RW         4152    .data               mc_w.l(stdout.o)
    0x200001dc        -       0x00000100   Zero   RW          326    .bss                mbrtu.o
    0x200002dc   COMPRESSED   0x00000004   PAD
    0x200002e0        -       0x00000030   Zero   RW          641    .bss                key_drv.o
    0x20000310        -       0x00000014   Zero   RW          727    .bss                ntc_drv.o
    0x20000324   COMPRESSED   0x00000004   PAD
    0x20000328        -       0x00000400   Zero   RW         3801    STACK               startup_gd32f30x_hd.o


==============================================================================

Image component sizes


      Code (inc. data)   RO Data    RW Data    ZI Data      Debug   Object Name

       104         18          0          0          0      43323   delay.o
        36          4          0          0          0       1056   eeprom_drv.o
       676          6          0          0          0       9685   gd32f30x_adc.o
       120         12          0          0          0       5462   gd32f30x_bkp.o
       238          0          0          0          0      16296   gd32f30x_gpio.o
        24          0          0          0          0       4188   gd32f30x_it.o
       216         20          0          0          0       1504   gd32f30x_misc.o
        20          6          0          0          0        558   gd32f30x_pmu.o
       952        100          0          0          0      24699   gd32f30x_rcu.o
       156         30          0          0          0       3489   gd32f30x_rtc.o
       106          0          0          0          0      10165   gd32f30x_spi.o
       464         40          0          0          0      22188   gd32f30x_timer.o
       512         16          0          0          0      14789   gd32f30x_usart.o
       164         50          0          0          0       6774   hmi_app.o
       362         14          0         36         48       3069   key_drv.o
       180         14          0         36          0       2550   led_drv.o
       240         16          0         36          0       3763   main.o
       604        130          0        181          0       5706   mb.o
        56          8        512          0          0       1376   mbcrc.o
       302          0          0          0          0       4249   mbfuncholding.o
       968        274         99         12        256       6887   mbrtu.o
        34          0          0          0          0        664   mbutils.o
       406         16         16         64          0       6977   modbus_app.o
        96         10          0          8          0       2756   modbus_slave.o
       736         36          0          0          0       9941   norflash_drv.o
       620         48        200          8         20       8385   ntc_drv.o
        76         24          0          2          0       2420   portevent.o
       440         60          0         24          0       8185   portserial.o
       208         26          0          0          0       2933   porttimer.o
       160         46          0          0          0       1349   retarget_io.o
       784         56        468          6          0       8237   rh_drv.o
       148          6          0          0          0        621   rtc_drv.o
         8          0          0          0          0        537   sensor_app.o
        68          0          0          0          0       2588   sensor_drv.o
        36          8        304          0       1024        868   startup_gd32f30x_hd.o
       372         14          4          4          0       9253   store_app.o
       452         30          0          0          0       2573   system_gd32f30x.o
       172         28          0         12          0      29591   systick.o
       248         26          0         28          0       3809   usb2com_drv.o

    ----------------------------------------------------------------------
     11586       1192       1636        468       1356     293463   Object Totals
         0          0         32          0          0          0   (incl. Generated)
        22          0          1         11          8          0   (incl. Padding)

    ----------------------------------------------------------------------

      Code (inc. data)   RO Data    RW Data    ZI Data      Debug   Library Member Name

        86          0          0          0          0          0   __dczerorl2.o
         0          0          0          0          0          0   entry.o
         0          0          0          0          0          0   entry10a.o
         0          0          0          0          0          0   entry11a.o
         8          4          0          0          0          0   entry2.o
         4          0          0          0          0          0   entry5.o
         0          0          0          0          0          0   entry7b.o
         0          0          0          0          0          0   entry8b.o
         8          4          0          0          0          0   entry9a.o
        24          0          0          0          0         80   fputs.o
        30          0          0          0          0          0   handlers.o
        36          8          0          0          0         68   init.o
        30          0          0          0          0         68   llshl.o
        32          0          0          0          0         68   llushr.o
        36          0          0          0          0         68   memcpya.o
      1154         54          0          0          0        352   printf8.o
       156          0          0          0          0         88   qsort.o
         0          0          0          4          0          0   stderr.o
         0          0          0          4          0          0   stdout.o
        98          0          0          0          0         92   uldiv.o

    ----------------------------------------------------------------------
      1706         70          0          8          0        884   Library Totals
         4          0          0          0          0          0   (incl. Padding)

    ----------------------------------------------------------------------

      Code (inc. data)   RO Data    RW Data    ZI Data      Debug   Library Name

      1702         70          0          8          0        884   mc_w.l

    ----------------------------------------------------------------------
      1706         70          0          8          0        884   Library Totals

    ----------------------------------------------------------------------

==============================================================================


      Code (inc. data)   RO Data    RW Data    ZI Data      Debug   

     13292       1262       1636        476       1356     274615   Grand Totals
     13292       1262       1636        148       1356     274615   ELF Image Totals (compressed)
     13292       1262       1636        148          0          0   ROM Totals

==============================================================================

    Total RO  Size (Code + RO Data)                14928 (  14.58kB)
    Total RW  Size (RW Data + ZI Data)              1832 (   1.79kB)
    Total ROM Size (Code + RO Data + RW Data)      15076 (  14.72kB)

==============================================================================

