Component: ARM Compiler 5.06 update 6 (build 750) Tool: armlink [4d35ed]

==============================================================================

Section Cross References

    main.o(i.AppInit) refers to usb2com_app.o(i.Usb2ComAppInit) for Usb2ComAppInit
    main.o(i.AppInit) refers to systick.o(i.TaskScheduleCbReg) for TaskScheduleCbReg
    main.o(i.AppInit) refers to main.o(i.TaskScheduleCb) for TaskScheduleCb
    main.o(i.DrvInit) refers to led_drv.o(i.LedDrvInit) for LedDrvInit
    main.o(i.DrvInit) refers to delay.o(i.DelayInit) for DelayInit
    main.o(i.DrvInit) refers to usb2com_drv.o(i.Usb2ComDrvInit) for Usb2ComDrvInit
    main.o(i.DrvInit) refers to pwm_drv.o(i.PwmDrvInit) for PwmDrvInit
    main.o(i.DrvInit) refers to capture_drv.o(i.CaptureDrvInit) for CaptureDrvInit
    main.o(i.TaskHandler) refers to main.o(.data) for g_taskComps
    main.o(i.TaskScheduleCb) refers to main.o(.data) for g_taskComps
    main.o(i.main) refers to main.o(i.DrvInit) for DrvInit
    main.o(i.main) refers to capture_drv.o(i.CaptureDrvTest) for CaptureDrvTest
    main.o(.data) refers to hmi_app.o(i.HmiTask) for HmiTask
    main.o(.data) refers to usb2com_app.o(i.Usb2ComTask) for Usb2ComTask
    usb2com_app.o(i.CtrlLed) refers to led_drv.o(i.TurnOnLed) for TurnOnLed
    usb2com_app.o(i.CtrlLed) refers to led_drv.o(i.TurnOffLed) for TurnOffLed
    usb2com_app.o(i.ProcUartData) refers to queue.o(i.QueuePush) for QueuePush
    usb2com_app.o(i.ProcUartData) refers to usb2com_app.o(.bss) for g_rcvQueue
    usb2com_app.o(i.Usb2ComAppInit) refers to usb2com_drv.o(i.regUsb2ComCb) for regUsb2ComCb
    usb2com_app.o(i.Usb2ComAppInit) refers to queue.o(i.QueueInit) for QueueInit
    usb2com_app.o(i.Usb2ComAppInit) refers to usb2com_app.o(i.ProcUartData) for ProcUartData
    usb2com_app.o(i.Usb2ComAppInit) refers to usb2com_app.o(.bss) for g_rcvDataBuff
    usb2com_app.o(i.Usb2ComTask) refers to queue.o(i.QueuePop) for QueuePop
    usb2com_app.o(i.Usb2ComTask) refers to queue.o(i.QueuePopArray) for QueuePopArray
    usb2com_app.o(i.Usb2ComTask) refers to usb2com_app.o(i.CalXorSum) for CalXorSum
    usb2com_app.o(i.Usb2ComTask) refers to usb2com_app.o(i.CtrlLed) for CtrlLed
    usb2com_app.o(i.Usb2ComTask) refers to printf8.o(i.__0printf$8) for __2printf
    usb2com_app.o(i.Usb2ComTask) refers to usb2com_app.o(.bss) for g_rcvQueue
    hmi_app.o(i.HmiTask) refers to key_drv.o(i.GetKeyVal) for GetKeyVal
    hmi_app.o(i.HmiTask) refers to led_drv.o(i.TurnOnLed) for TurnOnLed
    hmi_app.o(i.HmiTask) refers to led_drv.o(i.TurnOffLed) for TurnOffLed
    key_drv.o(i.GetKeyVal) refers to key_drv.o(i.KeyScan) for KeyScan
    key_drv.o(i.KeyDrvInit) refers to gd32f30x_rcu.o(i.rcu_periph_clock_enable) for rcu_periph_clock_enable
    key_drv.o(i.KeyDrvInit) refers to gd32f30x_gpio.o(i.gpio_init) for gpio_init
    key_drv.o(i.KeyDrvInit) refers to key_drv.o(.data) for g_gpioList
    key_drv.o(i.KeyScan) refers to gd32f30x_gpio.o(i.gpio_input_bit_get) for gpio_input_bit_get
    key_drv.o(i.KeyScan) refers to systick.o(i.GetSysRunTime) for GetSysRunTime
    key_drv.o(i.KeyScan) refers to key_drv.o(.data) for g_gpioList
    key_drv.o(i.KeyScan) refers to key_drv.o(.bss) for g_keyInfo
    led_drv.o(i.LedDrvInit) refers to gd32f30x_rcu.o(i.rcu_periph_clock_enable) for rcu_periph_clock_enable
    led_drv.o(i.LedDrvInit) refers to gd32f30x_gpio.o(i.gpio_init) for gpio_init
    led_drv.o(i.LedDrvInit) refers to gd32f30x_gpio.o(i.gpio_bit_reset) for gpio_bit_reset
    led_drv.o(i.LedDrvInit) refers to led_drv.o(.data) for g_gpioList
    led_drv.o(i.ToggleLed) refers to gd32f30x_gpio.o(i.gpio_input_bit_get) for gpio_input_bit_get
    led_drv.o(i.ToggleLed) refers to gd32f30x_gpio.o(i.gpio_bit_write) for gpio_bit_write
    led_drv.o(i.ToggleLed) refers to led_drv.o(.data) for g_gpioList
    led_drv.o(i.TurnOffLed) refers to gd32f30x_gpio.o(i.gpio_bit_reset) for gpio_bit_reset
    led_drv.o(i.TurnOffLed) refers to led_drv.o(.data) for g_gpioList
    led_drv.o(i.TurnOnLed) refers to gd32f30x_gpio.o(i.gpio_bit_set) for gpio_bit_set
    led_drv.o(i.TurnOnLed) refers to led_drv.o(.data) for g_gpioList
    systick.o(i.GetSysRunTime) refers to systick.o(.data) for g_sysRunTime
    systick.o(i.SysTick_Handler) refers to systick.o(.data) for g_sysRunTime
    systick.o(i.SystickInit) refers to gd32f30x_rcu.o(i.rcu_clock_freq_get) for rcu_clock_freq_get
    systick.o(i.TaskScheduleCbReg) refers to systick.o(.data) for g_pTaskScheduleFunc
    usb2com_drv.o(i.USART0_IRQHandler) refers to gd32f30x_usart.o(i.usart_interrupt_flag_get) for usart_interrupt_flag_get
    usb2com_drv.o(i.USART0_IRQHandler) refers to gd32f30x_usart.o(i.usart_interrupt_flag_clear) for usart_interrupt_flag_clear
    usb2com_drv.o(i.USART0_IRQHandler) refers to gd32f30x_usart.o(i.usart_data_receive) for usart_data_receive
    usb2com_drv.o(i.USART0_IRQHandler) refers to usb2com_drv.o(.data) for g_uartHwInfo
[...]
    startup_gd32f30x_hd.o(RESET) refers to timing_drv.o(i.TIMER4_IRQHandler) for TIMER4_IRQHandler
    startup_gd32f30x_hd.o(.text) refers to system_gd32f30x.o(i.SystemInit) for SystemInit
    startup_gd32f30x_hd.o(.text) refers to entry.o(.ARM.Collect$$$$00000000) for __main
    system_gd32f30x.o(i.SystemCoreClockUpdate) refers to system_gd32f30x.o(.data) for SystemCoreClock
    system_gd32f30x.o(i.SystemInit) refers to system_gd32f30x.o(i.system_clock_config) for system_clock_config
    system_gd32f30x.o(i.system_clock_config) refers to system_gd32f30x.o(i.system_clock_120m_hxtal) for system_clock_120m_hxtal
    entry.o(.ARM.Collect$$$$00000000) refers (Special) to entry10a.o(.ARM.Collect$$$$0000000D) for __rt_final_cpp
    entry.o(.ARM.Collect$$$$00000000) refers (Special) to entry11a.o(.ARM.Collect$$$$0000000F) for __rt_final_exit
    entry.o(.ARM.Collect$$$$00000000) refers (Special) to entry7b.o(.ARM.Collect$$$$00000008) for _main_clock
    entry.o(.ARM.Collect$$$$00000000) refers (Special) to entry8b.o(.ARM.Collect$$$$0000000A) for _main_cpp_init
    entry.o(.ARM.Collect$$$$00000000) refers (Special) to entry9a.o(.ARM.Collect$$$$0000000B) for _main_init
    entry.o(.ARM.Collect$$$$00000000) refers (Special) to entry5.o(.ARM.Collect$$$$00000004) for _main_scatterload
    entry.o(.ARM.Collect$$$$00000000) refers (Special) to entry2.o(.ARM.Collect$$$$00000001) for _main_stk
    printfb.o(i.__0fprintf$bare) refers to printfb.o(i._printf_core) for _printf_core
    printfb.o(i.__0fprintf$bare) refers to usb2com_drv.o(i.fputc) for fputc
    printfb.o(i.__0printf$bare) refers to printfb.o(i._printf_core) for _printf_core
    printfb.o(i.__0printf$bare) refers to usb2com_drv.o(i.fputc) for fputc
    printfb.o(i.__0printf$bare) refers to stdout.o(.data) for __stdout
    printfb.o(i.__0snprintf$bare) refers to printfb.o(i._printf_core) for _printf_core
    printfb.o(i.__0snprintf$bare) refers to printfb.o(i._snputc) for _snputc
    printfb.o(i.__0sprintf$bare) refers to printfb.o(i._printf_core) for _printf_core
    printfb.o(i.__0sprintf$bare) refers to printfb.o(i._sputc) for _sputc
    printfb.o(i.__0vfprintf$bare) refers to printfb.o(i._printf_core) for _printf_core
    printfb.o(i.__0vfprintf$bare) refers to usb2com_drv.o(i.fputc) for fputc
    printfb.o(i.__0vprintf$bare) refers to printfb.o(i._printf_core) for _printf_core
    printfb.o(i.__0vprintf$bare) refers to usb2com_drv.o(i.fputc) for fputc
    printfb.o(i.__0vprintf$bare) refers to stdout.o(.data) for __stdout
    printfb.o(i.__0vsnprintf$bare) refers to printfb.o(i._printf_core) for _printf_core
    printfb.o(i.__0vsnprintf$bare) refers to printfb.o(i._snputc) for _snputc
    printfb.o(i.__0vsprintf$bare) refers to printfb.o(i._printf_core) for _printf_core
    printfb.o(i.__0vsprintf$bare) refers to printfb.o(i._sputc) for _sputc
    printf0.o(i.__0fprintf$0) refers to printf0.o(i._printf_core) for _printf_core
    printf0.o(i.__0fprintf$0) refers to usb2com_drv.o(i.fputc) for fputc
    printf0.o(i.__0printf$0) refers to printf0.o(i._printf_core) for _printf_core
    printf0.o(i.__0printf$0) refers to usb2com_drv.o(i.fputc) for fputc
    printf0.o(i.__0printf$0) refers to stdout.o(.data) for __stdout
    printf0.o(i.__0snprintf$0) refers to printf0.o(i._printf_core) for _printf_core
    printf0.o(i.__0snprintf$0) refers to printf0.o(i._snputc) for _snputc
    printf0.o(i.__0sprintf$0) refers to printf0.o(i._printf_core) for _printf_core
    printf0.o(i.__0sprintf$0) refers to printf0.o(i._sputc) for _sputc
    printf0.o(i.__0vfprintf$0) refers to printf0.o(i._printf_core) for _printf_core
    printf0.o(i.__0vfprintf$0) refers to usb2com_drv.o(i.fputc) for fputc
    printf0.o(i.__0vprintf$0) refers to printf0.o(i._printf_core) for _printf_core
    printf0.o(i.__0vprintf$0) refers to usb2com_drv.o(i.fputc) for fputc
    printf0.o(i.__0vprintf$0) refers to stdout.o(.data) for __stdout
    printf0.o(i.__0vsnprintf$0) refers to printf0.o(i._printf_core) for _printf_core
    printf0.o(i.__0vsnprintf$0) refers to printf0.o(i._snputc) for _snputc
    printf0.o(i.__0vsprintf$0) refers to printf0.o(i._printf_core) for _printf_core
    printf0.o(i.__0vsprintf$0) refers to printf0.o(i._sputc) for _sputc
    printf1.o(i.__0fprintf$1) refers to printf1.o(i._printf_core) for _printf_core
    printf1.o(i.__0fprintf$1) refers to usb2com_drv.o(i.fputc) for fputc
    printf1.o(i.__0printf$1) refers to printf1.o(i._printf_core) for _printf_core
    printf1.o(i.__0printf$1) refers to usb2com_drv.o(i.fputc) for fputc
    printf1.o(i.__0printf$1) refers to stdout.o(.data) for __stdout
    printf1.o(i.__0snprintf$1) refers to printf1.o(i._printf_core) for _printf_core
    printf1.o(i.__0snprintf$1) refers to printf1.o(i._snputc) for _snputc
    printf1.o(i.__0sprintf$1) refers to printf1.o(i._printf_core) for _printf_core
    printf1.o(i.__0sprintf$1) refers to printf1.o(i._sputc) for _sputc
    printf1.o(i.__0vfprintf$1) refers to printf1.o(i._printf_core) for _printf_core
    printf1.o(i.__0vfprintf$1) refers to usb2com_drv.o(i.fputc) for fputc
    printf1.o(i.__0vprintf$1) refers to printf1.o(i._printf_core) for _printf_core
    printf1.o(i.__0vprintf$1) refers to usb2com_drv.o(i.fputc) for fputc
    printf1.o(i.__0vprintf$1) refers to stdout.o(.data) for __stdout
    printf1.o(i.__0vsnprintf$1) refers to printf1.o(i._printf_core) for _printf_core
    printf1.o(i.__0vsnprintf$1) refers to printf1.o(i._snputc) for _snputc
    printf1.o(i.__0vsprintf$1) refers to printf1.o(i._printf_core) for _printf_core
    printf1.o(i.__0vsprintf$1) refers to printf1.o(i._sputc) for _sputc
    printf1.o(i._printf_core) refers to uidiv.o(.text) for __aeabi_uidivmod
    printf2.o(i.__0fprintf$2) refers to printf2.o(i._printf_core) for _printf_core
    printf2.o(i.__0fprintf$2) refers to usb2com_drv.o(i.fputc) for fputc
    printf2.o(i.__0printf$2) refers to printf2.o(i._printf_core) for _printf_core
    printf2.o(i.__0printf$2) refers to usb2com_drv.o(i.fputc) for fputc
    printf2.o(i.__0printf$2) refers to stdout.o(.data) for __stdout
    printf2.o(i.__0snprintf$2) refers to printf2.o(i._printf_core) for _printf_core
    printf2.o(i.__0snprintf$2) refers to printf2.o(i._snputc) for _snputc
    printf2.o(i.__0sprintf$2) refers to printf2.o(i._printf_core) for _printf_core
    printf2.o(i.__0sprintf$2) refers to printf2.o(i._sputc) for _sputc
    printf2.o(i.__0vfprintf$2) refers to printf2.o(i._printf_core) for _printf_core
    printf2.o(i.__0vfprintf$2) refers to usb2com_drv.o(i.fputc) for fputc
    printf2.o(i.__0vprintf$2) refers to printf2.o(i._printf_core) for _printf_core
    printf2.o(i.__0vprintf$2) refers to usb2com_drv.o(i.fputc) for fputc
    printf2.o(i.__0vprintf$2) refers to stdout.o(.data) for __stdout
    printf2.o(i.__0vsnprintf$2) refers to printf2.o(i._printf_core) for _printf_core
    printf2.o(i.__0vsnprintf$2) refers to printf2.o(i._snputc) for _snputc
    printf2.o(i.__0vsprintf$2) refers to printf2.o(i._printf_core) for _printf_core
    printf2.o(i.__0vsprintf$2) refers to printf2.o(i._sputc) for _sputc
    printf3.o(i.__0fprintf$3) refers to printf3.o(i._printf_core) for _printf_core
    printf3.o(i.__0fprintf$3) refers to usb2com_drv.o(i.fputc) for fputc
    printf3.o(i.__0printf$3) refers to printf3.o(i._printf_core) for _printf_core
    printf3.o(i.__0printf$3) refers to usb2com_drv.o(i.fputc) for fputc
    printf3.o(i.__0printf$3) refers to stdout.o(.data) for __stdout
    printf3.o(i.__0snprintf$3) refers to printf3.o(i._printf_core) for _printf_core
    printf3.o(i.__0snprintf$3) refers to printf3.o(i._snputc) for _snputc
    printf3.o(i.__0sprintf$3) refers to printf3.o(i._printf_core) for _printf_core
    printf3.o(i.__0sprintf$3) refers to printf3.o(i._sputc) for _sputc
    printf3.o(i.__0vfprintf$3) refers to printf3.o(i._printf_core) for _printf_core
    printf3.o(i.__0vfprintf$3) refers to usb2com_drv.o(i.fputc) for fputc
    printf3.o(i.__0vprintf$3) refers to printf3.o(i._printf_core) for _printf_core
    printf3.o(i.__0vprintf$3) refers to usb2com_drv.o(i.fputc) for fputc
    printf3.o(i.__0vprintf$3) refers to stdout.o(.data) for __stdout
    printf3.o(i.__0vsnprintf$3) refers to printf3.o(i._printf_core) for _printf_core
    printf3.o(i.__0vsnprintf$3) refers to printf3.o(i._snputc) for _snputc
    printf3.o(i.__0vsprintf$3) refers to printf3.o(i._printf_core) for _printf_core
    printf3.o(i.__0vsprintf$3) refers to printf3.o(i._sputc) for _sputc
    printf3.o(i._printf_core) refers to uidiv.o(.text) for __aeabi_uidivmod
    printf4.o(i.__0fprintf$4) refers to printf4.o(i._printf_core) for _printf_core
    printf4.o(i.__0fprintf$4) refers to usb2com_drv.o(i.fputc) for fputc
    printf4.o(i.__0printf$4) refers to printf4.o(i._printf_core) for _printf_core
    printf4.o(i.__0printf$4) refers to usb2com_drv.o(i.fputc) for fputc
    printf4.o(i.__0printf$4) refers to stdout.o(.data) for __stdout
    printf4.o(i.__0snprintf$4) refers to printf4.o(i._printf_core) for _printf_core
    printf4.o(i.__0snprintf$4) refers to printf4.o(i._snputc) for _snputc
    printf4.o(i.__0sprintf$4) refers to printf4.o(i._printf_core) for _printf_core
    printf4.o(i.__0sprintf$4) refers to printf4.o(i._sputc) for _sputc
    printf4.o(i.__0vfprintf$4) refers to printf4.o(i._printf_core) for _printf_core
    printf4.o(i.__0vfprintf$4) refers to usb2com_drv.o(i.fputc) for fputc
    printf4.o(i.__0vprintf$4) refers to printf4.o(i._printf_core) for _printf_core
    printf4.o(i.__0vprintf$4) refers to usb2com_drv.o(i.fputc) for fputc
    printf4.o(i.__0vprintf$4) refers to stdout.o(.data) for __stdout
    printf4.o(i.__0vsnprintf$4) refers to printf4.o(i._printf_core) for _printf_core
    printf4.o(i.__0vsnprintf$4) refers to printf4.o(i._snputc) for _snputc
    printf4.o(i.__0vsprintf$4) refers to printf4.o(i._printf_core) for _printf_core
    printf4.o(i.__0vsprintf$4) refers to printf4.o(i._sputc) for _sputc
    printf4.o(i._printf_core) refers to uldiv.o(.text) for __aeabi_uldivmod
    printf5.o(i.__0fprintf$5) refers to printf5.o(i._printf_core) for _printf_core
    printf5.o(i.__0fprintf$5) refers to usb2com_drv.o(i.fputc) for fputc
    printf5.o(i.__0printf$5) refers to printf5.o(i._printf_core) for _printf_core
    printf5.o(i.__0printf$5) refers to usb2com_drv.o(i.fputc) for fputc
    printf5.o(i.__0printf$5) refers to stdout.o(.data) for __stdout
    printf5.o(i.__0snprintf$5) refers to printf5.o(i._printf_core) for _printf_core
    printf5.o(i.__0snprintf$5) refers to printf5.o(i._snputc) for _snputc
    printf5.o(i.__0sprintf$5) refers to printf5.o(i._printf_core) for _printf_core
    printf5.o(i.__0sprintf$5) refers to printf5.o(i._sputc) for _sputc
    printf5.o(i.__0vfprintf$5) refers to printf5.o(i._printf_core) for _printf_core
    printf5.o(i.__0vfprintf$5) refers to usb2com_drv.o(i.fputc) for fputc
    printf5.o(i.__0vprintf$5) refers to printf5.o(i._printf_core) for _printf_core
    printf5.o(i.__0vprintf$5) refers to usb2com_drv.o(i.fputc) for fputc
    printf5.o(i.__0vprintf$5) refers to stdout.o(.data) for __stdout
    printf5.o(i.__0vsnprintf$5) refers to printf5.o(i._printf_core) for _printf_core
    printf5.o(i.__0vsnprintf$5) refers to printf5.o(i._snputc) for _snputc
    printf5.o(i.__0vsprintf$5) refers to printf5.o(i._printf_core) for _printf_core
    printf5.o(i.__0vsprintf$5) refers to printf5.o(i._sputc) for _sputc
    printf5.o(i._printf_core) refers to uldiv.o(.text) for __aeabi_uldivmod
    printf6.o(i.__0fprintf$6) refers to printf6.o(i._printf_core) for _printf_core
    printf6.o(i.__0fprintf$6) refers to usb2com_drv.o(i.fputc) for fputc
    printf6.o(i.__0printf$6) refers to printf6.o(i._printf_core) for _printf_core
    printf6.o(i.__0printf$6) refers to usb2com_drv.o(i.fputc) for fputc
    printf6.o(i.__0printf$6) refers to stdout.o(.data) for __stdout
    printf6.o(i.__0snprintf$6) refers to printf6.o(i._printf_core) for _printf_core
    printf6.o(i.__0snprintf$6) refers to printf6.o(i._snputc) for _snputc
    printf6.o(i.__0sprintf$6) refers to printf6.o(i._printf_core) for _printf_core
    printf6.o(i.__0sprintf$6) refers to printf6.o(i._sputc) for _sputc
    printf6.o(i.__0vfprintf$6) refers to printf6.o(i._printf_core) for _printf_core
    printf6.o(i.__0vfprintf$6) refers to usb2com_drv.o(i.fputc) for fputc
    printf6.o(i.__0vprintf$6) refers to printf6.o(i._printf_core) for _printf_core
    printf6.o(i.__0vprintf$6) refers to usb2com_drv.o(i.fputc) for fputc
    printf6.o(i.__0vprintf$6) refers to stdout.o(.data) for __stdout
    printf6.o(i.__0vsnprintf$6) refers to printf6.o(i._printf_core) for _printf_core
    printf6.o(i.__0vsnprintf$6) refers to printf6.o(i._snputc) for _snputc
    printf6.o(i.__0vsprintf$6) refers to printf6.o(i._printf_core) for _printf_core
    printf6.o(i.__0vsprintf$6) refers to printf6.o(i._sputc) for _sputc
    printf6.o(i._printf_core) refers to printf6.o(i._printf_pre_padding) for _printf_pre_padding
    printf6.o(i._printf_core) refers to uidiv.o(.text) for __aeabi_uidivmod
    printf6.o(i._printf_core) refers to printf6.o(i._printf_post_padding) for _printf_post_padding
    printf7.o(i.__0fprintf$7) refers to printf7.o(i._printf_core) for _printf_core
    printf7.o(i.__0fprintf$7) refers to usb2com_drv.o(i.fputc) for fputc
    printf7.o(i.__0printf$7) refers to printf7.o(i._printf_core) for _printf_core
    printf7.o(i.__0printf$7) refers to usb2com_drv.o(i.fputc) for fputc
    printf7.o(i.__0printf$7) refers to stdout.o(.data) for __stdout
    printf7.o(i.__0snprintf$7) refers to printf7.o(i._printf_core) for _printf_core
    printf7.o(i.__0snprintf$7) refers to printf7.o(i._snputc) for _snputc
    printf7.o(i.__0sprintf$7) refers to printf7.o(i._printf_core) for _printf_core
    printf7.o(i.__0sprintf$7) refers to printf7.o(i._sputc) for _sputc
    printf7.o(i.__0vfprintf$7) refers to printf7.o(i._printf_core) for _printf_core
    printf7.o(i.__0vfprintf$7) refers to usb2com_drv.o(i.fputc) for fputc
    printf7.o(i.__0vprintf$7) refers to printf7.o(i._printf_core) for _printf_core
    printf7.o(i.__0vprintf$7) refers to usb2com_drv.o(i.fputc) for fputc
    printf7.o(i.__0vprintf$7) refers to stdout.o(.data) for __stdout
    printf7.o(i.__0vsnprintf$7) refers to printf7.o(i._printf_core) for _printf_core
    printf7.o(i.__0vsnprintf$7) refers to printf7.o(i._snputc) for _snputc
    printf7.o(i.__0vsprintf$7) refers to printf7.o(i._printf_core) for _printf_core
    printf7.o(i.__0vsprintf$7) refers to printf7.o(i._sputc) for _sputc
    printf7.o(i._printf_core) refers to printf7.o(i._printf_pre_padding) for _printf_pre_padding
    printf7.o(i._printf_core) refers to uldiv.o(.text) for __aeabi_uldivmod
    printf7.o(i._printf_core) refers to printf7.o(i._printf_post_padding) for _printf_post_padding
    printf8.o(i.__0fprintf$8) refers to printf8.o(i._printf_core) for _printf_core
    printf8.o(i.__0fprintf$8) refers to usb2com_drv.o(i.fputc) for fputc
    printf8.o(i.__0printf$8) refers to printf8.o(i._printf_core) for _printf_core
    printf8.o(i.__0printf$8) refers to usb2com_drv.o(i.fputc) for fputc
    printf8.o(i.__0printf$8) refers to stdout.o(.data) for __stdout
    printf8.o(i.__0snprintf$8) refers to printf8.o(i._printf_core) for _printf_core
    printf8.o(i.__0snprintf$8) refers to printf8.o(i._snputc) for _snputc
    printf8.o(i.__0sprintf$8) refers to printf8.o(i._printf_core) for _printf_core
    printf8.o(i.__0sprintf$8) refers to printf8.o(i._sputc) for _sputc
    printf8.o(i.__0vfprintf$8) refers to printf8.o(i._printf_core) for _printf_core
    printf8.o(i.__0vfprintf$8) refers to usb2com_drv.o(i.fputc) for fputc
    printf8.o(i.__0vprintf$8) refers to printf8.o(i._printf_core) for _printf_core
    printf8.o(i.__0vprintf$8) refers to usb2com_drv.o(i.fputc) for fputc
    printf8.o(i.__0vprintf$8) refers to stdout.o(.data) for __stdout
    printf8.o(i.__0vsnprintf$8) refers to printf8.o(i._printf_core) for _printf_core
    printf8.o(i.__0vsnprintf$8) refers to printf8.o(i._snputc) for _snputc
    printf8.o(i.__0vsprintf$8) refers to printf8.o(i._printf_core) for _printf_core
    printf8.o(i.__0vsprintf$8) refers to printf8.o(i._sputc) for _sputc
    printf8.o(i._printf_core) refers to printf8.o(i._printf_pre_padding) for _printf_pre_padding
    printf8.o(i._printf_core) refers to uldiv.o(.text) for __aeabi_uldivmod
    printf8.o(i._printf_core) refers to printf8.o(i._printf_post_padding) for _printf_post_padding
    printfa.o(i.__0fprintf) refers (Special) to iusefp.o(.text) for __I$use$fp
    printfa.o(i.__0fprintf) refers to printfa.o(i._printf_core) for _printf_core
    printfa.o(i.__0fprintf) refers to usb2com_drv.o(i.fputc) for fputc
    printfa.o(i.__0printf) refers (Special) to iusefp.o(.text) for __I$use$fp
    printfa.o(i.__0printf) refers to printfa.o(i._printf_core) for _printf_core
    printfa.o(i.__0printf) refers to usb2com_drv.o(i.fputc) for fputc
    printfa.o(i.__0printf) refers to stdout.o(.data) for __stdout
    printfa.o(i.__0snprintf) refers (Special) to iusefp.o(.text) for __I$use$fp
    printfa.o(i.__0snprintf) refers to printfa.o(i._printf_core) for _printf_core
    printfa.o(i.__0snprintf) refers to printfa.o(i._snputc) for _snputc
    printfa.o(i.__0sprintf) refers (Special) to iusefp.o(.text) for __I$use$fp
    printfa.o(i.__0sprintf) refers to printfa.o(i._printf_core) for _printf_core
    printfa.o(i.__0sprintf) refers to printfa.o(i._sputc) for _sputc
    printfa.o(i.__0vfprintf) refers (Special) to iusefp.o(.text) for __I$use$fp
    printfa.o(i.__0vfprintf) refers to printfa.o(i._printf_core) for _printf_core
    printfa.o(i.__0vfprintf) refers to usb2com_drv.o(i.fputc) for fputc
    printfa.o(i.__0vprintf) refers (Special) to iusefp.o(.text) for __I$use$fp
    printfa.o(i.__0vprintf) refers to printfa.o(i._printf_core) for _printf_core
    printfa.o(i.__0vprintf) refers to usb2com_drv.o(i.fputc) for fputc
    printfa.o(i.__0vprintf) refers to stdout.o(.data) for __stdout
    printfa.o(i.__0vsnprintf) refers (Special) to iusefp.o(.text) for __I$use$fp
    printfa.o(i.__0vsnprintf) refers to printfa.o(i._printf_core) for _printf_core
    printfa.o(i.__0vsnprintf) refers to printfa.o(i._snputc) for _snputc
    printfa.o(i.__0vsprintf) refers (Special) to iusefp.o(.text) for __I$use$fp
    printfa.o(i.__0vsprintf) refers to printfa.o(i._printf_core) for _printf_core
    printfa.o(i.__0vsprintf) refers to printfa.o(i._sputc) for _sputc
    printfa.o(i._fp_digits) refers (Special) to iusefp.o(.text) for __I$use$fp
    printfa.o(i._fp_digits) refers to dmul.o(.text) for __aeabi_dmul
    printfa.o(i._fp_digits) refers to ddiv.o(.text) for __aeabi_ddiv
    printfa.o(i._fp_digits) refers to cdrcmple.o(.text) for __aeabi_cdrcmple
    printfa.o(i._fp_digits) refers to dadd.o(.text) for __aeabi_dadd
    printfa.o(i._fp_digits) refers to dfixul.o(.text) for __aeabi_d2ulz
    printfa.o(i._fp_digits) refers to uldiv.o(.text) for __aeabi_uldivmod
    printfa.o(i._printf_core) refers (Special) to iusefp.o(.text) for __I$use$fp
    printfa.o(i._printf_core) refers to printfa.o(i._printf_pre_padding) for _printf_pre_padding
    printfa.o(i._printf_core) refers to uldiv.o(.text) for __aeabi_uldivmod
    printfa.o(i._printf_core) refers to printfa.o(i._printf_post_padding) for _printf_post_padding
    printfa.o(i._printf_core) refers to printfa.o(i._fp_digits) for _fp_digits
    printfa.o(i._printf_core) refers to uidiv.o(.text) for __aeabi_uidivmod
    printfa.o(i._printf_post_padding) refers (Special) to iusefp.o(.text) for __I$use$fp
    printfa.o(i._printf_pre_padding) refers (Special) to iusefp.o(.text) for __I$use$fp
    printfa.o(i._snputc) refers (Special) to iusefp.o(.text) for __I$use$fp
    printfa.o(i._sputc) refers (Special) to iusefp.o(.text) for __I$use$fp
    entry2.o(.ARM.Collect$$$$00000001) refers to entry2.o(.ARM.Collect$$$$00002712) for __lit__00000000
    entry2.o(.ARM.Collect$$$$00002712) refers to startup_gd32f30x_hd.o(STACK) for __initial_sp
    entry2.o(__vectab_stack_and_reset_area) refers to startup_gd32f30x_hd.o(STACK) for __initial_sp
    entry2.o(__vectab_stack_and_reset_area) refers to entry.o(.ARM.Collect$$$$00000000) for __main
    entry5.o(.ARM.Collect$$$$00000004) refers to init.o(.text) for __scatterload
    entry9a.o(.ARM.Collect$$$$0000000B) refers to main.o(i.main) for main
    entry9b.o(.ARM.Collect$$$$0000000C) refers to main.o(i.main) for main
    uldiv.o(.text) refers to llushr.o(.text) for __aeabi_llsr
    uldiv.o(.text) refers to llshl.o(.text) for __aeabi_llsl
    dadd.o(.text) refers to llshl.o(.text) for __aeabi_llsl
    dadd.o(.text) refers to llsshr.o(.text) for __aeabi_lasr
    dadd.o(.text) refers to depilogue.o(.text) for _double_epilogue
    dmul.o(.text) refers to depilogue.o(.text) for _double_epilogue
    ddiv.o(.text) refers to depilogue.o(.text) for _double_round
    dfixul.o(.text) refers to llushr.o(.text) for __aeabi_llsr
    dfixul.o(.text) refers to llshl.o(.text) for __aeabi_llsl
    init.o(.text) refers to entry5.o(.ARM.Collect$$$$00000004) for __main_after_scatterload
    depilogue.o(.text) refers to llshl.o(.text) for __aeabi_llsl
    depilogue.o(.text) refers to llushr.o(.text) for __aeabi_llsr


==============================================================================

Removing Unused input sections from the image.

    Removing main.o(i.AppInit), (20 bytes).
    Removing main.o(i.TaskHandler), (56 bytes).
    Removing main.o(i.TaskScheduleCb), (104 bytes).
    Removing main.o(.data), (24 bytes).
    Removing usb2com_app.o(.rev16_text), (4 bytes).
    Removing usb2com_app.o(.revsh_text), (4 bytes).
    Removing usb2com_app.o(i.CalXorSum), (24 bytes).
    Removing usb2com_app.o(i.CtrlLed), (24 bytes).
    Removing usb2com_app.o(i.ProcUartData), (20 bytes).
    Removing usb2com_app.o(i.Usb2ComAppInit), (32 bytes).
    Removing usb2com_app.o(i.Usb2ComTask), (204 bytes).
    Removing usb2com_app.o(.bss), (96 bytes).
    Removing hmi_app.o(i.HmiTask), (140 bytes).
    Removing key_drv.o(.rev16_text), (4 bytes).
    Removing key_drv.o(.revsh_text), (4 bytes).
    Removing key_drv.o(i.GetKeyVal), (34 bytes).
    Removing key_drv.o(i.KeyDrvInit), (64 bytes).
    Removing key_drv.o(i.KeyScan), (264 bytes).
    Removing key_drv.o(.bss), (64 bytes).
    Removing key_drv.o(.data), (48 bytes).
    Removing led_drv.o(.rev16_text), (4 bytes).
    Removing led_drv.o(.revsh_text), (4 bytes).
    Removing led_drv.o(i.TurnOffLed), (44 bytes).
    Removing led_drv.o(i.TurnOnLed), (44 bytes).
    Removing systick.o(.rev16_text), (4 bytes).
    Removing systick.o(.revsh_text), (4 bytes).
    Removing systick.o(i.GetSysRunTime), (12 bytes).
    Removing systick.o(i.SystickInit), (100 bytes).
    Removing systick.o(i.TaskScheduleCbReg), (12 bytes).
    Removing usb2com_drv.o(.rev16_text), (4 bytes).
    Removing usb2com_drv.o(.revsh_text), (4 bytes).
    Removing usb2com_drv.o(i.regUsb2ComCb), (12 bytes).
    Removing delay.o(.rev16_text), (4 bytes).
    Removing delay.o(.revsh_text), (4 bytes).
    Removing queue.o(.rev16_text), (4 bytes).
    Removing queue.o(.revsh_text), (4 bytes).
    Removing queue.o(i.QueueCount), (30 bytes).
    Removing queue.o(i.QueueInit), (12 bytes).
    Removing queue.o(i.QueuePop), (44 bytes).
    Removing queue.o(i.QueuePopArray), (38 bytes).
    Removing queue.o(i.QueuePush), (40 bytes).
    Removing queue.o(i.QueuePushArray), (38 bytes).
    Removing timing_drv.o(.rev16_text), (4 bytes).
    Removing timing_drv.o(.revsh_text), (4 bytes).
    Removing timing_drv.o(i.TimerInit), (72 bytes).
    Removing timing_drv.o(i.TimingDrvInit), (12 bytes).
    Removing pwm_drv.o(.rev16_text), (4 bytes).
    Removing pwm_drv.o(.revsh_text), (4 bytes).
    Removing pwm_drv.o(i.PwmDrvTest), (64 bytes).
    Removing capture_drv.o(.rev16_text), (4 bytes).
    Removing capture_drv.o(.revsh_text), (4 bytes).
    Removing gd32f30x_gpio.o(.rev16_text), (4 bytes).
    Removing gd32f30x_gpio.o(.revsh_text), (4 bytes).
    Removing gd32f30x_gpio.o(i.gpio_afio_deinit), (20 bytes).
    Removing gd32f30x_gpio.o(i.gpio_bit_set), (4 bytes).
    Removing gd32f30x_gpio.o(i.gpio_compensation_config), (24 bytes).
    Removing gd32f30x_gpio.o(i.gpio_compensation_flag_get), (24 bytes).
    Removing gd32f30x_gpio.o(i.gpio_deinit), (196 bytes).
    Removing gd32f30x_gpio.o(i.gpio_event_output_config), (28 bytes).
    Removing gd32f30x_gpio.o(i.gpio_event_output_disable), (20 bytes).
    Removing gd32f30x_gpio.o(i.gpio_event_output_enable), (20 bytes).
    Removing gd32f30x_gpio.o(i.gpio_exti_source_select), (152 bytes).
    Removing gd32f30x_gpio.o(i.gpio_input_port_get), (8 bytes).
    Removing gd32f30x_gpio.o(i.gpio_output_bit_get), (16 bytes).
    Removing gd32f30x_gpio.o(i.gpio_output_port_get), (8 bytes).
    Removing gd32f30x_gpio.o(i.gpio_pin_lock), (18 bytes).
    Removing gd32f30x_gpio.o(i.gpio_pin_remap_config), (144 bytes).
    Removing gd32f30x_gpio.o(i.gpio_port_write), (4 bytes).
    Removing gd32f30x_rcu.o(.rev16_text), (4 bytes).
    Removing gd32f30x_rcu.o(.revsh_text), (4 bytes).
    Removing gd32f30x_rcu.o(i.rcu_adc_clock_config), (108 bytes).
    Removing gd32f30x_rcu.o(i.rcu_ahb_clock_config), (24 bytes).
    Removing gd32f30x_rcu.o(i.rcu_all_reset_flag_clear), (20 bytes).
    Removing gd32f30x_rcu.o(i.rcu_apb1_clock_config), (24 bytes).
    Removing gd32f30x_rcu.o(i.rcu_apb2_clock_config), (24 bytes).
    Removing gd32f30x_rcu.o(i.rcu_bkp_reset_disable), (20 bytes).
    Removing gd32f30x_rcu.o(i.rcu_bkp_reset_enable), (20 bytes).
    Removing gd32f30x_rcu.o(i.rcu_ck48m_clock_config), (28 bytes).
    Removing gd32f30x_rcu.o(i.rcu_ckout0_config), (24 bytes).
    Removing gd32f30x_rcu.o(i.rcu_deepsleep_voltage_set), (16 bytes).
    Removing gd32f30x_rcu.o(i.rcu_deinit), (120 bytes).
    Removing gd32f30x_rcu.o(i.rcu_flag_get), (36 bytes).
    Removing gd32f30x_rcu.o(i.rcu_hxtal_clock_monitor_disable), (20 bytes).
    Removing gd32f30x_rcu.o(i.rcu_hxtal_clock_monitor_enable), (20 bytes).
    Removing gd32f30x_rcu.o(i.rcu_interrupt_disable), (32 bytes).
    Removing gd32f30x_rcu.o(i.rcu_interrupt_enable), (32 bytes).
    Removing gd32f30x_rcu.o(i.rcu_interrupt_flag_clear), (32 bytes).
    Removing gd32f30x_rcu.o(i.rcu_interrupt_flag_get), (36 bytes).
    Removing gd32f30x_rcu.o(i.rcu_irc8m_adjust_value_set), (28 bytes).
    Removing gd32f30x_rcu.o(i.rcu_lxtal_drive_capability_config), (24 bytes).
    Removing gd32f30x_rcu.o(i.rcu_osci_bypass_mode_disable), (100 bytes).
    Removing gd32f30x_rcu.o(i.rcu_osci_bypass_mode_enable), (100 bytes).
    Removing gd32f30x_rcu.o(i.rcu_osci_off), (32 bytes).
    Removing gd32f30x_rcu.o(i.rcu_osci_on), (32 bytes).
    Removing gd32f30x_rcu.o(i.rcu_osci_stab_wait), (272 bytes).
    Removing gd32f30x_rcu.o(i.rcu_periph_clock_disable), (32 bytes).
    Removing gd32f30x_rcu.o(i.rcu_periph_clock_sleep_disable), (32 bytes).
    Removing gd32f30x_rcu.o(i.rcu_periph_clock_sleep_enable), (32 bytes).
    Removing gd32f30x_rcu.o(i.rcu_pll_config), (32 bytes).
    Removing gd32f30x_rcu.o(i.rcu_pllpresel_config), (24 bytes).
    Removing gd32f30x_rcu.o(i.rcu_predv0_config), (32 bytes).
    Removing gd32f30x_rcu.o(i.rcu_rtc_clock_config), (24 bytes).
    Removing gd32f30x_rcu.o(i.rcu_system_clock_source_config), (24 bytes).
    Removing gd32f30x_rcu.o(i.rcu_system_clock_source_get), (16 bytes).
    Removing gd32f30x_rcu.o(i.rcu_usb_clock_config), (24 bytes).
    Removing gd32f30x_exti.o(.rev16_text), (4 bytes).
    Removing gd32f30x_exti.o(.revsh_text), (4 bytes).
    Removing gd32f30x_exti.o(i.exti_deinit), (28 bytes).
    Removing gd32f30x_exti.o(i.exti_event_disable), (16 bytes).
    Removing gd32f30x_exti.o(i.exti_event_enable), (16 bytes).
    Removing gd32f30x_exti.o(i.exti_flag_clear), (12 bytes).
    Removing gd32f30x_exti.o(i.exti_flag_get), (24 bytes).
    Removing gd32f30x_exti.o(i.exti_init), (188 bytes).
    Removing gd32f30x_exti.o(i.exti_interrupt_disable), (16 bytes).
    Removing gd32f30x_exti.o(i.exti_interrupt_enable), (16 bytes).
    Removing gd32f30x_exti.o(i.exti_interrupt_flag_clear), (12 bytes).
    Removing gd32f30x_exti.o(i.exti_interrupt_flag_get), (24 bytes).
    Removing gd32f30x_exti.o(i.exti_software_interrupt_disable), (16 bytes).
    Removing gd32f30x_exti.o(i.exti_software_interrupt_enable), (16 bytes).
    Removing gd32f30x_misc.o(.rev16_text), (4 bytes).
    Removing gd32f30x_misc.o(.revsh_text), (4 bytes).
    Removing gd32f30x_misc.o(i.nvic_irq_disable), (24 bytes).
    Removing gd32f30x_misc.o(i.nvic_vector_table_set), (24 bytes).
    Removing gd32f30x_misc.o(i.system_lowpower_reset), (16 bytes).
    Removing gd32f30x_misc.o(i.system_lowpower_set), (16 bytes).
    Removing gd32f30x_misc.o(i.systick_clksource_set), (40 bytes).
    Removing gd32f30x_usart.o(.rev16_text), (4 bytes).
    Removing gd32f30x_usart.o(.revsh_text), (4 bytes).
    Removing gd32f30x_usart.o(i.usart_address_config), (20 bytes).
    Removing gd32f30x_usart.o(i.usart_block_length_config), (28 bytes).
    Removing gd32f30x_usart.o(i.usart_data_first_config), (20 bytes).
    Removing gd32f30x_usart.o(i.usart_disable), (10 bytes).
    Removing gd32f30x_usart.o(i.usart_dma_receive_config), (20 bytes).
    Removing gd32f30x_usart.o(i.usart_dma_transmit_config), (20 bytes).
    Removing gd32f30x_usart.o(i.usart_flag_clear), (18 bytes).
    Removing gd32f30x_usart.o(i.usart_guard_time_config), (24 bytes).
    Removing gd32f30x_usart.o(i.usart_halfduplex_disable), (10 bytes).
    Removing gd32f30x_usart.o(i.usart_halfduplex_enable), (10 bytes).
    Removing gd32f30x_usart.o(i.usart_hardware_flow_cts_config), (20 bytes).
    Removing gd32f30x_usart.o(i.usart_hardware_flow_rts_config), (20 bytes).
    Removing gd32f30x_usart.o(i.usart_interrupt_disable), (26 bytes).
    Removing gd32f30x_usart.o(i.usart_invert_config), (104 bytes).
    Removing gd32f30x_usart.o(i.usart_irda_lowpower_config), (20 bytes).
    Removing gd32f30x_usart.o(i.usart_irda_mode_disable), (10 bytes).
    Removing gd32f30x_usart.o(i.usart_irda_mode_enable), (10 bytes).
    Removing gd32f30x_usart.o(i.usart_lin_break_detection_length_config), (20 bytes).
    Removing gd32f30x_usart.o(i.usart_lin_mode_disable), (10 bytes).
    Removing gd32f30x_usart.o(i.usart_lin_mode_enable), (10 bytes).
    Removing gd32f30x_usart.o(i.usart_mute_mode_disable), (10 bytes).
    Removing gd32f30x_usart.o(i.usart_mute_mode_enable), (10 bytes).
    Removing gd32f30x_usart.o(i.usart_mute_mode_wakeup_config), (16 bytes).
    Removing gd32f30x_usart.o(i.usart_parity_config), (16 bytes).
    Removing gd32f30x_usart.o(i.usart_prescaler_config), (16 bytes).
    Removing gd32f30x_usart.o(i.usart_receiver_timeout_disable), (14 bytes).
    Removing gd32f30x_usart.o(i.usart_receiver_timeout_enable), (14 bytes).
    Removing gd32f30x_usart.o(i.usart_receiver_timeout_threshold_config), (20 bytes).
    Removing gd32f30x_usart.o(i.usart_send_break), (10 bytes).
    Removing gd32f30x_usart.o(i.usart_smartcard_autoretry_config), (26 bytes).
    Removing gd32f30x_usart.o(i.usart_smartcard_mode_disable), (10 bytes).
    Removing gd32f30x_usart.o(i.usart_smartcard_mode_enable), (10 bytes).
    Removing gd32f30x_usart.o(i.usart_smartcard_mode_nack_disable), (10 bytes).
    Removing gd32f30x_usart.o(i.usart_smartcard_mode_nack_enable), (10 bytes).
    Removing gd32f30x_usart.o(i.usart_stop_bit_set), (16 bytes).
    Removing gd32f30x_usart.o(i.usart_synchronous_clock_config), (34 bytes).
    Removing gd32f30x_usart.o(i.usart_synchronous_clock_disable), (10 bytes).
    Removing gd32f30x_usart.o(i.usart_synchronous_clock_enable), (10 bytes).
    Removing gd32f30x_usart.o(i.usart_word_length_set), (16 bytes).
    Removing gd32f30x_timer.o(.rev16_text), (4 bytes).
    Removing gd32f30x_timer.o(.revsh_text), (4 bytes).
    Removing gd32f30x_timer.o(i.timer_auto_reload_shadow_disable), (10 bytes).
    Removing gd32f30x_timer.o(i.timer_auto_reload_shadow_enable), (10 bytes).
    Removing gd32f30x_timer.o(i.timer_automatic_output_disable), (10 bytes).
    Removing gd32f30x_timer.o(i.timer_automatic_output_enable), (10 bytes).
    Removing gd32f30x_timer.o(i.timer_autoreload_value_config), (4 bytes).
    Removing gd32f30x_timer.o(i.timer_break_config), (30 bytes).
    Removing gd32f30x_timer.o(i.timer_break_disable), (10 bytes).
    Removing gd32f30x_timer.o(i.timer_break_enable), (10 bytes).
    Removing gd32f30x_timer.o(i.timer_break_struct_para_init), (18 bytes).
    Removing gd32f30x_timer.o(i.timer_channel_complementary_output_polarity_config), (70 bytes).
    Removing gd32f30x_timer.o(i.timer_channel_complementary_output_state_config), (70 bytes).
    Removing gd32f30x_timer.o(i.timer_channel_control_shadow_config), (24 bytes).
    Removing gd32f30x_timer.o(i.timer_channel_control_shadow_update_config), (26 bytes).
    Removing gd32f30x_timer.o(i.timer_channel_dma_request_source_select), (26 bytes).
    Removing gd32f30x_timer.o(i.timer_channel_output_clear_config), (90 bytes).
    Removing gd32f30x_timer.o(i.timer_channel_output_fast_config), (90 bytes).
    Removing gd32f30x_timer.o(i.timer_channel_output_polarity_config), (92 bytes).
    Removing gd32f30x_timer.o(i.timer_channel_output_shadow_config), (90 bytes).
    Removing gd32f30x_timer.o(i.timer_channel_output_state_config), (92 bytes).
    Removing gd32f30x_timer.o(i.timer_counter_alignment), (16 bytes).
    Removing gd32f30x_timer.o(i.timer_counter_down_direction), (10 bytes).
    Removing gd32f30x_timer.o(i.timer_counter_read), (8 bytes).
    Removing gd32f30x_timer.o(i.timer_counter_up_direction), (10 bytes).
    Removing gd32f30x_timer.o(i.timer_disable), (10 bytes).
    Removing gd32f30x_timer.o(i.timer_dma_disable), (8 bytes).
    Removing gd32f30x_timer.o(i.timer_dma_enable), (8 bytes).
    Removing gd32f30x_timer.o(i.timer_dma_transfer_config), (24 bytes).
    Removing gd32f30x_timer.o(i.timer_event_software_generate), (8 bytes).
    Removing gd32f30x_timer.o(i.timer_external_clock_mode0_config), (40 bytes).
    Removing gd32f30x_timer.o(i.timer_external_clock_mode1_config), (32 bytes).
    Removing gd32f30x_timer.o(i.timer_external_clock_mode1_disable), (10 bytes).
    Removing gd32f30x_timer.o(i.timer_external_trigger_as_external_clock_config), (166 bytes).
    Removing gd32f30x_timer.o(i.timer_external_trigger_config), (30 bytes).
    Removing gd32f30x_timer.o(i.timer_flag_clear), (6 bytes).
    Removing gd32f30x_timer.o(i.timer_flag_get), (16 bytes).
    Removing gd32f30x_timer.o(i.timer_hall_mode_config), (26 bytes).
    Removing gd32f30x_timer.o(i.timer_input_capture_config), (326 bytes).
    Removing gd32f30x_timer.o(i.timer_input_trigger_source_select), (16 bytes).
    Removing gd32f30x_timer.o(i.timer_internal_clock_config), (10 bytes).
    Removing gd32f30x_timer.o(i.timer_internal_trigger_as_external_clock_config), (32 bytes).
    Removing gd32f30x_timer.o(i.timer_interrupt_disable), (8 bytes).
    Removing gd32f30x_timer.o(i.timer_master_output_trigger_source_select), (16 bytes).
    Removing gd32f30x_timer.o(i.timer_master_slave_mode_config), (26 bytes).
    Removing gd32f30x_timer.o(i.timer_output_value_selection_config), (34 bytes).
    Removing gd32f30x_timer.o(i.timer_prescaler_config), (14 bytes).
    Removing gd32f30x_timer.o(i.timer_prescaler_read), (10 bytes).
    Removing gd32f30x_timer.o(i.timer_quadrature_decoder_mode_config), (64 bytes).
    Removing gd32f30x_timer.o(i.timer_repetition_value_config), (4 bytes).
    Removing gd32f30x_timer.o(i.timer_single_pulse_mode_config), (26 bytes).
    Removing gd32f30x_timer.o(i.timer_slave_mode_select), (16 bytes).
    Removing gd32f30x_timer.o(i.timer_update_event_disable), (10 bytes).
    Removing gd32f30x_timer.o(i.timer_update_event_enable), (10 bytes).
    Removing gd32f30x_timer.o(i.timer_update_source_config), (26 bytes).
    Removing gd32f30x_timer.o(i.timer_write_chxval_register_config), (34 bytes).
    Removing startup_gd32f30x_hd.o(HEAP), (1024 bytes).
    Removing system_gd32f30x.o(.rev16_text), (4 bytes).
    Removing system_gd32f30x.o(.revsh_text), (4 bytes).
    Removing system_gd32f30x.o(i.SystemCoreClockUpdate), (316 bytes).
    Removing system_gd32f30x.o(.data), (4 bytes).
    Removing dadd.o(.text), (334 bytes).
    Removing dmul.o(.text), (228 bytes).
    Removing ddiv.o(.text), (222 bytes).
    Removing dfixul.o(.text), (48 bytes).
    Removing cdrcmple.o(.text), (48 bytes).
    Removing depilogue.o(.text), (186 bytes).

234 unused section(s) (total 9624 bytes) removed from the image.

==============================================================================

Image Symbol Table

    Local Symbols

    Symbol Name                              Value     Ov Type        Size  Object(Section)

    ../clib/microlib/division.c              0x00000000   Number         0  uldiv.o ABSOLUTE
    ../clib/microlib/division.c              0x00000000   Number         0  uidiv.o ABSOLUTE
    ../clib/microlib/init/entry.s            0x00000000   Number         0  entry9b.o ABSOLUTE
    ../clib/microlib/init/entry.s            0x00000000   Number         0  entry10b.o ABSOLUTE
    ../clib/microlib/init/entry.s            0x00000000   Number         0  entry10a.o ABSOLUTE
    ../clib/microlib/init/entry.s            0x00000000   Number         0  entry5.o ABSOLUTE
    ../clib/microlib/init/entry.s            0x00000000   Number         0  entry7a.o ABSOLUTE
    ../clib/microlib/init/entry.s            0x00000000   Number         0  entry2.o ABSOLUTE
    ../clib/microlib/init/entry.s            0x00000000   Number         0  entry11a.o ABSOLUTE
    ../clib/microlib/init/entry.s            0x00000000   Number         0  entry11b.o ABSOLUTE
    ../clib/microlib/init/entry.s            0x00000000   Number         0  entry9a.o ABSOLUTE
    ../clib/microlib/init/entry.s            0x00000000   Number         0  entry8b.o ABSOLUTE
    ../clib/microlib/init/entry.s            0x00000000   Number         0  entry8a.o ABSOLUTE
    ../clib/microlib/init/entry.s            0x00000000   Number         0  entry7b.o ABSOLUTE
    ../clib/microlib/init/entry.s            0x00000000   Number         0  entry.o ABSOLUTE
    ../clib/microlib/longlong.c              0x00000000   Number         0  llsshr.o ABSOLUTE
    ../clib/microlib/longlong.c              0x00000000   Number         0  llushr.o ABSOLUTE
    ../clib/microlib/longlong.c              0x00000000   Number         0  llshl.o ABSOLUTE
    ../clib/microlib/printf/printf.c         0x00000000   Number         0  printfb.o ABSOLUTE
    ../clib/microlib/printf/printf.c         0x00000000   Number         0  printf0.o ABSOLUTE
    ../clib/microlib/printf/printf.c         0x00000000   Number         0  printf7.o ABSOLUTE
    ../clib/microlib/printf/printf.c         0x00000000   Number         0  printf6.o ABSOLUTE
    ../clib/microlib/printf/printf.c         0x00000000   Number         0  printf5.o ABSOLUTE
    ../clib/microlib/printf/printf.c         0x00000000   Number         0  printf8.o ABSOLUTE
    ../clib/microlib/printf/printf.c         0x00000000   Number         0  printf4.o ABSOLUTE
    ../clib/microlib/printf/printf.c         0x00000000   Number         0  printf3.o ABSOLUTE
    ../clib/microlib/printf/printf.c         0x00000000   Number         0  printfa.o ABSOLUTE
    ../clib/microlib/printf/printf.c         0x00000000   Number         0  printf2.o ABSOLUTE
    ../clib/microlib/printf/printf.c         0x00000000   Number         0  printf1.o ABSOLUTE
    ../clib/microlib/printf/stubs.s          0x00000000   Number         0  stubs.o ABSOLUTE
    ../clib/microlib/stdio/streams.c         0x00000000   Number         0  stdout.o ABSOLUTE
    ../clib/microlib/stubs.s                 0x00000000   Number         0  iusefp.o ABSOLUTE
    ../fplib/microlib/fpadd.c                0x00000000   Number         0  dadd.o ABSOLUTE
    ../fplib/microlib/fpdiv.c                0x00000000   Number         0  ddiv.o ABSOLUTE
    ../fplib/microlib/fpepilogue.c           0x00000000   Number         0  depilogue.o ABSOLUTE
    ../fplib/microlib/fpfix.c                0x00000000   Number         0  dfixul.o ABSOLUTE
    ../fplib/microlib/fpmul.c                0x00000000   Number         0  dmul.o ABSOLUTE
    ..\5.3 实现printf打印通过串口输出\Driver\delay.c 0x00000000   Number         0  delay.o ABSOLUTE
    ..\\5.3 \312\265\317\326printf\264\362\323\241\315\250\271\375\264\256\277\332\312\344\263\366\\Driver\\delay.c 0x00000000   Number         0  delay.o ABSOLUTE
    App\\usb2com_app.c                       0x00000000   Number         0  usb2com_app.o ABSOLUTE
    App\hmi_app.c                            0x00000000   Number         0  hmi_app.o ABSOLUTE
    App\main.c                               0x00000000   Number         0  main.o ABSOLUTE
    App\usb2com_app.c                        0x00000000   Number         0  usb2com_app.o ABSOLUTE
    Arm\\system_gd32f30x.c                   0x00000000   Number         0  system_gd32f30x.o ABSOLUTE
    Arm\startup_gd32f30x_hd.s                0x00000000   Number         0  startup_gd32f30x_hd.o ABSOLUTE
    Arm\system_gd32f30x.c                    0x00000000   Number         0  system_gd32f30x.o ABSOLUTE
    Driver\\capture_drv.c                    0x00000000   Number         0  capture_drv.o ABSOLUTE
    Driver\\key_drv.c                        0x00000000   Number         0  key_drv.o ABSOLUTE
    Driver\\led_drv.c                        0x00000000   Number         0  led_drv.o ABSOLUTE
    Driver\\pwm_drv.c                        0x00000000   Number         0  pwm_drv.o ABSOLUTE
    Driver\\queue.c                          0x00000000   Number         0  queue.o ABSOLUTE
    Driver\\systick.c                        0x00000000   Number         0  systick.o ABSOLUTE
    Driver\\timing_drv.c                     0x00000000   Number         0  timing_drv.o ABSOLUTE
    Driver\\usb2Com_drv.c                    0x00000000   Number         0  usb2com_drv.o ABSOLUTE
    Driver\capture_drv.c                     0x00000000   Number         0  capture_drv.o ABSOLUTE
    Driver\gd32f30x_it.c                     0x00000000   Number         0  gd32f30x_it.o ABSOLUTE
    Driver\key_drv.c                         0x00000000   Number         0  key_drv.o ABSOLUTE
    Driver\led_drv.c                         0x00000000   Number         0  led_drv.o ABSOLUTE
    Driver\pwm_drv.c                         0x00000000   Number         0  pwm_drv.o ABSOLUTE
    Driver\queue.c                           0x00000000   Number         0  queue.o ABSOLUTE
    Driver\systick.c                         0x00000000   Number         0  systick.o ABSOLUTE
    Driver\timing_drv.c                      0x00000000   Number         0  timing_drv.o ABSOLUTE
    Driver\usb2Com_drv.c                     0x00000000   Number         0  usb2com_drv.o ABSOLUTE
    GD32_Hal\Source\gd32f30x_exti.c          0x00000000   Number         0  gd32f30x_exti.o ABSOLUTE
    GD32_Hal\Source\gd32f30x_gpio.c          0x00000000   Number         0  gd32f30x_gpio.o ABSOLUTE
    GD32_Hal\Source\gd32f30x_misc.c          0x00000000   Number         0  gd32f30x_misc.o ABSOLUTE
    GD32_Hal\Source\gd32f30x_rcu.c           0x00000000   Number         0  gd32f30x_rcu.o ABSOLUTE
    GD32_Hal\Source\gd32f30x_timer.c         0x00000000   Number         0  gd32f30x_timer.o ABSOLUTE
    GD32_Hal\Source\gd32f30x_usart.c         0x00000000   Number         0  gd32f30x_usart.o ABSOLUTE
    GD32_Hal\\Source\\gd32f30x_exti.c        0x00000000   Number         0  gd32f30x_exti.o ABSOLUTE
    GD32_Hal\\Source\\gd32f30x_gpio.c        0x00000000   Number         0  gd32f30x_gpio.o ABSOLUTE
    GD32_Hal\\Source\\gd32f30x_misc.c        0x00000000   Number         0  gd32f30x_misc.o ABSOLUTE
    GD32_Hal\\Source\\gd32f30x_rcu.c         0x00000000   Number         0  gd32f30x_rcu.o ABSOLUTE
    GD32_Hal\\Source\\gd32f30x_timer.c       0x00000000   Number         0  gd32f30x_timer.o ABSOLUTE
    GD32_Hal\\Source\\gd32f30x_usart.c       0x00000000   Number         0  gd32f30x_usart.o ABSOLUTE
    cdrcmple.s                               0x00000000   Number         0  cdrcmple.o ABSOLUTE
    dc.s                                     0x00000000   Number         0  dc.o ABSOLUTE
    handlers.s                               0x00000000   Number         0  handlers.o ABSOLUTE
    init.s                                   0x00000000   Number         0  init.o ABSOLUTE
    RESET                                    0x08000000   Section      304  startup_gd32f30x_hd.o(RESET)
    .ARM.Collect$$$$00000000                 0x08000130   Section        0  entry.o(.ARM.Collect$$$$00000000)
    .ARM.Collect$$$$00000001                 0x08000130   Section        4  entry2.o(.ARM.Collect$$$$00000001)
    .ARM.Collect$$$$00000004                 0x08000134   Section        4  entry5.o(.ARM.Collect$$$$00000004)
    .ARM.Collect$$$$00000008                 0x08000138   Section        0  entry7b.o(.ARM.Collect$$$$00000008)
    .ARM.Collect$$$$0000000A                 0x08000138   Section        0  entry8b.o(.ARM.Collect$$$$0000000A)
    .ARM.Collect$$$$0000000B                 0x08000138   Section        8  entry9a.o(.ARM.Collect$$$$0000000B)
    .ARM.Collect$$$$0000000D                 0x08000140   Section        0  entry10a.o(.ARM.Collect$$$$0000000D)
    .ARM.Collect$$$$0000000F                 0x08000140   Section        0  entry11a.o(.ARM.Collect$$$$0000000F)
    .ARM.Collect$$$$00002712                 0x08000140   Section        4  entry2.o(.ARM.Collect$$$$00002712)
    __lit__00000000                          0x08000140   Data           4  entry2.o(.ARM.Collect$$$$00002712)
    .text                                    0x08000144   Section       36  startup_gd32f30x_hd.o(.text)
    $v0                                      0x08000144   Number         0  startup_gd32f30x_hd.o(.text)
    .text                                    0x08000168   Section        0  uldiv.o(.text)
    .text                                    0x080001cc   Section       36  init.o(.text)
    .text                                    0x080001f0   Section        0  llshl.o(.text)
    .text                                    0x0800020e   Section        0  llushr.o(.text)
    i.BusFault_Handler                       0x0800022e   Section        0  gd32f30x_it.o(i.BusFault_Handler)
    i.CaptureDrvInit                         0x08000232   Section        0  capture_drv.o(i.CaptureDrvInit)
    i.CaptureDrvTest                         0x08000240   Section        0  capture_drv.o(i.CaptureDrvTest)
    i.DebugMon_Handler                       0x08000288   Section        0  gd32f30x_it.o(i.DebugMon_Handler)
    i.DelayInit                              0x0800028c   Section        0  delay.o(i.DelayInit)
    i.DelayNms                               0x080002c8   Section        0  delay.o(i.DelayNms)
    i.DelayNus                               0x080002e0   Section        0  delay.o(i.DelayNus)
    i.DrvInit                                0x0800030c   Section        0  main.o(i.DrvInit)
    DrvInit                                  0x0800030d   Thumb Code    24  main.o(i.DrvInit)
    i.GpioInit                               0x08000324   Section        0  pwm_drv.o(i.GpioInit)
    GpioInit                                 0x08000325   Thumb Code    26  pwm_drv.o(i.GpioInit)
    i.GpioInit                               0x08000344   Section        0  capture_drv.o(i.GpioInit)
    GpioInit                                 0x08000345   Thumb Code    24  capture_drv.o(i.GpioInit)
    i.HardFault_Handler                      0x08000360   Section        0  gd32f30x_it.o(i.HardFault_Handler)
    i.LedDrvInit                             0x08000364   Section        0  led_drv.o(i.LedDrvInit)
    i.MemManage_Handler                      0x080003c0   Section        0  gd32f30x_it.o(i.MemManage_Handler)
    i.NMI_Handler                            0x080003c4   Section        0  gd32f30x_it.o(i.NMI_Handler)
    i.PendSV_Handler                         0x080003c6   Section        0  gd32f30x_it.o(i.PendSV_Handler)
    i.PwmDrvInit                             0x080003c8   Section        0  pwm_drv.o(i.PwmDrvInit)
    i.SVC_Handler                            0x080003d4   Section        0  gd32f30x_it.o(i.SVC_Handler)
    i.SysTick_Handler                        0x080003d8   Section        0  systick.o(i.SysTick_Handler)
    i.SystemInit                             0x080003fc   Section        0  system_gd32f30x.o(i.SystemInit)
    i.TIMER1_IRQHandler                      0x080004a4   Section        0  capture_drv.o(i.TIMER1_IRQHandler)
    i.TIMER4_IRQHandler                      0x080004ec   Section        0  timing_drv.o(i.TIMER4_IRQHandler)
    i.TimerInit                              0x0800050c   Section        0  pwm_drv.o(i.TimerInit)
    TimerInit                                0x0800050d   Thumb Code   112  pwm_drv.o(i.TimerInit)
    i.TimerInit                              0x08000580   Section        0  capture_drv.o(i.TimerInit)
    TimerInit                                0x08000581   Thumb Code   114  capture_drv.o(i.TimerInit)
    i.ToggleLed                              0x080005f4   Section        0  led_drv.o(i.ToggleLed)
    i.USART0_IRQHandler                      0x08000644   Section        0  usb2com_drv.o(i.USART0_IRQHandler)
    i.UsageFault_Handler                     0x08000680   Section        0  gd32f30x_it.o(i.UsageFault_Handler)
    i.Usb2ComDrvInit                         0x08000684   Section        0  usb2com_drv.o(i.Usb2ComDrvInit)
    i.Usb2ComGpioInit                        0x08000694   Section        0  usb2com_drv.o(i.Usb2ComGpioInit)
    Usb2ComGpioInit                          0x08000695   Thumb Code    40  usb2com_drv.o(i.Usb2ComGpioInit)
    i.UsbComUartInit                         0x080006c0   Section        0  usb2com_drv.o(i.UsbComUartInit)
    UsbComUartInit                           0x080006c1   Thumb Code    84  usb2com_drv.o(i.UsbComUartInit)
    i.__0printf$8                            0x08000718   Section        0  printf8.o(i.__0printf$8)
    i.__scatterload_copy                     0x08000738   Section       14  handlers.o(i.__scatterload_copy)
    i.__scatterload_null                     0x08000746   Section        2  handlers.o(i.__scatterload_null)
    i.__scatterload_zeroinit                 0x08000748   Section       14  handlers.o(i.__scatterload_zeroinit)
    i._printf_core                           0x08000758   Section        0  printf8.o(i._printf_core)
    _printf_core                             0x08000759   Thumb Code   996  printf8.o(i._printf_core)
    i._printf_post_padding                   0x08000b68   Section        0  printf8.o(i._printf_post_padding)
    _printf_post_padding                     0x08000b69   Thumb Code    36  printf8.o(i._printf_post_padding)
    i._printf_pre_padding                    0x08000b8c   Section        0  printf8.o(i._printf_pre_padding)
    _printf_pre_padding                      0x08000b8d   Thumb Code    46  printf8.o(i._printf_pre_padding)
    i.fputc                                  0x08000bbc   Section        0  usb2com_drv.o(i.fputc)
    i.gpio_bit_reset                         0x08000be4   Section        0  gd32f30x_gpio.o(i.gpio_bit_reset)
    i.gpio_bit_write                         0x08000be8   Section        0  gd32f30x_gpio.o(i.gpio_bit_write)
    i.gpio_init                              0x08000bf2   Section        0  gd32f30x_gpio.o(i.gpio_init)
    i.gpio_input_bit_get                     0x08000cae   Section        0  gd32f30x_gpio.o(i.gpio_input_bit_get)
    i.main                                   0x08000cbe   Section        0  main.o(i.main)
    i.nvic_irq_enable                        0x08000ccc   Section        0  gd32f30x_misc.o(i.nvic_irq_enable)
    i.nvic_priority_group_set                0x08000d90   Section        0  gd32f30x_misc.o(i.nvic_priority_group_set)
    i.rcu_clock_freq_get                     0x08000da4   Section        0  gd32f30x_rcu.o(i.rcu_clock_freq_get)
    i.rcu_periph_clock_enable                0x08000efc   Section        0  gd32f30x_rcu.o(i.rcu_periph_clock_enable)
    i.rcu_periph_reset_disable               0x08000f1c   Section        0  gd32f30x_rcu.o(i.rcu_periph_reset_disable)
    i.rcu_periph_reset_enable                0x08000f3c   Section        0  gd32f30x_rcu.o(i.rcu_periph_reset_enable)
    i.system_clock_120m_hxtal                0x08000f5c   Section        0  system_gd32f30x.o(i.system_clock_120m_hxtal)
    system_clock_120m_hxtal                  0x08000f5d   Thumb Code   258  system_gd32f30x.o(i.system_clock_120m_hxtal)
    i.system_clock_config                    0x08001070   Section        0  system_gd32f30x.o(i.system_clock_config)
    system_clock_config                      0x08001071   Thumb Code     8  system_gd32f30x.o(i.system_clock_config)
    i.timer_channel_capture_value_register_read 0x08001078   Section        0  gd32f30x_timer.o(i.timer_channel_capture_value_register_read)
    i.timer_channel_input_capture_prescaler_config 0x080010a2   Section        0  gd32f30x_timer.o(i.timer_channel_input_capture_prescaler_config)
    i.timer_channel_input_struct_para_init   0x080010fc   Section        0  gd32f30x_timer.o(i.timer_channel_input_struct_para_init)
    i.timer_channel_output_config            0x0800110c   Section        0  gd32f30x_timer.o(i.timer_channel_output_config)
    i.timer_channel_output_mode_config       0x080012f8   Section        0  gd32f30x_timer.o(i.timer_channel_output_mode_config)
    i.timer_channel_output_pulse_value_config 0x08001352   Section        0  gd32f30x_timer.o(i.timer_channel_output_pulse_value_config)
    i.timer_channel_output_struct_para_init  0x08001378   Section        0  gd32f30x_timer.o(i.timer_channel_output_struct_para_init)
    i.timer_counter_value_config             0x08001388   Section        0  gd32f30x_timer.o(i.timer_counter_value_config)
    i.timer_deinit                           0x0800138c   Section        0  gd32f30x_timer.o(i.timer_deinit)
    i.timer_enable                           0x08001468   Section        0  gd32f30x_timer.o(i.timer_enable)
    i.timer_init                             0x08001474   Section        0  gd32f30x_timer.o(i.timer_init)
    i.timer_input_pwm_capture_config         0x0800150c   Section        0  gd32f30x_timer.o(i.timer_input_pwm_capture_config)
    i.timer_interrupt_enable                 0x08001670   Section        0  gd32f30x_timer.o(i.timer_interrupt_enable)
    i.timer_interrupt_flag_clear             0x08001678   Section        0  gd32f30x_timer.o(i.timer_interrupt_flag_clear)
    i.timer_interrupt_flag_get               0x0800167e   Section        0  gd32f30x_timer.o(i.timer_interrupt_flag_get)
    i.timer_primary_output_config            0x08001696   Section        0  gd32f30x_timer.o(i.timer_primary_output_config)
    i.timer_struct_para_init                 0x080016ae   Section        0  gd32f30x_timer.o(i.timer_struct_para_init)
    i.usart_baudrate_set                     0x080016c4   Section        0  gd32f30x_usart.o(i.usart_baudrate_set)
    i.usart_data_receive                     0x08001754   Section        0  gd32f30x_usart.o(i.usart_data_receive)
    i.usart_data_transmit                    0x0800175e   Section        0  gd32f30x_usart.o(i.usart_data_transmit)
    i.usart_deinit                           0x08001768   Section        0  gd32f30x_usart.o(i.usart_deinit)
    i.usart_enable                           0x080017f8   Section        0  gd32f30x_usart.o(i.usart_enable)
    i.usart_flag_get                         0x08001802   Section        0  gd32f30x_usart.o(i.usart_flag_get)
    i.usart_interrupt_enable                 0x08001820   Section        0  gd32f30x_usart.o(i.usart_interrupt_enable)
    i.usart_interrupt_flag_clear             0x0800183a   Section        0  gd32f30x_usart.o(i.usart_interrupt_flag_clear)
    i.usart_interrupt_flag_get               0x0800184c   Section        0  gd32f30x_usart.o(i.usart_interrupt_flag_get)
    i.usart_receive_config                   0x08001884   Section        0  gd32f30x_usart.o(i.usart_receive_config)
    i.usart_transmit_config                  0x08001898   Section        0  gd32f30x_usart.o(i.usart_transmit_config)
    .data                                    0x20000000   Section       36  led_drv.o(.data)
    g_gpioList                               0x20000000   Data          36  led_drv.o(.data)
    .data                                    0x20000028   Section       12  systick.o(.data)
    g_sysRunTime                             0x20000028   Data           8  systick.o(.data)
    g_pTaskScheduleFunc                      0x20000030   Data           4  systick.o(.data)
    .data                                    0x20000034   Section       28  usb2com_drv.o(.data)
    pProcUartDataFunc                        0x2000004c   Data           4  usb2com_drv.o(.data)
    .data                                    0x20000050   Section        8  capture_drv.o(.data)
    g_periodUs                               0x20000050   Data           4  capture_drv.o(.data)
    g_pulseUs                                0x20000054   Data           4  capture_drv.o(.data)
    .data                                    0x20000058   Section        4  stdout.o(.data)
    STACK                                    0x20000060   Section     1024  startup_gd32f30x_hd.o(STACK)

    Global Symbols

    Symbol Name                              Value     Ov Type        Size  Object(Section)

    BuildAttributes$$THM_ISAv4$E$P$D$K$B$S$7EM$VFPi3$EXTD16$VFPS$VFMA$PE$A:L22UL41UL21$X:L11$S22US41US21$IEEE1$IW$USESV6$~STKCKD$USESV7$~SHL$OSPACE$ROPI$EBA8$MICROLIB$REQ8$PRES8$EABIv2 0x00000000   Number         0  anon$$obj.o ABSOLUTE
    __ARM_use_no_argv                        0x00000000   Number         0  main.o ABSOLUTE
    _printf_a                                0x00000000   Number         0  stubs.o ABSOLUTE
    _printf_c                                0x00000000   Number         0  stubs.o ABSOLUTE
    _printf_charcount                        0x00000000   Number         0  stubs.o ABSOLUTE
    _printf_d                                0x00000000   Number         0  stubs.o ABSOLUTE
    _printf_e                                0x00000000   Number         0  stubs.o ABSOLUTE
    _printf_f                                0x00000000   Number         0  stubs.o ABSOLUTE
    _printf_flags                            0x00000000   Number         0  stubs.o ABSOLUTE
    _printf_fp_dec                           0x00000000   Number         0  stubs.o ABSOLUTE
    _printf_fp_hex                           0x00000000   Number         0  stubs.o ABSOLUTE
    _printf_g                                0x00000000   Number         0  stubs.o ABSOLUTE
    _printf_i                                0x00000000   Number         0  stubs.o ABSOLUTE
    _printf_int_dec                          0x00000000   Number         0  stubs.o ABSOLUTE
    _printf_l                                0x00000000   Number         0  stubs.o ABSOLUTE
    _printf_lc                               0x00000000   Number         0  stubs.o ABSOLUTE
    _printf_ll                               0x00000000   Number         0  stubs.o ABSOLUTE
    _printf_lld                              0x00000000   Number         0  stubs.o ABSOLUTE
    _printf_lli                              0x00000000   Number         0  stubs.o ABSOLUTE
    _printf_llo                              0x00000000   Number         0  stubs.o ABSOLUTE
    _printf_llu                              0x00000000   Number         0  stubs.o ABSOLUTE
    _printf_llx                              0x00000000   Number         0  stubs.o ABSOLUTE
    _printf_longlong_dec                     0x00000000   Number         0  stubs.o ABSOLUTE
    _printf_longlong_hex                     0x00000000   Number         0  stubs.o ABSOLUTE
    _printf_longlong_oct                     0x00000000   Number         0  stubs.o ABSOLUTE
    _printf_ls                               0x00000000   Number         0  stubs.o ABSOLUTE
    _printf_mbtowc                           0x00000000   Number         0  stubs.o ABSOLUTE
    _printf_n                                0x00000000   Number         0  stubs.o ABSOLUTE
    _printf_o                                0x00000000   Number         0  stubs.o ABSOLUTE
    _printf_p                                0x00000000   Number         0  stubs.o ABSOLUTE
    _printf_percent                          0x00000000   Number         0  stubs.o ABSOLUTE
    _printf_pre_padding                      0x00000000   Number         0  stubs.o ABSOLUTE
    _printf_return_value                     0x00000000   Number         0  stubs.o ABSOLUTE
    _printf_s                                0x00000000   Number         0  stubs.o ABSOLUTE
    _printf_sizespec                         0x00000000   Number         0  stubs.o ABSOLUTE
    _printf_str                              0x00000000   Number         0  stubs.o ABSOLUTE
    _printf_truncate_signed                  0x00000000   Number         0  stubs.o ABSOLUTE
    _printf_truncate_unsigned                0x00000000   Number         0  stubs.o ABSOLUTE
    _printf_u                                0x00000000   Number         0  stubs.o ABSOLUTE
    _printf_wc                               0x00000000   Number         0  stubs.o ABSOLUTE
    _printf_wctomb                           0x00000000   Number         0  stubs.o ABSOLUTE
    _printf_widthprec                        0x00000000   Number         0  stubs.o ABSOLUTE
    _printf_x                                0x00000000   Number         0  stubs.o ABSOLUTE
    __cpp_initialize__aeabi_                  - Undefined Weak Reference
    __cxa_finalize                            - Undefined Weak Reference
    __decompress                              - Undefined Weak Reference
    _clock_init                               - Undefined Weak Reference
    _microlib_exit                            - Undefined Weak Reference
    __Vectors_Size                           0x00000130   Number         0  startup_gd32f30x_hd.o ABSOLUTE
    __Vectors                                0x08000000   Data           4  startup_gd32f30x_hd.o(RESET)
    __Vectors_End                            0x08000130   Data           0  startup_gd32f30x_hd.o(RESET)
    __main                                   0x08000131   Thumb Code     0  entry.o(.ARM.Collect$$$$00000000)
    _main_stk                                0x08000131   Thumb Code     0  entry2.o(.ARM.Collect$$$$00000001)
    _main_scatterload                        0x08000135   Thumb Code     0  entry5.o(.ARM.Collect$$$$00000004)
    __main_after_scatterload                 0x08000139   Thumb Code     0  entry5.o(.ARM.Collect$$$$00000004)
    _main_clock                              0x08000139   Thumb Code     0  entry7b.o(.ARM.Collect$$$$00000008)
    _main_cpp_init                           0x08000139   Thumb Code     0  entry8b.o(.ARM.Collect$$$$0000000A)
    _main_init                               0x08000139   Thumb Code     0  entry9a.o(.ARM.Collect$$$$0000000B)
    __rt_final_cpp                           0x08000141   Thumb Code     0  entry10a.o(.ARM.Collect$$$$0000000D)
    __rt_final_exit                          0x08000141   Thumb Code     0  entry11a.o(.ARM.Collect$$$$0000000F)
    Reset_Handler                            0x08000145   Thumb Code     8  startup_gd32f30x_hd.o(.text)
    ADC0_1_IRQHandler                        0x0800015f   Thumb Code     0  startup_gd32f30x_hd.o(.text)
    ADC2_IRQHandler                          0x0800015f   Thumb Code     0  startup_gd32f30x_hd.o(.text)
    CAN0_EWMC_IRQHandler                     0x0800015f   Thumb Code     0  startup_gd32f30x_hd.o(.text)
    CAN0_RX1_IRQHandler                      0x0800015f   Thumb Code     0  startup_gd32f30x_hd.o(.text)
    DMA0_Channel0_IRQHandler                 0x0800015f   Thumb Code     0  startup_gd32f30x_hd.o(.text)
    DMA0_Channel1_IRQHandler                 0x0800015f   Thumb Code     0  startup_gd32f30x_hd.o(.text)
    DMA0_Channel2_IRQHandler                 0x0800015f   Thumb Code     0  startup_gd32f30x_hd.o(.text)
    DMA0_Channel3_IRQHandler                 0x0800015f   Thumb Code     0  startup_gd32f30x_hd.o(.text)
    DMA0_Channel4_IRQHandler                 0x0800015f   Thumb Code     0  startup_gd32f30x_hd.o(.text)
    DMA0_Channel5_IRQHandler                 0x0800015f   Thumb Code     0  startup_gd32f30x_hd.o(.text)
    DMA0_Channel6_IRQHandler                 0x0800015f   Thumb Code     0  startup_gd32f30x_hd.o(.text)
    DMA1_Channel0_IRQHandler                 0x0800015f   Thumb Code     0  startup_gd32f30x_hd.o(.text)
    DMA1_Channel1_IRQHandler                 0x0800015f   Thumb Code     0  startup_gd32f30x_hd.o(.text)
    DMA1_Channel2_IRQHandler                 0x0800015f   Thumb Code     0  startup_gd32f30x_hd.o(.text)
    DMA1_Channel3_4_IRQHandler               0x0800015f   Thumb Code     0  startup_gd32f30x_hd.o(.text)
    EXMC_IRQHandler                          0x0800015f   Thumb Code     0  startup_gd32f30x_hd.o(.text)
    EXTI0_IRQHandler                         0x0800015f   Thumb Code     0  startup_gd32f30x_hd.o(.text)
    EXTI10_15_IRQHandler                     0x0800015f   Thumb Code     0  startup_gd32f30x_hd.o(.text)
    EXTI1_IRQHandler                         0x0800015f   Thumb Code     0  startup_gd32f30x_hd.o(.text)
    EXTI2_IRQHandler                         0x0800015f   Thumb Code     0  startup_gd32f30x_hd.o(.text)
    EXTI3_IRQHandler                         0x0800015f   Thumb Code     0  startup_gd32f30x_hd.o(.text)
    EXTI4_IRQHandler                         0x0800015f   Thumb Code     0  startup_gd32f30x_hd.o(.text)
    EXTI5_9_IRQHandler                       0x0800015f   Thumb Code     0  startup_gd32f30x_hd.o(.text)
    FMC_IRQHandler                           0x0800015f   Thumb Code     0  startup_gd32f30x_hd.o(.text)
    I2C0_ER_IRQHandler                       0x0800015f   Thumb Code     0  startup_gd32f30x_hd.o(.text)
    I2C0_EV_IRQHandler                       0x0800015f   Thumb Code     0  startup_gd32f30x_hd.o(.text)
    I2C1_ER_IRQHandler                       0x0800015f   Thumb Code     0  startup_gd32f30x_hd.o(.text)
    I2C1_EV_IRQHandler                       0x0800015f   Thumb Code     0  startup_gd32f30x_hd.o(.text)
    LVD_IRQHandler                           0x0800015f   Thumb Code     0  startup_gd32f30x_hd.o(.text)
    RCU_CTC_IRQHandler                       0x0800015f   Thumb Code     0  startup_gd32f30x_hd.o(.text)
    RTC_Alarm_IRQHandler                     0x0800015f   Thumb Code     0  startup_gd32f30x_hd.o(.text)
    RTC_IRQHandler                           0x0800015f   Thumb Code     0  startup_gd32f30x_hd.o(.text)
    SDIO_IRQHandler                          0x0800015f   Thumb Code     0  startup_gd32f30x_hd.o(.text)
    SPI0_IRQHandler                          0x0800015f   Thumb Code     0  startup_gd32f30x_hd.o(.text)
    SPI1_IRQHandler                          0x0800015f   Thumb Code     0  startup_gd32f30x_hd.o(.text)
    SPI2_IRQHandler                          0x0800015f   Thumb Code     0  startup_gd32f30x_hd.o(.text)
    TAMPER_IRQHandler                        0x0800015f   Thumb Code     0  startup_gd32f30x_hd.o(.text)
    TIMER0_BRK_IRQHandler                    0x0800015f   Thumb Code     0  startup_gd32f30x_hd.o(.text)
    TIMER0_Channel_IRQHandler                0x0800015f   Thumb Code     0  startup_gd32f30x_hd.o(.text)
    TIMER0_TRG_CMT_IRQHandler                0x0800015f   Thumb Code     0  startup_gd32f30x_hd.o(.text)
    TIMER0_UP_IRQHandler                     0x0800015f   Thumb Code     0  startup_gd32f30x_hd.o(.text)
    TIMER2_IRQHandler                        0x0800015f   Thumb Code     0  startup_gd32f30x_hd.o(.text)
    TIMER3_IRQHandler                        0x0800015f   Thumb Code     0  startup_gd32f30x_hd.o(.text)
    TIMER5_IRQHandler                        0x0800015f   Thumb Code     0  startup_gd32f30x_hd.o(.text)
    TIMER6_IRQHandler                        0x0800015f   Thumb Code     0  startup_gd32f30x_hd.o(.text)
    TIMER7_BRK_IRQHandler                    0x0800015f   Thumb Code     0  startup_gd32f30x_hd.o(.text)
    TIMER7_Channel_IRQHandler                0x0800015f   Thumb Code     0  startup_gd32f30x_hd.o(.text)
    TIMER7_TRG_CMT_IRQHandler                0x0800015f   Thumb Code     0  startup_gd32f30x_hd.o(.text)
    TIMER7_UP_IRQHandler                     0x0800015f   Thumb Code     0  startup_gd32f30x_hd.o(.text)
    UART3_IRQHandler                         0x0800015f   Thumb Code     0  startup_gd32f30x_hd.o(.text)
    UART4_IRQHandler                         0x0800015f   Thumb Code     0  startup_gd32f30x_hd.o(.text)
    USART1_IRQHandler                        0x0800015f   Thumb Code     0  startup_gd32f30x_hd.o(.text)
    USART2_IRQHandler                        0x0800015f   Thumb Code     0  startup_gd32f30x_hd.o(.text)
    USBD_HP_CAN0_TX_IRQHandler               0x0800015f   Thumb Code     0  startup_gd32f30x_hd.o(.text)
    USBD_LP_CAN0_RX0_IRQHandler              0x0800015f   Thumb Code     0  startup_gd32f30x_hd.o(.text)
    USBD_WKUP_IRQHandler                     0x0800015f   Thumb Code     0  startup_gd32f30x_hd.o(.text)
    WWDGT_IRQHandler                         0x0800015f   Thumb Code     0  startup_gd32f30x_hd.o(.text)
    __aeabi_uldivmod                         0x08000169   Thumb Code    98  uldiv.o(.text)
    __scatterload                            0x080001cd   Thumb Code    28  init.o(.text)
    __scatterload_rt2                        0x080001cd   Thumb Code     0  init.o(.text)
    __aeabi_llsl                             0x080001f1   Thumb Code    30  llshl.o(.text)
    _ll_shift_l                              0x080001f1   Thumb Code     0  llshl.o(.text)
    __aeabi_llsr                             0x0800020f   Thumb Code    32  llushr.o(.text)
    _ll_ushift_r                             0x0800020f   Thumb Code     0  llushr.o(.text)
    BusFault_Handler                         0x0800022f   Thumb Code     4  gd32f30x_it.o(i.BusFault_Handler)
    CaptureDrvInit                           0x08000233   Thumb Code    12  capture_drv.o(i.CaptureDrvInit)
    CaptureDrvTest                           0x08000241   Thumb Code    26  capture_drv.o(i.CaptureDrvTest)
    DebugMon_Handler                         0x08000289   Thumb Code     2  gd32f30x_it.o(i.DebugMon_Handler)
    DelayInit                                0x0800028d   Thumb Code    50  delay.o(i.DelayInit)
    DelayNms                                 0x080002c9   Thumb Code    24  delay.o(i.DelayNms)
    DelayNus                                 0x080002e1   Thumb Code    36  delay.o(i.DelayNus)
    HardFault_Handler                        0x08000361   Thumb Code     4  gd32f30x_it.o(i.HardFault_Handler)
    LedDrvInit                               0x08000365   Thumb Code    86  led_drv.o(i.LedDrvInit)
    MemManage_Handler                        0x080003c1   Thumb Code     4  gd32f30x_it.o(i.MemManage_Handler)
    NMI_Handler                              0x080003c5   Thumb Code     2  gd32f30x_it.o(i.NMI_Handler)
    PendSV_Handler                           0x080003c7   Thumb Code     2  gd32f30x_it.o(i.PendSV_Handler)
    PwmDrvInit                               0x080003c9   Thumb Code    12  pwm_drv.o(i.PwmDrvInit)
    SVC_Handler                              0x080003d5   Thumb Code     2  gd32f30x_it.o(i.SVC_Handler)
    SysTick_Handler                          0x080003d9   Thumb Code    28  systick.o(i.SysTick_Handler)
    SystemInit                               0x080003fd   Thumb Code   156  system_gd32f30x.o(i.SystemInit)
    TIMER1_IRQHandler                        0x080004a5   Thumb Code    62  capture_drv.o(i.TIMER1_IRQHandler)
    TIMER4_IRQHandler                        0x080004ed   Thumb Code    28  timing_drv.o(i.TIMER4_IRQHandler)
    ToggleLed                                0x080005f5   Thumb Code    76  led_drv.o(i.ToggleLed)
    USART0_IRQHandler                        0x08000645   Thumb Code    46  usb2com_drv.o(i.USART0_IRQHandler)
    UsageFault_Handler                       0x08000681   Thumb Code     4  gd32f30x_it.o(i.UsageFault_Handler)
    Usb2ComDrvInit                           0x08000685   Thumb Code    16  usb2com_drv.o(i.Usb2ComDrvInit)
    __0printf$8                              0x08000719   Thumb Code    22  printf8.o(i.__0printf$8)
    __1printf$8                              0x08000719   Thumb Code     0  printf8.o(i.__0printf$8)
    __2printf                                0x08000719   Thumb Code     0  printf8.o(i.__0printf$8)
    __scatterload_copy                       0x08000739   Thumb Code    14  handlers.o(i.__scatterload_copy)
    __scatterload_null                       0x08000747   Thumb Code     2  handlers.o(i.__scatterload_null)
    __scatterload_zeroinit                   0x08000749   Thumb Code    14  handlers.o(i.__scatterload_zeroinit)
    fputc                                    0x08000bbd   Thumb Code    36  usb2com_drv.o(i.fputc)
    gpio_bit_reset                           0x08000be5   Thumb Code     4  gd32f30x_gpio.o(i.gpio_bit_reset)
    gpio_bit_write                           0x08000be9   Thumb Code    10  gd32f30x_gpio.o(i.gpio_bit_write)
    gpio_init                                0x08000bf3   Thumb Code   188  gd32f30x_gpio.o(i.gpio_init)
    gpio_input_bit_get                       0x08000caf   Thumb Code    16  gd32f30x_gpio.o(i.gpio_input_bit_get)
    main                                     0x08000cbf   Thumb Code    12  main.o(i.main)
    nvic_irq_enable                          0x08000ccd   Thumb Code   186  gd32f30x_misc.o(i.nvic_irq_enable)
    nvic_priority_group_set                  0x08000d91   Thumb Code    10  gd32f30x_misc.o(i.nvic_priority_group_set)
    rcu_clock_freq_get                       0x08000da5   Thumb Code   310  gd32f30x_rcu.o(i.rcu_clock_freq_get)
    rcu_periph_clock_enable                  0x08000efd   Thumb Code    28  gd32f30x_rcu.o(i.rcu_periph_clock_enable)
    rcu_periph_reset_disable                 0x08000f1d   Thumb Code    28  gd32f30x_rcu.o(i.rcu_periph_reset_disable)
    rcu_periph_reset_enable                  0x08000f3d   Thumb Code    28  gd32f30x_rcu.o(i.rcu_periph_reset_enable)
    timer_channel_capture_value_register_read 0x08001079   Thumb Code    42  gd32f30x_timer.o(i.timer_channel_capture_value_register_read)
    timer_channel_input_capture_prescaler_config 0x080010a3   Thumb Code    90  gd32f30x_timer.o(i.timer_channel_input_capture_prescaler_config)
    timer_channel_input_struct_para_init     0x080010fd   Thumb Code    16  gd32f30x_timer.o(i.timer_channel_input_struct_para_init)
    timer_channel_output_config              0x0800110d   Thumb Code   484  gd32f30x_timer.o(i.timer_channel_output_config)
    timer_channel_output_mode_config         0x080012f9   Thumb Code    90  gd32f30x_timer.o(i.timer_channel_output_mode_config)
    timer_channel_output_pulse_value_config  0x08001353   Thumb Code    38  gd32f30x_timer.o(i.timer_channel_output_pulse_value_config)
    timer_channel_output_struct_para_init    0x08001379   Thumb Code    16  gd32f30x_timer.o(i.timer_channel_output_struct_para_init)
    timer_counter_value_config               0x08001389   Thumb Code     4  gd32f30x_timer.o(i.timer_counter_value_config)
    timer_deinit                             0x0800138d   Thumb Code   210  gd32f30x_timer.o(i.timer_deinit)
    timer_enable                             0x08001469   Thumb Code    10  gd32f30x_timer.o(i.timer_enable)
    timer_init                               0x08001475   Thumb Code   122  gd32f30x_timer.o(i.timer_init)
    timer_input_pwm_capture_config           0x0800150d   Thumb Code   356  gd32f30x_timer.o(i.timer_input_pwm_capture_config)
    timer_interrupt_enable                   0x08001671   Thumb Code     8  gd32f30x_timer.o(i.timer_interrupt_enable)
    timer_interrupt_flag_clear               0x08001679   Thumb Code     6  gd32f30x_timer.o(i.timer_interrupt_flag_clear)
    timer_interrupt_flag_get                 0x0800167f   Thumb Code    24  gd32f30x_timer.o(i.timer_interrupt_flag_get)
    timer_primary_output_config              0x08001697   Thumb Code    24  gd32f30x_timer.o(i.timer_primary_output_config)
    timer_struct_para_init                   0x080016af   Thumb Code    22  gd32f30x_timer.o(i.timer_struct_para_init)
    usart_baudrate_set                       0x080016c5   Thumb Code   136  gd32f30x_usart.o(i.usart_baudrate_set)
    usart_data_receive                       0x08001755   Thumb Code    10  gd32f30x_usart.o(i.usart_data_receive)
    usart_data_transmit                      0x0800175f   Thumb Code     8  gd32f30x_usart.o(i.usart_data_transmit)
    usart_deinit                             0x08001769   Thumb Code   136  gd32f30x_usart.o(i.usart_deinit)
    usart_enable                             0x080017f9   Thumb Code    10  gd32f30x_usart.o(i.usart_enable)
    usart_flag_get                           0x08001803   Thumb Code    30  gd32f30x_usart.o(i.usart_flag_get)
    usart_interrupt_enable                   0x08001821   Thumb Code    26  gd32f30x_usart.o(i.usart_interrupt_enable)
    usart_interrupt_flag_clear               0x0800183b   Thumb Code    18  gd32f30x_usart.o(i.usart_interrupt_flag_clear)
    usart_interrupt_flag_get                 0x0800184d   Thumb Code    56  gd32f30x_usart.o(i.usart_interrupt_flag_get)
    usart_receive_config                     0x08001885   Thumb Code    20  gd32f30x_usart.o(i.usart_receive_config)
    usart_transmit_config                    0x08001899   Thumb Code    20  gd32f30x_usart.o(i.usart_transmit_config)
    Region$$Table$$Base                      0x080018ac   Number         0  anon$$obj.o(Region$$Table)
    Region$$Table$$Limit                     0x080018cc   Number         0  anon$$obj.o(Region$$Table)
    g_uartHwInfo                             0x20000034   Data          24  usb2com_drv.o(.data)
    __stdout                                 0x20000058   Data           4  stdout.o(.data)
    __initial_sp                             0x20000460   Data           0  startup_gd32f30x_hd.o(STACK)



==============================================================================

Memory Map of the image

  Image Entry point : 0x08000131

  Load Region LR_IROM1 (Base: 0x08000000, Size: 0x00001928, Max: 0x00080000, ABSOLUTE)

    Execution Region ER_IROM1 (Exec base: 0x08000000, Load base: 0x08000000, Size: 0x000018cc, Max: 0x00080000, ABSOLUTE)

    Exec Addr    Load Addr    Size         Type   Attr      Idx    E Section Name        Object

    0x08000000   0x08000000   0x00000130   Data   RO         2118    RESET               startup_gd32f30x_hd.o
    0x08000130   0x08000130   0x00000000   Code   RO         2178  * .ARM.Collect$$$$00000000  mc_w.l(entry.o)
    0x08000130   0x08000130   0x00000004   Code   RO         2442    .ARM.Collect$$$$00000001  mc_w.l(entry2.o)
    0x08000134   0x08000134   0x00000004   Code   RO         2445    .ARM.Collect$$$$00000004  mc_w.l(entry5.o)
    0x08000138   0x08000138   0x00000000   Code   RO         2447    .ARM.Collect$$$$00000008  mc_w.l(entry7b.o)
    0x08000138   0x08000138   0x00000000   Code   RO         2449    .ARM.Collect$$$$0000000A  mc_w.l(entry8b.o)
    0x08000138   0x08000138   0x00000008   Code   RO         2450    .ARM.Collect$$$$0000000B  mc_w.l(entry9a.o)
    0x08000140   0x08000140   0x00000000   Code   RO         2452    .ARM.Collect$$$$0000000D  mc_w.l(entry10a.o)
    0x08000140   0x08000140   0x00000000   Code   RO         2454    .ARM.Collect$$$$0000000F  mc_w.l(entry11a.o)
    0x08000140   0x08000140   0x00000004   Code   RO         2443    .ARM.Collect$$$$00002712  mc_w.l(entry2.o)
    0x08000144   0x08000144   0x00000024   Code   RO         2119    .text               startup_gd32f30x_hd.o
    0x08000168   0x08000168   0x00000062   Code   RO         2459    .text               mc_w.l(uldiv.o)
    0x080001ca   0x080001ca   0x00000002   PAD
    0x080001cc   0x080001cc   0x00000024   Code   RO         2472    .text               mc_w.l(init.o)
    0x080001f0   0x080001f0   0x0000001e   Code   RO         2474    .text               mc_w.l(llshl.o)
    0x0800020e   0x0800020e   0x00000020   Code   RO         2476    .text               mc_w.l(llushr.o)
    0x0800022e   0x0800022e   0x00000004   Code   RO          268    i.BusFault_Handler  gd32f30x_it.o
    0x08000232   0x08000232   0x0000000c   Code   RO          715    i.CaptureDrvInit    capture_drv.o
    0x0800023e   0x0800023e   0x00000002   PAD
    0x08000240   0x08000240   0x00000048   Code   RO          716    i.CaptureDrvTest    capture_drv.o
    0x08000288   0x08000288   0x00000002   Code   RO          269    i.DebugMon_Handler  gd32f30x_it.o
    0x0800028a   0x0800028a   0x00000002   PAD
    0x0800028c   0x0800028c   0x0000003c   Code   RO          462    i.DelayInit         delay.o
    0x080002c8   0x080002c8   0x00000018   Code   RO          463    i.DelayNms          delay.o
    0x080002e0   0x080002e0   0x0000002c   Code   RO          464    i.DelayNus          delay.o
    0x0800030c   0x0800030c   0x00000018   Code   RO            2    i.DrvInit           main.o
    0x08000324   0x08000324   0x00000020   Code   RO          578    i.GpioInit          pwm_drv.o
    0x08000344   0x08000344   0x0000001c   Code   RO          717    i.GpioInit          capture_drv.o
    0x08000360   0x08000360   0x00000004   Code   RO          270    i.HardFault_Handler  gd32f30x_it.o
    0x08000364   0x08000364   0x0000005c   Code   RO          321    i.LedDrvInit        led_drv.o
    0x080003c0   0x080003c0   0x00000004   Code   RO          271    i.MemManage_Handler  gd32f30x_it.o
    0x080003c4   0x080003c4   0x00000002   Code   RO          272    i.NMI_Handler       gd32f30x_it.o
    0x080003c6   0x080003c6   0x00000002   Code   RO          273    i.PendSV_Handler    gd32f30x_it.o
    0x080003c8   0x080003c8   0x0000000c   Code   RO          579    i.PwmDrvInit        pwm_drv.o
    0x080003d4   0x080003d4   0x00000002   Code   RO          274    i.SVC_Handler       gd32f30x_it.o
    0x080003d6   0x080003d6   0x00000002   PAD
    0x080003d8   0x080003d8   0x00000024   Code   RO          362    i.SysTick_Handler   systick.o
    0x080003fc   0x080003fc   0x000000a8   Code   RO         2126    i.SystemInit        system_gd32f30x.o
    0x080004a4   0x080004a4   0x00000048   Code   RO          718    i.TIMER1_IRQHandler  capture_drv.o
    0x080004ec   0x080004ec   0x00000020   Code   RO          547    i.TIMER4_IRQHandler  timing_drv.o
    0x0800050c   0x0800050c   0x00000074   Code   RO          581    i.TimerInit         pwm_drv.o
    0x08000580   0x08000580   0x00000072   Code   RO          719    i.TimerInit         capture_drv.o
    0x080005f2   0x080005f2   0x00000002   PAD
    0x080005f4   0x080005f4   0x00000050   Code   RO          322    i.ToggleLed         led_drv.o
    0x08000644   0x08000644   0x0000003c   Code   RO          405    i.USART0_IRQHandler  usb2com_drv.o
    0x08000680   0x08000680   0x00000004   Code   RO          275    i.UsageFault_Handler  gd32f30x_it.o
    0x08000684   0x08000684   0x00000010   Code   RO          406    i.Usb2ComDrvInit    usb2com_drv.o
    0x08000694   0x08000694   0x0000002c   Code   RO          407    i.Usb2ComGpioInit   usb2com_drv.o
    0x080006c0   0x080006c0   0x00000058   Code   RO          408    i.UsbComUartInit    usb2com_drv.o
    0x08000718   0x08000718   0x00000020   Code   RO         2388    i.__0printf$8       mc_w.l(printf8.o)
    0x08000738   0x08000738   0x0000000e   Code   RO         2484    i.__scatterload_copy  mc_w.l(handlers.o)
    0x08000746   0x08000746   0x00000002   Code   RO         2485    i.__scatterload_null  mc_w.l(handlers.o)
    0x08000748   0x08000748   0x0000000e   Code   RO         2486    i.__scatterload_zeroinit  mc_w.l(handlers.o)
    0x08000756   0x08000756   0x00000002   PAD
    0x08000758   0x08000758   0x00000410   Code   RO         2395    i._printf_core      mc_w.l(printf8.o)
    0x08000b68   0x08000b68   0x00000024   Code   RO         2396    i._printf_post_padding  mc_w.l(printf8.o)
    0x08000b8c   0x08000b8c   0x0000002e   Code   RO         2397    i._printf_pre_padding  mc_w.l(printf8.o)
    0x08000bba   0x08000bba   0x00000002   PAD
    0x08000bbc   0x08000bbc   0x00000028   Code   RO          409    i.fputc             usb2com_drv.o
    0x08000be4   0x08000be4   0x00000004   Code   RO          760    i.gpio_bit_reset    gd32f30x_gpio.o
    0x08000be8   0x08000be8   0x0000000a   Code   RO          762    i.gpio_bit_write    gd32f30x_gpio.o
    0x08000bf2   0x08000bf2   0x000000bc   Code   RO          770    i.gpio_init         gd32f30x_gpio.o
    0x08000cae   0x08000cae   0x00000010   Code   RO          771    i.gpio_input_bit_get  gd32f30x_gpio.o
    0x08000cbe   0x08000cbe   0x0000000c   Code   RO            5    i.main              main.o
    0x08000cca   0x08000cca   0x00000002   PAD
    0x08000ccc   0x08000ccc   0x000000c4   Code   RO         1303    i.nvic_irq_enable   gd32f30x_misc.o
    0x08000d90   0x08000d90   0x00000014   Code   RO         1304    i.nvic_priority_group_set  gd32f30x_misc.o
    0x08000da4   0x08000da4   0x00000158   Code   RO          968    i.rcu_clock_freq_get  gd32f30x_rcu.o
    0x08000efc   0x08000efc   0x00000020   Code   RO          986    i.rcu_periph_clock_enable  gd32f30x_rcu.o
    0x08000f1c   0x08000f1c   0x00000020   Code   RO          989    i.rcu_periph_reset_disable  gd32f30x_rcu.o
    0x08000f3c   0x08000f3c   0x00000020   Code   RO          990    i.rcu_periph_reset_enable  gd32f30x_rcu.o
    0x08000f5c   0x08000f5c   0x00000114   Code   RO         2127    i.system_clock_120m_hxtal  system_gd32f30x.o
    0x08001070   0x08001070   0x00000008   Code   RO         2128    i.system_clock_config  system_gd32f30x.o
    0x08001078   0x08001078   0x0000002a   Code   RO         1684    i.timer_channel_capture_value_register_read  gd32f30x_timer.o
    0x080010a2   0x080010a2   0x0000005a   Code   RO         1690    i.timer_channel_input_capture_prescaler_config  gd32f30x_timer.o
    0x080010fc   0x080010fc   0x00000010   Code   RO         1691    i.timer_channel_input_struct_para_init  gd32f30x_timer.o
    0x0800110c   0x0800110c   0x000001ec   Code   RO         1693    i.timer_channel_output_config  gd32f30x_timer.o
    0x080012f8   0x080012f8   0x0000005a   Code   RO         1695    i.timer_channel_output_mode_config  gd32f30x_timer.o
    0x08001352   0x08001352   0x00000026   Code   RO         1697    i.timer_channel_output_pulse_value_config  gd32f30x_timer.o
    0x08001378   0x08001378   0x00000010   Code   RO         1700    i.timer_channel_output_struct_para_init  gd32f30x_timer.o
    0x08001388   0x08001388   0x00000004   Code   RO         1705    i.timer_counter_value_config  gd32f30x_timer.o
    0x0800138c   0x0800138c   0x000000dc   Code   RO         1706    i.timer_deinit      gd32f30x_timer.o
    0x08001468   0x08001468   0x0000000a   Code   RO         1711    i.timer_enable      gd32f30x_timer.o
    0x08001472   0x08001472   0x00000002   PAD
    0x08001474   0x08001474   0x00000098   Code   RO         1721    i.timer_init        gd32f30x_timer.o
    0x0800150c   0x0800150c   0x00000164   Code   RO         1723    i.timer_input_pwm_capture_config  gd32f30x_timer.o
    0x08001670   0x08001670   0x00000008   Code   RO         1728    i.timer_interrupt_enable  gd32f30x_timer.o
    0x08001678   0x08001678   0x00000006   Code   RO         1729    i.timer_interrupt_flag_clear  gd32f30x_timer.o
    0x0800167e   0x0800167e   0x00000018   Code   RO         1730    i.timer_interrupt_flag_get  gd32f30x_timer.o
    0x08001696   0x08001696   0x00000018   Code   RO         1736    i.timer_primary_output_config  gd32f30x_timer.o
    0x080016ae   0x080016ae   0x00000016   Code   RO         1741    i.timer_struct_para_init  gd32f30x_timer.o
    0x080016c4   0x080016c4   0x00000090   Code   RO         1359    i.usart_baudrate_set  gd32f30x_usart.o
    0x08001754   0x08001754   0x0000000a   Code   RO         1362    i.usart_data_receive  gd32f30x_usart.o
    0x0800175e   0x0800175e   0x00000008   Code   RO         1363    i.usart_data_transmit  gd32f30x_usart.o
    0x08001766   0x08001766   0x00000002   PAD
    0x08001768   0x08001768   0x00000090   Code   RO         1364    i.usart_deinit      gd32f30x_usart.o
    0x080017f8   0x080017f8   0x0000000a   Code   RO         1368    i.usart_enable      gd32f30x_usart.o
    0x08001802   0x08001802   0x0000001e   Code   RO         1370    i.usart_flag_get    gd32f30x_usart.o
    0x08001820   0x08001820   0x0000001a   Code   RO         1377    i.usart_interrupt_enable  gd32f30x_usart.o
    0x0800183a   0x0800183a   0x00000012   Code   RO         1378    i.usart_interrupt_flag_clear  gd32f30x_usart.o
    0x0800184c   0x0800184c   0x00000038   Code   RO         1379    i.usart_interrupt_flag_get  gd32f30x_usart.o
    0x08001884   0x08001884   0x00000014   Code   RO         1392    i.usart_receive_config  gd32f30x_usart.o
    0x08001898   0x08001898   0x00000014   Code   RO         1406    i.usart_transmit_config  gd32f30x_usart.o
    0x080018ac   0x080018ac   0x00000020   Data   RO         2482    Region$$Table       anon$$obj.o


    Execution Region RW_IRAM1 (Exec base: 0x20000000, Load base: 0x080018cc, Size: 0x00000460, Max: 0x00010000, ABSOLUTE)

    Exec Addr    Load Addr    Size         Type   Attr      Idx    E Section Name        Object

    0x20000000   0x080018cc   0x00000024   Data   RW          325    .data               led_drv.o
    0x20000024   0x080018f0   0x00000004   PAD
    0x20000028   0x080018f4   0x0000000c   Data   RW          365    .data               systick.o
    0x20000034   0x08001900   0x0000001c   Data   RW          411    .data               usb2com_drv.o
    0x20000050   0x0800191c   0x00000008   Data   RW          720    .data               capture_drv.o
    0x20000058   0x08001924   0x00000004   Data   RW         2456    .data               mc_w.l(stdout.o)
    0x2000005c   0x08001928   0x00000004   PAD
    0x20000060        -       0x00000400   Zero   RW         2116    STACK               startup_gd32f30x_hd.o


==============================================================================

Image component sizes


      Code (inc. data)   RO Data    RW Data    ZI Data      Debug   Object Name

       298         60          0          8          0       2930   capture_drv.o
       128         18          0          0          0       1950   delay.o
       218          0          0          0          0      14871   gd32f30x_gpio.o
        24          0          0          0          0       3956   gd32f30x_it.o
       216         20          0          0          0       1460   gd32f30x_misc.o
       440         46          0          0          0      20032   gd32f30x_rcu.o
      1610         48          0          0          0      27458   gd32f30x_timer.o
       486         16          0          0          0      13859   gd32f30x_usart.o
       172         10          0         36          0       1889   led_drv.o
        36          0          0          0          0       6731   main.o
       160         10          0          0          0      16781   pwm_drv.o
        36          8        304          0       1024        840   startup_gd32f30x_hd.o
       452         30          0          0          0       2429   system_gd32f30x.o
        36          8          0         12          0       1130   systick.o
        32          4          0          0          0        536   timing_drv.o
         0          0          0          0          0      21268   usb2com_app.o
       248         26          0         28          0       3692   usb2com_drv.o

    ----------------------------------------------------------------------
      4606        304        336         88       1024     141812   Object Totals
         0          0         32          0          0          0   (incl. Generated)
        14          0          0          4          0          0   (incl. Padding)

    ----------------------------------------------------------------------

      Code (inc. data)   RO Data    RW Data    ZI Data      Debug   Library Member Name

         0          0          0          0          0          0   entry.o
         0          0          0          0          0          0   entry10a.o
         0          0          0          0          0          0   entry11a.o
         8          4          0          0          0          0   entry2.o
         4          0          0          0          0          0   entry5.o
         0          0          0          0          0          0   entry7b.o
         0          0          0          0          0          0   entry8b.o
         8          4          0          0          0          0   entry9a.o
        30          0          0          0          0          0   handlers.o
        36          8          0          0          0         68   init.o
        30          0          0          0          0         68   llshl.o
        32          0          0          0          0         68   llushr.o
      1154         54          0          0          0        352   printf8.o
         0          0          0          4          0          0   stdout.o
        98          0          0          0          0         92   uldiv.o

    ----------------------------------------------------------------------
      1406         70          0          4          4        648   Library Totals
         6          0          0          0          4          0   (incl. Padding)

    ----------------------------------------------------------------------

      Code (inc. data)   RO Data    RW Data    ZI Data      Debug   Library Name

      1400         70          0          4          0        648   mc_w.l

    ----------------------------------------------------------------------
      1406         70          0          4          4        648   Library Totals

    ----------------------------------------------------------------------

==============================================================================


      Code (inc. data)   RO Data    RW Data    ZI Data      Debug   

      6012        374        336         92       1028     135804   Grand Totals
      6012        374        336         92       1028     135804   ELF Image Totals
      6012        374        336         92          0          0   ROM Totals

==============================================================================

    Total RO  Size (Code + RO Data)                 6348 (   6.20kB)
    Total RW  Size (RW Data + ZI Data)              1120 (   1.09kB)
    Total ROM Size (Code + RO Data + RW Data)       6440 (   6.29kB)

==============================================================================

