<html>
<body>
<pre>
<h1>礦ision Build Log</h1>
<h2>Tool Versions:</h2>
IDE-Version: μVision V5.33.0.0
Copyright (C) 2020 ARM Ltd and ARM Germany GmbH. All rights reserved.
License Information: 1 zdh, 1, LIC=65ISZ-JHH2E-633MB-2AGVB-6WJZ0-2F2NT
 
Tool Versions:
Toolchain:       MDK-ARM Plus  Version: 5.33.0.0
Toolchain Path:  D:\Study\keil\UV4\ARM\ARMCC\Bin
C Compiler:      Armcc.exe V5.06 update 7 (build 960)
Assembler:       Armasm.exe V5.06 update 7 (build 960)
Linker/Locator:  ArmLink.exe V5.06 update 7 (build 960)
Library Manager: ArmAr.exe V5.06 update 7 (build 960)
Hex Converter:   FromElf.exe V5.06 update 7 (build 960)
CPU DLL:         SARMCM3.DLL V5.33.0.0
Dialog DLL:      DCM.DLL V1.17.3.0
Target DLL:      Segger\JL2CM3.dll V2.99.38.0
Dialog DLL:      TCM.DLL V1.48.0.0
 
<h2>Project:</h2>
D:\Study\ARM32单片机实战课程\06自己动手\9.6 二分查找法\ARM32.uvprojx
Project File Date:  02/03/2024

<h2>Output:</h2>
*** Using Compiler 'V5.06 update 7 (build 960)', folder: 'D:\Study\keil\UV4\ARM\ARMCC\Bin'
Rebuild target 'ARM32'
compiling systick.c...
compiling gd32f30x_gpio.c...
compiling gd32f30x_it.c...
compiling hmi_app.c...
compiling main.c...
App\main.c(302): warning:  #177-D: variable "arr2"  was declared but never referenced
  	int32_t arr2[6] = {20,14,10,7,3,1};
App\main.c(37): warning:  #177-D: function "TaskHandler"  was declared but never referenced
  static void TaskHandler(void)
App\main.c(82): warning:  #177-D: function "AppInit"  was declared but never referenced
  static void AppInit(void)
App\main.c: 3 warnings, 0 errors
compiling vres_drv.c...
compiling queue.c...
compiling key_drv.c...
compiling delay.c...
compiling led_drv.c...
compiling usb2com_app.c...
assembling startup_gd32f30x_hd.s...
compiling usb2Com_drv.c...
compiling gd32f30x_exti.c...
compiling gd32f30x_misc.c...
compiling gd32f30x_usart.c...
compiling gd32f30x_rcu.c...
compiling gd32f30x_dma.c...
compiling gd32f30x_adc.c...
compiling system_gd32f30x.c...
linking...
Program Size: Code=5724 RO-data=384 RW-data=136 ZI-data=1024  
FromELF: creating hex file...
After Build - User command #1: fromelf --bin --output .\Objects\ARM32.bin .\Objects\ARM32.axf
After Build - User command #2: fromelf --text -a -c --output .\Objects\ARM32.dis .\Objects\ARM32.axf
".\Objects\ARM32.axf" - 0 Error(s), 3 Warning(s).

<h2>Software Packages used:</h2>

Package Vendor: GigaDevice
                https://gd32mcu.com/data/documents/pack/GigaDevice.GD32F30x_DFP.2.2.3.pack
                GigaDevice.GD32F30x_DFP.2.2.3
                GigaDevice GD32F30x Series Device Support and Examples

<h2>Collection of Component include folders:</h2>
  D:\Study\keil\UV4\GigaDevice\GD32F30x_DFP\2.2.3\Device\Include

<h2>Collection of Component Files used:</h2>
Build Time Elapsed:  00:00:02
</pre>
</body>
</html>
