<html>
<body>
<pre>
<h1>礦ision Build Log</h1>
<h2>Tool Versions:</h2>
IDE-Version: μVision V5.31.0.0
Copyright (C) 2020 ARM Ltd and ARM Germany GmbH. All rights reserved.
License Information: Ye Dapeng, HIKE, LIC=ZB4EI-THRBD-2ZVW4-FMA8W-1DVAA-UDKDE
 
Tool Versions:
Toolchain:       MDK-ARM Plus  Version: 5.31.0.0
Toolchain Path:  C:\Keil_v5\ARM\ARMCC\Bin
C Compiler:      Armcc.exe V5.06 update 6 (build 750)
Assembler:       Armasm.exe V5.06 update 6 (build 750)
Linker/Locator:  ArmLink.exe V5.06 update 6 (build 750)
Library Manager: ArmAr.exe V5.06 update 6 (build 750)
Hex Converter:   FromElf.exe V5.06 update 6 (build 750)
CPU DLL:         SARMCM3.DLL V5.31.0.0
Dialog DLL:      DCM.DLL V1.17.3.0
Target DLL:      Segger\JL2CM3.dll V2.99.38.0
Dialog DLL:      TCM.DLL V1.46.0.0
 
<h2>Project:</h2>
E:\03 PN\07 培训班\GD32F303实战课程\00 开发板\02 例程代码\14 IAP-Bootloader\ARM32.uvprojx
Project File Date:  10/18/2023

<h2>Output:</h2>
*** Using Compiler 'V5.06 update 6 (build 750)', folder: 'C:\Keil_v5\ARM\ARMCC\Bin'
Rebuild target 'ARM32'
compiling update.c...
compiling retarget_io.c...
assembling startup_gd32f30x_hd.s...
compiling gd32f30x_it.c...
compiling main.c...
compiling gd32f30x_rtc.c...
compiling system_gd32f30x.c...
compiling gd32f30x_adc.c...
compiling gd32f30x_misc.c...
compiling delay.c...
compiling gd32f30x_pmu.c...
compiling flash_drv.c...
compiling systick.c...
compiling gd32f30x_bkp.c...
compiling gd32f30x_gpio.c...
compiling gd32f30x_fmc.c...
compiling gd32f30x_dma.c...
compiling rs485_drv.c...
compiling gd32f30x_usart.c...
compiling gd32f30x_rcu.c...
compiling gd32f30x_timer.c...
linking...
Program Size: Code=6440 RO-data=612 RW-data=36 ZI-data=3332  
FromELF: creating hex file...
".\Objects\ARM32.axf" - 0 Error(s), 0 Warning(s).

<h2>Software Packages used:</h2>

Package Vendor: GigaDevice
                https://gd32mcu.com/data/documents/pack/GigaDevice.GD32F30x_DFP.2.2.3.pack
                GigaDevice.GD32F30x_DFP.2.2.3
                GigaDevice GD32F30x Series Device Support and Examples

Package Vendor: Keil
                http://www.keil.com/pack/Keil.ARM_Compiler.1.6.3.pack
                Keil.ARM_Compiler.1.6.3
                Keil ARM Compiler extensions for ARM Compiler 5 and ARM Compiler 6
   * Component: STDERR Variant: Breakpoint Version: 1.2.0

<h2>Collection of Component include folders:</h2>
  .\RTE\_ARM32
  C:\Users\Administrator\AppData\Local\Arm\Packs\GigaDevice\GD32F30x_DFP\2.2.3\Device\Include

<h2>Collection of Component Files used:</h2>

   * Component: Keil.ARM Compiler::Compiler:I/O:STDERR:Breakpoint:1.2.0
      Source file:   Source\retarget_io.c
Build Time Elapsed:  00:00:01
</pre>
</body>
</html>
