<html>
<body>
<pre>
<h1>礦ision Build Log</h1>
<h2>Tool Versions:</h2>
IDE-Version: μVision V5.33.0.0
Copyright (C) 2020 ARM Ltd and ARM Germany GmbH. All rights reserved.
License Information: 1 zdh, 1, LIC=65ISZ-JHH2E-633MB-2AGVB-6WJZ0-2F2NT
 
Tool Versions:
Toolchain:       MDK-ARM Plus  Version: 5.33.0.0
Toolchain Path:  D:\Study\keil\UV4\ARM\ARMCC\Bin
C Compiler:      Armcc.exe V5.06 update 7 (build 960)
Assembler:       Armasm.exe V5.06 update 7 (build 960)
Linker/Locator:  ArmLink.exe V5.06 update 7 (build 960)
Library Manager: ArmAr.exe V5.06 update 7 (build 960)
Hex Converter:   FromElf.exe V5.06 update 7 (build 960)
CPU DLL:         SARMCM3.DLL V5.33.0.0
Dialog DLL:      DCM.DLL V1.17.3.0
Target DLL:      Segger\JL2CM3.dll V2.99.38.0
Dialog DLL:      TCM.DLL V1.48.0.0
 
<h2>Project:</h2>
d:\Study\ARM32单片机实战课程\06自己动手\12.1软件模拟SPI驱动NOR FLASH\ARM32.uvprojx
Project File Date:  02/02/2024

<h2>Output:</h2>
*** Using Compiler 'V5.06 update 7 (build 960)', folder: 'D:\Study\keil\UV4\ARM\ARMCC\Bin'
Build target 'ARM32'
compiling main.c...
compiling norflash_drv.c...
Drv_Common\norflash_drv.c(103): warning:  #940-D: missing return statement at end of non-void function "SPIReadWriteByte" 
  }
Drv_Common\norflash_drv.c(178): warning:  #177-D: variable "bufferWrite"  was declared but never referenced
      uint8_t bufferWrite[BUFFER_SIZE];
Drv_Common\norflash_drv.c(179): warning:  #177-D: variable "bufferRead"  was declared but never referenced
      uint8_t bufferRead[BUFFER_SIZE];
Drv_Common\norflash_drv.c: 3 warnings, 0 errors
linking...
Program Size: Code=12472 RO-data=1632 RW-data=468 ZI-data=1356  
FromELF: creating hex file...
".\Objects\ARM32.axf" - 0 Error(s), 3 Warning(s).

<h2>Software Packages used:</h2>

Package Vendor: GigaDevice
                https://gd32mcu.com/data/documents/pack/GigaDevice.GD32F30x_DFP.2.2.3.pack
                GigaDevice.GD32F30x_DFP.2.2.3
                GigaDevice GD32F30x Series Device Support and Examples

Package Vendor: Keil
                http://www.keil.com/pack/Keil.ARM_Compiler.1.6.3.pack
                Keil.ARM_Compiler.1.6.3
                Keil ARM Compiler extensions for ARM Compiler 5 and ARM Compiler 6
   * Component: STDERR Variant: Breakpoint Version: 1.2.0

<h2>Collection of Component include folders:</h2>
  .\RTE\_ARM32
  D:\Study\keil\UV4\GigaDevice\GD32F30x_DFP\2.2.3\Device\Include

<h2>Collection of Component Files used:</h2>

   * Component: Keil.ARM Compiler::Compiler:I/O:STDERR:Breakpoint:1.2.0
      Source file:   Source\retarget_io.c
Build Time Elapsed:  00:00:01
</pre>
</body>
</html>
