Component: ARM Compiler 5.06 update 7 (build 960) Tool: armlink [4d3601]

==============================================================================

Section Cross References

    hmi_app.o(i.HmiTask) refers to key_drv.o(i.GetKeyVal) for GetKeyVal
    hmi_app.o(i.HmiTask) refers to led_drv.o(i.TurnOnLed) for TurnOnLed
    hmi_app.o(i.HmiTask) refers to fatfs_app.o(i.PrintSensorFile) for PrintSensorFile
    hmi_app.o(i.HmiTask) refers to led_drv.o(i.TurnOffLed) for TurnOffLed
    main.o(i.AppInit) refers to systick.o(i.TaskScheduleCbReg) for TaskScheduleCbReg
    main.o(i.AppInit) refers to modbus_app.o(i.ModbusAppInit) for ModbusAppInit
    main.o(i.AppInit) refers to fatfs_app.o(i.FatfsInit) for FatfsInit
    main.o(i.AppInit) refers to main.o(i.TaskScheduleCb) for TaskScheduleCb
    main.o(i.DrvInit) refers to delay.o(i.DelayInit) for DelayInit
    main.o(i.DrvInit) refers to led_drv.o(i.LedDrvInit) for LedDrvInit
    main.o(i.DrvInit) refers to key_drv.o(i.KeyDrvInit) for KeyDrvInit
    main.o(i.DrvInit) refers to usb2com_drv.o(i.Usb2ComDrvInit) for Usb2ComDrvInit
    main.o(i.DrvInit) refers to rtc_drv.o(i.RtcDrvInit) for RtcDrvInit
    main.o(i.DrvInit) refers to sensor_drv.o(i.SensorDrvInit) for SensorDrvInit
    main.o(i.DrvInit) refers to eeprom_drv.o(i.EepromDrvInit) for EepromDrvInit
    main.o(i.DrvInit) refers to norflash_drv.o(i.NorflashDrvInit) for NorflashDrvInit
    main.o(i.DrvInit) refers to systick.o(i.SystickInit) for SystickInit
    main.o(i.TaskHandler) refers to main.o(.data) for g_taskComps
    main.o(i.TaskScheduleCb) refers to main.o(.data) for g_taskComps
    main.o(i.main) refers to main.o(i.DrvInit) for DrvInit
    main.o(i.main) refers to main.o(i.AppInit) for AppInit
    main.o(i.main) refers to rtc_drv.o(i.SetRtcTime) for SetRtcTime
    main.o(i.main) refers to main.o(i.TaskHandler) for TaskHandler
    main.o(i.main) refers to main.o(.constdata) for .constdata
    main.o(.data) refers to hmi_app.o(i.HmiTask) for HmiTask
    main.o(.data) refers to sensor_app.o(i.SensorTask) for SensorTask
    main.o(.data) refers to modbus_app.o(i.ModbusTask) for ModbusTask
    main.o(.data) refers to fatfs_app.o(i.FatfsTask) for FatfsTask
    sensor_app.o(i.SensorTask) refers to sensor_drv.o(i.SensorDrvProc) for SensorDrvProc
    fatfs_app.o(i.FatfsInit) refers to ff.o(i.f_mount) for f_mount
    fatfs_app.o(i.FatfsInit) refers to ff.o(i.f_mkfs) for f_mkfs
    fatfs_app.o(i.FatfsInit) refers to printf8.o(i.__0printf$8) for __2printf
    fatfs_app.o(i.FatfsInit) refers to fatfs_app.o(.bss) for g_fs
    fatfs_app.o(i.FatfsInit) refers to fatfs_app.o(.data) for g_fsInitStat
    fatfs_app.o(i.FatfsTask) refers to ff.o(i.f_open) for f_open
    fatfs_app.o(i.FatfsTask) refers to printf8.o(i.__0printf$8) for __2printf
    fatfs_app.o(i.FatfsTask) refers to rtc_drv.o(i.GetRtcTime) for GetRtcTime
    fatfs_app.o(i.FatfsTask) refers to sensor_drv.o(i.GetSensorData) for GetSensorData
    fatfs_app.o(i.FatfsTask) refers to f2d.o(.text) for __aeabi_f2d
    fatfs_app.o(i.FatfsTask) refers to ff.o(i.f_printf) for f_printf
    fatfs_app.o(i.FatfsTask) refers to ff.o(i.f_close) for f_close
    fatfs_app.o(i.FatfsTask) refers to fatfs_app.o(.data) for g_fsInitStat
    fatfs_app.o(i.FatfsTask) refers to fatfs_app.o(.bss) for g_sensorFile
    fatfs_app.o(i.PrintSensorFile) refers to ff.o(i.f_open) for f_open
    fatfs_app.o(i.PrintSensorFile) refers to printf8.o(i.__0printf$8) for __2printf
    fatfs_app.o(i.PrintSensorFile) refers to memseta.o(.text) for __aeabi_memclr4
    fatfs_app.o(i.PrintSensorFile) refers to ff.o(i.f_gets) for f_gets
    fatfs_app.o(i.PrintSensorFile) refers to ff.o(i.f_unlink) for f_unlink
    fatfs_app.o(i.PrintSensorFile) refers to fatfs_app.o(.data) for g_fsInitStat
    fatfs_app.o(i.PrintSensorFile) refers to fatfs_app.o(.bss) for g_sensorFile
    modbus_app.o(i.ModbusAppInit) refers to modbus_slave.o(i.ModbusSlaveInit) for ModbusSlaveInit
    modbus_app.o(i.ModbusAppInit) refers to modbus_app.o(.constdata) for .constdata
    modbus_app.o(i.ModbusGetHumi) refers to sensor_drv.o(i.GetSensorData) for GetSensorData
    modbus_app.o(i.ModbusGetTemp) refers to sensor_drv.o(i.GetSensorData) for GetSensorData
    modbus_app.o(i.ModbusSetLed1) refers to led_drv.o(i.TurnOffLed) for TurnOffLed
    modbus_app.o(i.ModbusSetLed1) refers to led_drv.o(i.TurnOnLed) for TurnOnLed
    modbus_app.o(i.ModbusSetLed2) refers to led_drv.o(i.TurnOffLed) for TurnOffLed
    modbus_app.o(i.ModbusSetLed2) refers to led_drv.o(i.TurnOnLed) for TurnOnLed
    modbus_app.o(i.ModbusTask) refers to mb.o(i.eMBPoll) for eMBPoll
    modbus_app.o(i.ReadRegsCb) refers to modbus_app.o(.data) for g_regInstanceTab
    modbus_app.o(i.WriteRegsCb) refers to modbus_app.o(.data) for g_regInstanceTab
    modbus_app.o(.constdata) refers to modbus_app.o(i.ReadRegsCb) for ReadRegsCb
    modbus_app.o(.constdata) refers to modbus_app.o(i.WriteRegsCb) for WriteRegsCb
[...]
    i.timer_interrupt_flag_get               0x08006856   Section        0  gd32f30x_timer.o(i.timer_interrupt_flag_get)
    i.timer_struct_para_init                 0x0800686e   Section        0  gd32f30x_timer.o(i.timer_struct_para_init)
    i.usMBCRC16                              0x08006884   Section        0  mbcrc.o(i.usMBCRC16)
    i.usart_baudrate_set                     0x080068bc   Section        0  gd32f30x_usart.o(i.usart_baudrate_set)
    i.usart_data_receive                     0x0800694c   Section        0  gd32f30x_usart.o(i.usart_data_receive)
    i.usart_data_transmit                    0x08006956   Section        0  gd32f30x_usart.o(i.usart_data_transmit)
    i.usart_deinit                           0x08006960   Section        0  gd32f30x_usart.o(i.usart_deinit)
    i.usart_enable                           0x080069f0   Section        0  gd32f30x_usart.o(i.usart_enable)
    i.usart_flag_get                         0x080069fa   Section        0  gd32f30x_usart.o(i.usart_flag_get)
    i.usart_interrupt_disable                0x08006a18   Section        0  gd32f30x_usart.o(i.usart_interrupt_disable)
    i.usart_interrupt_enable                 0x08006a32   Section        0  gd32f30x_usart.o(i.usart_interrupt_enable)
    i.usart_interrupt_flag_clear             0x08006a4c   Section        0  gd32f30x_usart.o(i.usart_interrupt_flag_clear)
    i.usart_interrupt_flag_get               0x08006a5e   Section        0  gd32f30x_usart.o(i.usart_interrupt_flag_get)
    i.usart_receive_config                   0x08006a96   Section        0  gd32f30x_usart.o(i.usart_receive_config)
    i.usart_transmit_config                  0x08006aaa   Section        0  gd32f30x_usart.o(i.usart_transmit_config)
    i.vMBPortSerialEnable                    0x08006ac0   Section        0  portserial.o(i.vMBPortSerialEnable)
    i.vMBPortTimersDisable                   0x08006b2c   Section        0  porttimer.o(i.vMBPortTimersDisable)
    i.vMBPortTimersEnable                    0x08006b54   Section        0  porttimer.o(i.vMBPortTimersEnable)
    i.validate                               0x08006b7c   Section        0  ff.o(i.validate)
    validate                                 0x08006b7d   Thumb Code    60  ff.o(i.validate)
    i.xMBPortEventGet                        0x08006bb8   Section        0  portevent.o(i.xMBPortEventGet)
    i.xMBPortEventInit                       0x08006bdc   Section        0  portevent.o(i.xMBPortEventInit)
    i.xMBPortEventPost                       0x08006bec   Section        0  portevent.o(i.xMBPortEventPost)
    i.xMBPortSerialGetByte                   0x08006c04   Section        0  portserial.o(i.xMBPortSerialGetByte)
    i.xMBPortSerialInit                      0x08006c1c   Section        0  portserial.o(i.xMBPortSerialInit)
    i.xMBPortSerialPutByte                   0x08006c3c   Section        0  portserial.o(i.xMBPortSerialPutByte)
    i.xMBPortTimersInit                      0x08006c54   Section        0  porttimer.o(i.xMBPortTimersInit)
    i.xMBRTUReceiveFSM                       0x08006c9c   Section        0  mbrtu.o(i.xMBRTUReceiveFSM)
    i.xMBRTUTimerT35Expired                  0x08006d6c   Section        0  mbrtu.o(i.xMBRTUTimerT35Expired)
    i.xMBRTUTransmitFSM                      0x08006dec   Section        0  mbrtu.o(i.xMBRTUTransmitFSM)
    .constdata                               0x08006ea4   Section        8  main.o(.constdata)
    .constdata                               0x08006eac   Section       16  modbus_app.o(.constdata)
    .constdata                               0x08006ebc   Section      512  mbcrc.o(.constdata)
    aucCRCHi                                 0x08006ebc   Data         256  mbcrc.o(.constdata)
    aucCRCLo                                 0x08006fbc   Data         256  mbcrc.o(.constdata)
    .constdata                               0x080070bc   Section      204  ff.o(.constdata)
    LfnOfs                                   0x080070bc   Data          13  ff.o(.constdata)
    ExCvt                                    0x080070c9   Data         128  ff.o(.constdata)
    badchr                                   0x08007149   Data          18  ff.o(.constdata)
    cst                                      0x0800715c   Data          14  ff.o(.constdata)
    cst32                                    0x0800716a   Data          14  ff.o(.constdata)
    defopt                                   0x08007178   Data          16  ff.o(.constdata)
    .constdata                               0x08007188   Section      942  ffunicode.o(.constdata)
    uc437                                    0x08007188   Data         256  ffunicode.o(.constdata)
    cvt1                                     0x08007288   Data         498  ffunicode.o(.constdata)
    cvt2                                     0x0800747a   Data         188  ffunicode.o(.constdata)
    .constdata                               0x08007536   Section      200  ntc_drv.o(.constdata)
    g_ntcAdcTable                            0x08007536   Data         200  ntc_drv.o(.constdata)
    .constdata                               0x080075fe   Section      468  rh_drv.o(.constdata)
    g_rhADCVal                               0x080075fe   Data         468  rh_drv.o(.constdata)
    .constdata                               0x080077d2   Section       12  mktime.o(.constdata)
    monlen                                   0x080077d2   Data          12  mktime.o(.constdata)
    .constdata                               0x080077de   Section       12  localtime_i.o(.constdata)
    monlen                                   0x080077de   Data          12  localtime_i.o(.constdata)
    .conststring                             0x080077ec   Section       99  mbrtu.o(.conststring)
    .data                                    0x20000000   Section       48  main.o(.data)
    g_taskComps                              0x20000000   Data          48  main.o(.data)
    .data                                    0x20000030   Section        1  fatfs_app.o(.data)
    g_fsInitStat                             0x20000030   Data           1  fatfs_app.o(.data)
    .data                                    0x20000034   Section       64  modbus_app.o(.data)
    g_regInstanceTab                         0x20000034   Data          64  modbus_app.o(.data)
    .data                                    0x20000074   Section      181  mb.o(.data)
    ucMBAddress                              0x20000074   Data           1  mb.o(.data)
    eMBCurrentMode                           0x20000075   Data           1  mb.o(.data)
    eMBState                                 0x20000076   Data           1  mb.o(.data)
    peMBFrameSendCur                         0x20000078   Data           4  mb.o(.data)
    pvMBFrameStartCur                        0x2000007c   Data           4  mb.o(.data)
    pvMBFrameStopCur                         0x20000080   Data           4  mb.o(.data)
    peMBFrameReceiveCur                      0x20000084   Data           4  mb.o(.data)
    pvMBFrameCloseCur                        0x20000088   Data           4  mb.o(.data)
    xFuncHandlers                            0x200000a0   Data         128  mb.o(.data)
    ucMBFrame                                0x20000120   Data           4  mb.o(.data)
    ucRcvAddress                             0x20000124   Data           1  mb.o(.data)
    ucFunctionCode                           0x20000125   Data           1  mb.o(.data)
    usLength                                 0x20000126   Data           2  mb.o(.data)
    eException                               0x20000128   Data           1  mb.o(.data)
    .data                                    0x2000012c   Section       12  mbrtu.o(.data)
    eSndState                                0x2000012c   Data           1  mbrtu.o(.data)
    eRcvState                                0x2000012d   Data           1  mbrtu.o(.data)
    pucSndBufferCur                          0x20000130   Data           4  mbrtu.o(.data)
    usSndBufferCount                         0x20000134   Data           2  mbrtu.o(.data)
    usRcvBufferPos                           0x20000136   Data           2  mbrtu.o(.data)
    .data                                    0x20000138   Section        8  modbus_slave.o(.data)
    g_modbusFuncCb                           0x20000138   Data           8  modbus_slave.o(.data)
    .data                                    0x20000140   Section        2  ff.o(.data)
    Fsid                                     0x20000140   Data           2  ff.o(.data)
    .data                                    0x20000144   Section       36  key_drv.o(.data)
    g_gpioList                               0x20000144   Data          36  key_drv.o(.data)
    .data                                    0x20000168   Section       36  led_drv.o(.data)
    g_gpioList                               0x20000168   Data          36  led_drv.o(.data)
    .data                                    0x2000018c   Section        8  ntc_drv.o(.data)
    g_tempData                               0x2000018c   Data           4  ntc_drv.o(.data)
    s_index                                  0x20000190   Data           2  ntc_drv.o(.data)
    s_convertNum                             0x20000192   Data           2  ntc_drv.o(.data)
    .data                                    0x20000194   Section        6  rh_drv.o(.data)
    g_adcVal                                 0x20000194   Data           2  rh_drv.o(.data)
    g_humiData                               0x20000196   Data           1  rh_drv.o(.data)
    g_timCount                               0x20000198   Data           2  rh_drv.o(.data)
    .data                                    0x200001a0   Section       12  systick.o(.data)
    g_sysRunTime                             0x200001a0   Data           8  systick.o(.data)
    g_pTaskScheduleFunc                      0x200001a8   Data           4  systick.o(.data)
    .data                                    0x200001ac   Section       28  usb2com_drv.o(.data)
    g_uartHwInfo                             0x200001ac   Data          24  usb2com_drv.o(.data)
    pProcUartDataFunc                        0x200001c4   Data           4  usb2com_drv.o(.data)
    .data                                    0x200001c8   Section        2  portevent.o(.data)
    eQueuedEvent                             0x200001c8   Data           1  portevent.o(.data)
    xEventInQueue                            0x200001c9   Data           1  portevent.o(.data)
    .data                                    0x200001cc   Section       24  portserial.o(.data)
    g_uartHwInfo                             0x200001cc   Data          24  portserial.o(.data)
    .data                                    0x200001e4   Section        4  stderr.o(.data)
    .data                                    0x200001e8   Section        4  stdout.o(.data)
    .bss                                     0x200001ec   Section     8292  fatfs_app.o(.bss)
    g_fs                                     0x200001ec   Data        4152  fatfs_app.o(.bss)
    g_sensorFile                             0x20001224   Data        4140  fatfs_app.o(.bss)
    .bss                                     0x20002250   Section      256  mbrtu.o(.bss)
    .bss                                     0x20002350   Section      524  ff.o(.bss)
    FatFs                                    0x20002350   Data          12  ff.o(.bss)
    LfnBuf                                   0x2000235c   Data         512  ff.o(.bss)
    .bss                                     0x20002560   Section       48  key_drv.o(.bss)
    g_keyInfo                                0x20002560   Data          48  key_drv.o(.bss)
    .bss                                     0x20002590   Section       20  ntc_drv.o(.bss)
    g_temp10MplBuf                           0x20002590   Data          20  ntc_drv.o(.bss)
    .bss                                     0x200025a4   Section       44  localtime_w.o(.bss)
    _tms                                     0x200025a4   Data          44  localtime_w.o(.bss)
    STACK                                    0x200025d0   Section     5120  startup_gd32f30x_hd.o(STACK)

    Global Symbols

    Symbol Name                              Value     Ov Type        Size  Object(Section)

    BuildAttributes$$THM_ISAv4$E$P$D$K$B$S$7EM$VFPi3$EXTD16$VFPS$VFMA$PE$A:L22UL41UL21$X:L11$S22US41US21$IEEE1$IW$USESV6$~STKCKD$USESV7$~SHL$OSPACE$ROPI$EBA8$MICROLIB$REQ8$PRES8$EABIv2 0x00000000   Number         0  anon$$obj.o ABSOLUTE
    __ARM_use_no_argv                        0x00000000   Number         0  main.o ABSOLUTE
    _printf_a                                0x00000000   Number         0  stubs.o ABSOLUTE
    _printf_c                                0x00000000   Number         0  stubs.o ABSOLUTE
    _printf_charcount                        0x00000000   Number         0  stubs.o ABSOLUTE
    _printf_d                                0x00000000   Number         0  stubs.o ABSOLUTE
    _printf_e                                0x00000000   Number         0  stubs.o ABSOLUTE
    _printf_f                                0x00000000   Number         0  stubs.o ABSOLUTE
    _printf_flags                            0x00000000   Number         0  stubs.o ABSOLUTE
    _printf_fp_dec                           0x00000000   Number         0  stubs.o ABSOLUTE
    _printf_fp_hex                           0x00000000   Number         0  stubs.o ABSOLUTE
    _printf_g                                0x00000000   Number         0  stubs.o ABSOLUTE
    _printf_i                                0x00000000   Number         0  stubs.o ABSOLUTE
    _printf_int_dec                          0x00000000   Number         0  stubs.o ABSOLUTE
    _printf_l                                0x00000000   Number         0  stubs.o ABSOLUTE
    _printf_lc                               0x00000000   Number         0  stubs.o ABSOLUTE
    _printf_ll                               0x00000000   Number         0  stubs.o ABSOLUTE
    _printf_lld                              0x00000000   Number         0  stubs.o ABSOLUTE
    _printf_lli                              0x00000000   Number         0  stubs.o ABSOLUTE
    _printf_llo                              0x00000000   Number         0  stubs.o ABSOLUTE
    _printf_llu                              0x00000000   Number         0  stubs.o ABSOLUTE
    _printf_llx                              0x00000000   Number         0  stubs.o ABSOLUTE
    _printf_longlong_dec                     0x00000000   Number         0  stubs.o ABSOLUTE
    _printf_longlong_hex                     0x00000000   Number         0  stubs.o ABSOLUTE
    _printf_longlong_oct                     0x00000000   Number         0  stubs.o ABSOLUTE
    _printf_ls                               0x00000000   Number         0  stubs.o ABSOLUTE
    _printf_mbtowc                           0x00000000   Number         0  stubs.o ABSOLUTE
    _printf_n                                0x00000000   Number         0  stubs.o ABSOLUTE
    _printf_o                                0x00000000   Number         0  stubs.o ABSOLUTE
    _printf_p                                0x00000000   Number         0  stubs.o ABSOLUTE
    _printf_percent                          0x00000000   Number         0  stubs.o ABSOLUTE
    _printf_pre_padding                      0x00000000   Number         0  stubs.o ABSOLUTE
    _printf_return_value                     0x00000000   Number         0  stubs.o ABSOLUTE
    _printf_s                                0x00000000   Number         0  stubs.o ABSOLUTE
    _printf_sizespec                         0x00000000   Number         0  stubs.o ABSOLUTE
    _printf_str                              0x00000000   Number         0  stubs.o ABSOLUTE
    _printf_truncate_signed                  0x00000000   Number         0  stubs.o ABSOLUTE
    _printf_truncate_unsigned                0x00000000   Number         0  stubs.o ABSOLUTE
    _printf_u                                0x00000000   Number         0  stubs.o ABSOLUTE
    _printf_wc                               0x00000000   Number         0  stubs.o ABSOLUTE
    _printf_wctomb                           0x00000000   Number         0  stubs.o ABSOLUTE
    _printf_widthprec                        0x00000000   Number         0  stubs.o ABSOLUTE
    _printf_x                                0x00000000   Number         0  stubs.o ABSOLUTE
    __arm_fini_                               - Undefined Weak Reference
    __cpp_initialize__aeabi_                  - Undefined Weak Reference
    __cxa_finalize                            - Undefined Weak Reference
    _clock_init                               - Undefined Weak Reference
    _microlib_exit                            - Undefined Weak Reference
    __Vectors_Size                           0x00000130   Number         0  startup_gd32f30x_hd.o ABSOLUTE
    __Vectors                                0x08000000   Data           4  startup_gd32f30x_hd.o(RESET)
    __Vectors_End                            0x08000130   Data           0  startup_gd32f30x_hd.o(RESET)
    __main                                   0x08000131   Thumb Code     0  entry.o(.ARM.Collect$$$$00000000)
    _main_stk                                0x08000131   Thumb Code     0  entry2.o(.ARM.Collect$$$$00000001)
    _main_scatterload                        0x08000135   Thumb Code     0  entry5.o(.ARM.Collect$$$$00000004)
    __main_after_scatterload                 0x08000139   Thumb Code     0  entry5.o(.ARM.Collect$$$$00000004)
    _main_clock                              0x08000139   Thumb Code     0  entry7b.o(.ARM.Collect$$$$00000008)
    _main_cpp_init                           0x08000139   Thumb Code     0  entry8b.o(.ARM.Collect$$$$0000000A)
    _main_init                               0x08000139   Thumb Code     0  entry9a.o(.ARM.Collect$$$$0000000B)
    __rt_lib_shutdown_fini                   0x08000141   Thumb Code     0  entry12b.o(.ARM.Collect$$$$0000000E)
    __rt_final_cpp                           0x08000145   Thumb Code     0  entry10a.o(.ARM.Collect$$$$0000000F)
    __rt_final_exit                          0x08000145   Thumb Code     0  entry11a.o(.ARM.Collect$$$$00000011)
    Reset_Handler                            0x08000149   Thumb Code     8  startup_gd32f30x_hd.o(.text)
    ADC0_1_IRQHandler                        0x08000163   Thumb Code     0  startup_gd32f30x_hd.o(.text)
    ADC2_IRQHandler                          0x08000163   Thumb Code     0  startup_gd32f30x_hd.o(.text)
    CAN0_EWMC_IRQHandler                     0x08000163   Thumb Code     0  startup_gd32f30x_hd.o(.text)
    CAN0_RX1_IRQHandler                      0x08000163   Thumb Code     0  startup_gd32f30x_hd.o(.text)
    DMA0_Channel0_IRQHandler                 0x08000163   Thumb Code     0  startup_gd32f30x_hd.o(.text)
    DMA0_Channel1_IRQHandler                 0x08000163   Thumb Code     0  startup_gd32f30x_hd.o(.text)
    DMA0_Channel2_IRQHandler                 0x08000163   Thumb Code     0  startup_gd32f30x_hd.o(.text)
    DMA0_Channel3_IRQHandler                 0x08000163   Thumb Code     0  startup_gd32f30x_hd.o(.text)
    DMA0_Channel4_IRQHandler                 0x08000163   Thumb Code     0  startup_gd32f30x_hd.o(.text)
    DMA0_Channel5_IRQHandler                 0x08000163   Thumb Code     0  startup_gd32f30x_hd.o(.text)
    DMA0_Channel6_IRQHandler                 0x08000163   Thumb Code     0  startup_gd32f30x_hd.o(.text)
    DMA1_Channel0_IRQHandler                 0x08000163   Thumb Code     0  startup_gd32f30x_hd.o(.text)
    DMA1_Channel1_IRQHandler                 0x08000163   Thumb Code     0  startup_gd32f30x_hd.o(.text)
    DMA1_Channel2_IRQHandler                 0x08000163   Thumb Code     0  startup_gd32f30x_hd.o(.text)
    DMA1_Channel3_4_IRQHandler               0x08000163   Thumb Code     0  startup_gd32f30x_hd.o(.text)
    EXMC_IRQHandler                          0x08000163   Thumb Code     0  startup_gd32f30x_hd.o(.text)
    EXTI0_IRQHandler                         0x08000163   Thumb Code     0  startup_gd32f30x_hd.o(.text)
    EXTI10_15_IRQHandler                     0x08000163   Thumb Code     0  startup_gd32f30x_hd.o(.text)
    EXTI1_IRQHandler                         0x08000163   Thumb Code     0  startup_gd32f30x_hd.o(.text)
    EXTI2_IRQHandler                         0x08000163   Thumb Code     0  startup_gd32f30x_hd.o(.text)
    EXTI3_IRQHandler                         0x08000163   Thumb Code     0  startup_gd32f30x_hd.o(.text)
    EXTI4_IRQHandler                         0x08000163   Thumb Code     0  startup_gd32f30x_hd.o(.text)
    EXTI5_9_IRQHandler                       0x08000163   Thumb Code     0  startup_gd32f30x_hd.o(.text)
    FMC_IRQHandler                           0x08000163   Thumb Code     0  startup_gd32f30x_hd.o(.text)
    I2C0_ER_IRQHandler                       0x08000163   Thumb Code     0  startup_gd32f30x_hd.o(.text)
    I2C0_EV_IRQHandler                       0x08000163   Thumb Code     0  startup_gd32f30x_hd.o(.text)
    I2C1_ER_IRQHandler                       0x08000163   Thumb Code     0  startup_gd32f30x_hd.o(.text)
    I2C1_EV_IRQHandler                       0x08000163   Thumb Code     0  startup_gd32f30x_hd.o(.text)
    LVD_IRQHandler                           0x08000163   Thumb Code     0  startup_gd32f30x_hd.o(.text)
    RCU_CTC_IRQHandler                       0x08000163   Thumb Code     0  startup_gd32f30x_hd.o(.text)
    RTC_Alarm_IRQHandler                     0x08000163   Thumb Code     0  startup_gd32f30x_hd.o(.text)
    RTC_IRQHandler                           0x08000163   Thumb Code     0  startup_gd32f30x_hd.o(.text)
    SDIO_IRQHandler                          0x08000163   Thumb Code     0  startup_gd32f30x_hd.o(.text)
    SPI0_IRQHandler                          0x08000163   Thumb Code     0  startup_gd32f30x_hd.o(.text)
    SPI1_IRQHandler                          0x08000163   Thumb Code     0  startup_gd32f30x_hd.o(.text)
    SPI2_IRQHandler                          0x08000163   Thumb Code     0  startup_gd32f30x_hd.o(.text)
    TAMPER_IRQHandler                        0x08000163   Thumb Code     0  startup_gd32f30x_hd.o(.text)
    TIMER0_BRK_IRQHandler                    0x08000163   Thumb Code     0  startup_gd32f30x_hd.o(.text)
    TIMER0_Channel_IRQHandler                0x08000163   Thumb Code     0  startup_gd32f30x_hd.o(.text)
    TIMER0_TRG_CMT_IRQHandler                0x08000163   Thumb Code     0  startup_gd32f30x_hd.o(.text)
    TIMER0_UP_IRQHandler                     0x08000163   Thumb Code     0  startup_gd32f30x_hd.o(.text)
    TIMER1_IRQHandler                        0x08000163   Thumb Code     0  startup_gd32f30x_hd.o(.text)
    TIMER2_IRQHandler                        0x08000163   Thumb Code     0  startup_gd32f30x_hd.o(.text)
    TIMER5_IRQHandler                        0x08000163   Thumb Code     0  startup_gd32f30x_hd.o(.text)
    TIMER6_IRQHandler                        0x08000163   Thumb Code     0  startup_gd32f30x_hd.o(.text)
    TIMER7_BRK_IRQHandler                    0x08000163   Thumb Code     0  startup_gd32f30x_hd.o(.text)
    TIMER7_Channel_IRQHandler                0x08000163   Thumb Code     0  startup_gd32f30x_hd.o(.text)
    TIMER7_TRG_CMT_IRQHandler                0x08000163   Thumb Code     0  startup_gd32f30x_hd.o(.text)
    TIMER7_UP_IRQHandler                     0x08000163   Thumb Code     0  startup_gd32f30x_hd.o(.text)
    UART3_IRQHandler                         0x08000163   Thumb Code     0  startup_gd32f30x_hd.o(.text)
    UART4_IRQHandler                         0x08000163   Thumb Code     0  startup_gd32f30x_hd.o(.text)
    USART2_IRQHandler                        0x08000163   Thumb Code     0  startup_gd32f30x_hd.o(.text)
    USBD_HP_CAN0_TX_IRQHandler               0x08000163   Thumb Code     0  startup_gd32f30x_hd.o(.text)
    USBD_LP_CAN0_RX0_IRQHandler              0x08000163   Thumb Code     0  startup_gd32f30x_hd.o(.text)
    USBD_WKUP_IRQHandler                     0x08000163   Thumb Code     0  startup_gd32f30x_hd.o(.text)
    WWDGT_IRQHandler                         0x08000163   Thumb Code     0  startup_gd32f30x_hd.o(.text)
    __aeabi_uldivmod                         0x0800016d   Thumb Code    98  uldiv.o(.text)
    qsort                                    0x080001cf   Thumb Code   156  qsort.o(.text)
    mktime                                   0x0800026d   Thumb Code   150  mktime.o(.text)
    __aeabi_memcpy                           0x08000315   Thumb Code    36  memcpya.o(.text)
    __aeabi_memcpy4                          0x08000315   Thumb Code     0  memcpya.o(.text)
    __aeabi_memcpy8                          0x08000315   Thumb Code     0  memcpya.o(.text)
    __aeabi_memset                           0x08000339   Thumb Code    14  memseta.o(.text)
    __aeabi_memset4                          0x08000339   Thumb Code     0  memseta.o(.text)
    __aeabi_memset8                          0x08000339   Thumb Code     0  memseta.o(.text)
    __aeabi_memclr                           0x08000347   Thumb Code     4  memseta.o(.text)
    __aeabi_memclr4                          0x08000347   Thumb Code     0  memseta.o(.text)
    __aeabi_memclr8                          0x08000347   Thumb Code     0  memseta.o(.text)
    _memset$wrapper                          0x0800034b   Thumb Code    18  memseta.o(.text)
    strchr                                   0x0800035d   Thumb Code    20  strchr.o(.text)
    strlen                                   0x08000371   Thumb Code    14  strlen.o(.text)
    memcmp                                   0x0800037f   Thumb Code    26  memcmp.o(.text)
    __aeabi_dadd                             0x08000399   Thumb Code   322  dadd.o(.text)
    __aeabi_dsub                             0x080004db   Thumb Code     6  dadd.o(.text)
    __aeabi_drsub                            0x080004e1   Thumb Code     6  dadd.o(.text)
    __aeabi_dmul                             0x080004e7   Thumb Code   228  dmul.o(.text)
    __aeabi_ddiv                             0x080005cb   Thumb Code   222  ddiv.o(.text)
    __aeabi_i2d                              0x080006a9   Thumb Code    34  dflti.o(.text)
    __aeabi_d2iz                             0x080006cb   Thumb Code    62  dfixi.o(.text)
    __aeabi_f2d                              0x08000709   Thumb Code    38  f2d.o(.text)
    __aeabi_cdcmpeq                          0x08000731   Thumb Code     0  cdcmple.o(.text)
    __aeabi_cdcmple                          0x08000731   Thumb Code    48  cdcmple.o(.text)
    __aeabi_cdrcmple                         0x08000761   Thumb Code    48  cdrcmple.o(.text)
    __aeabi_llsl                             0x08000791   Thumb Code    30  llshl.o(.text)
    _ll_shift_l                              0x08000791   Thumb Code     0  llshl.o(.text)
    __aeabi_llsr                             0x080007af   Thumb Code    32  llushr.o(.text)
    _ll_ushift_r                             0x080007af   Thumb Code     0  llushr.o(.text)
    __aeabi_lasr                             0x080007cf   Thumb Code    36  llsshr.o(.text)
    _ll_sshift_r                             0x080007cf   Thumb Code     0  llsshr.o(.text)
    localtime                                0x080007f5   Thumb Code     6  localtime_w.o(.text)
    _localtime                               0x08000801   Thumb Code   134  localtime_i.o(.text)
    __I$use$fp                               0x0800088d   Thumb Code     0  iusefp.o(.text)
    _double_round                            0x0800088d   Thumb Code    30  depilogue.o(.text)
    _double_epilogue                         0x080008ab   Thumb Code   156  depilogue.o(.text)
    __scatterload                            0x08000949   Thumb Code    28  init.o(.text)
    __scatterload_rt2                        0x08000949   Thumb Code     0  init.o(.text)
    __decompress                             0x0800096d   Thumb Code     0  __dczerorl2.o(.text)
    __decompress1                            0x0800096d   Thumb Code    86  __dczerorl2.o(.text)
    BusFault_Handler                         0x08000beb   Thumb Code     4  gd32f30x_it.o(i.BusFault_Handler)
    DebugMon_Handler                         0x08000ca3   Thumb Code     2  gd32f30x_it.o(i.DebugMon_Handler)
    DelayInit                                0x08000ca5   Thumb Code    50  delay.o(i.DelayInit)
    DelayNus                                 0x08000ce1   Thumb Code    36  delay.o(i.DelayNus)
    EepromDrvInit                            0x08000d65   Thumb Code     8  eeprom_drv.o(i.EepromDrvInit)
    EraseNorflashForWrite                    0x08000d7f   Thumb Code    92  norflash_drv.o(i.EraseNorflashForWrite)
    FatfsInit                                0x08000e0d   Thumb Code    94  fatfs_app.o(i.FatfsInit)
    FatfsTask                                0x08000e9d   Thumb Code   148  fatfs_app.o(i.FatfsTask)
    GetHumiData                              0x08000ff5   Thumb Code    14  rh_drv.o(i.GetHumiData)
    GetKeyVal                                0x08001009   Thumb Code    34  key_drv.o(i.GetKeyVal)
    GetRtcTime                               0x0800102b   Thumb Code    54  rtc_drv.o(i.GetRtcTime)
    GetSensorData                            0x08001061   Thumb Code    28  sensor_drv.o(i.GetSensorData)
    GetSysRunTime                            0x0800107d   Thumb Code     8  systick.o(i.GetSysRunTime)
    GetTempData                              0x08001089   Thumb Code     8  ntc_drv.o(i.GetTempData)
    HardFault_Handler                        0x080011cd   Thumb Code     4  gd32f30x_it.o(i.HardFault_Handler)
    HmiTask                                  0x080011d1   Thumb Code    96  hmi_app.o(i.HmiTask)
    HumiDrvInit                              0x08001231   Thumb Code    20  rh_drv.o(i.HumiDrvInit)
    HumiSensorProc                           0x08001245   Thumb Code    38  rh_drv.o(i.HumiSensorProc)
    KeyDrvInit                               0x08001275   Thumb Code    60  key_drv.o(i.KeyDrvInit)
    LedDrvInit                               0x080013bd   Thumb Code    86  led_drv.o(i.LedDrvInit)
    MemManage_Handler                        0x08001439   Thumb Code     4  gd32f30x_it.o(i.MemManage_Handler)
    ModbusAppInit                            0x0800143d   Thumb Code    18  modbus_app.o(i.ModbusAppInit)
    ModbusSlaveInit                          0x080014bd   Thumb Code    32  modbus_slave.o(i.ModbusSlaveInit)
    ModbusTask                               0x080014e1   Thumb Code     8  modbus_app.o(i.ModbusTask)
    NMI_Handler                              0x080014e9   Thumb Code     2  gd32f30x_it.o(i.NMI_Handler)
    NorflashDrvInit                          0x080014eb   Thumb Code     8  norflash_drv.o(i.NorflashDrvInit)
    PendSV_Handler                           0x080014f3   Thumb Code     2  gd32f30x_it.o(i.PendSV_Handler)
    PrintSensorFile                          0x080014f5   Thumb Code    90  fatfs_app.o(i.PrintSensorFile)
    PushDataToBuf                            0x080015d9   Thumb Code    40  ntc_drv.o(i.PushDataToBuf)
    ReadNorflashData                         0x08001609   Thumb Code    68  norflash_drv.o(i.ReadNorflashData)
    ReadNorflashID                           0x0800164d   Thumb Code    52  norflash_drv.o(i.ReadNorflashID)
    RtcDrvInit                               0x08001705   Thumb Code   142  rtc_drv.o(i.RtcDrvInit)
    SVC_Handler                              0x08001811   Thumb Code     2  gd32f30x_it.o(i.SVC_Handler)
    SensorDrvInit                            0x08001813   Thumb Code    12  sensor_drv.o(i.SensorDrvInit)
    SensorDrvProc                            0x0800181f   Thumb Code    28  sensor_drv.o(i.SensorDrvProc)
    SensorTask                               0x0800183b   Thumb Code     8  sensor_app.o(i.SensorTask)
    SetRtcTime                               0x08001843   Thumb Code    60  rtc_drv.o(i.SetRtcTime)
    SysTick_Handler                          0x0800189d   Thumb Code    38  systick.o(i.SysTick_Handler)
    SystemInit                               0x080018cd   Thumb Code   156  system_gd32f30x.o(i.SystemInit)
    SystickInit                              0x08001975   Thumb Code    92  systick.o(i.SystickInit)
    TIMER3_IRQHandler                        0x080019d9   Thumb Code    36  porttimer.o(i.TIMER3_IRQHandler)
    TIMER4_IRQHandler                        0x08001a01   Thumb Code    80  rh_drv.o(i.TIMER4_IRQHandler)
    TaskScheduleCbReg                        0x08001afd   Thumb Code     6  systick.o(i.TaskScheduleCbReg)
    TempDrvInit                              0x08001b09   Thumb Code    12  ntc_drv.o(i.TempDrvInit)
    TempSensorProc                           0x08001b15   Thumb Code   118  ntc_drv.o(i.TempSensorProc)
    TurnOffLed                               0x08001be1   Thumb Code    40  led_drv.o(i.TurnOffLed)
    TurnOnLed                                0x08001c0d   Thumb Code    40  led_drv.o(i.TurnOnLed)
    USART0_IRQHandler                        0x08001c39   Thumb Code    46  usb2com_drv.o(i.USART0_IRQHandler)
    USART1_IRQHandler                        0x08001c75   Thumb Code    56  portserial.o(i.USART1_IRQHandler)
    UsageFault_Handler                       0x08001d09   Thumb Code     4  gd32f30x_it.o(i.UsageFault_Handler)
    Usb2ComDrvInit                           0x08001d0d   Thumb Code    16  usb2com_drv.o(i.Usb2ComDrvInit)
    WriteNorflashData                        0x08001dd1   Thumb Code   120  norflash_drv.o(i.WriteNorflashData)
    __0printf$8                              0x08001ed5   Thumb Code    22  printf8.o(i.__0printf$8)
    __1printf$8                              0x08001ed5   Thumb Code     0  printf8.o(i.__0printf$8)
    __2printf                                0x08001ed5   Thumb Code     0  printf8.o(i.__0printf$8)
    __aeabi_assert                           0x08001ef5   Thumb Code   110  retarget_io.o(i.__aeabi_assert)
    __scatterload_copy                       0x08001f91   Thumb Code    14  handlers.o(i.__scatterload_copy)
    __scatterload_null                       0x08001f9f   Thumb Code     2  handlers.o(i.__scatterload_null)
    __scatterload_zeroinit                   0x08001fa1   Thumb Code    14  handlers.o(i.__scatterload_zeroinit)
    abort                                    0x08002407   Thumb Code     4  retarget_io.o(i.abort)
    adc_calibration_enable                   0x0800240b   Thumb Code    42  gd32f30x_adc.o(i.adc_calibration_enable)
    adc_channel_length_config                0x08002435   Thumb Code    70  gd32f30x_adc.o(i.adc_channel_length_config)
    adc_data_alignment_config                0x0800247b   Thumb Code    22  gd32f30x_adc.o(i.adc_data_alignment_config)
    adc_enable                               0x08002491   Thumb Code    18  gd32f30x_adc.o(i.adc_enable)
    adc_external_trigger_config              0x080024a3   Thumb Code    62  gd32f30x_adc.o(i.adc_external_trigger_config)
    adc_external_trigger_source_config       0x080024e1   Thumb Code    48  gd32f30x_adc.o(i.adc_external_trigger_source_config)
    adc_flag_get                             0x08002511   Thumb Code    14  gd32f30x_adc.o(i.adc_flag_get)
    adc_mode_config                          0x08002521   Thumb Code    22  gd32f30x_adc.o(i.adc_mode_config)
    adc_oversample_mode_config               0x0800253d   Thumb Code    58  gd32f30x_adc.o(i.adc_oversample_mode_config)
    adc_oversample_mode_enable               0x08002577   Thumb Code    14  gd32f30x_adc.o(i.adc_oversample_mode_enable)
    adc_regular_channel_config               0x08002585   Thumb Code   172  gd32f30x_adc.o(i.adc_regular_channel_config)
    adc_regular_data_read                    0x08002631   Thumb Code     8  gd32f30x_adc.o(i.adc_regular_data_read)
    adc_software_trigger_enable              0x08002639   Thumb Code    30  gd32f30x_adc.o(i.adc_software_trigger_enable)
    adc_special_function_config              0x08002657   Thumb Code    90  gd32f30x_adc.o(i.adc_special_function_config)
    bkp_deinit                               0x080026b1   Thumb Code    12  gd32f30x_bkp.o(i.bkp_deinit)
    bkp_read_data                            0x080026bd   Thumb Code    50  gd32f30x_bkp.o(i.bkp_read_data)
    bkp_write_data                           0x080026f5   Thumb Code    46  gd32f30x_bkp.o(i.bkp_write_data)
    disk_initialize                          0x0800339d   Thumb Code    50  diskio.o(i.disk_initialize)
    disk_ioctl                               0x080033d5   Thumb Code    40  diskio.o(i.disk_ioctl)
    disk_read                                0x080033fd   Thumb Code    34  diskio.o(i.disk_read)
    disk_status                              0x0800341f   Thumb Code     6  diskio.o(i.disk_status)
    disk_write                               0x08003425   Thumb Code    42  diskio.o(i.disk_write)
    eMBEnable                                0x08003451   Thumb Code    32  mb.o(i.eMBEnable)
    eMBFuncReadHoldingRegister               0x08003479   Thumb Code   134  mbfuncholding.o(i.eMBFuncReadHoldingRegister)
    eMBFuncWriteHoldingRegister              0x080034ff   Thumb Code    62  mbfuncholding.o(i.eMBFuncWriteHoldingRegister)
    eMBFuncWriteMultipleHoldingRegister      0x0800353d   Thumb Code   106  mbfuncholding.o(i.eMBFuncWriteMultipleHoldingRegister)
    eMBInit                                  0x080035a9   Thumb Code   150  mb.o(i.eMBInit)
    eMBPoll                                  0x08003689   Thumb Code   268  mb.o(i.eMBPoll)
    eMBRTUInit                               0x080037c1   Thumb Code    76  mbrtu.o(i.eMBRTUInit)
    eMBRTUReceive                            0x08003811   Thumb Code    82  mbrtu.o(i.eMBRTUReceive)
    eMBRTUSend                               0x080038ad   Thumb Code   146  mbrtu.o(i.eMBRTUSend)
    eMBRTUStart                              0x08003955   Thumb Code    22  mbrtu.o(i.eMBRTUStart)
    eMBRTUStop                               0x08003971   Thumb Code    16  mbrtu.o(i.eMBRTUStop)
    eMBRegHoldingCB                          0x08003981   Thumb Code    54  modbus_slave.o(i.eMBRegHoldingCB)
    f_close                                  0x080039bd   Thumb Code    34  ff.o(i.f_close)
    f_gets                                   0x080039df   Thumb Code    80  ff.o(i.f_gets)
    f_mkfs                                   0x08003a31   Thumb Code  1718  ff.o(i.f_mkfs)
    f_mount                                  0x0800411d   Thumb Code    90  ff.o(i.f_mount)
    f_open                                   0x0800417d   Thumb Code   516  ff.o(i.f_open)
    f_printf                                 0x08004381   Thumb Code   960  ff.o(i.f_printf)
    f_read                                   0x08004741   Thumb Code   478  ff.o(i.f_read)
    f_sync                                   0x0800491f   Thumb Code   160  ff.o(i.f_sync)
    f_unlink                                 0x080049bf   Thumb Code   170  ff.o(i.f_unlink)
    f_write                                  0x08004a69   Thumb Code   548  ff.o(i.f_write)
    ff_oem2uni                               0x08004c8d   Thumb Code    38  ffunicode.o(i.ff_oem2uni)
    ff_uni2oem                               0x08004cb9   Thumb Code    58  ffunicode.o(i.ff_uni2oem)
    ff_wtoupper                              0x08004cf9   Thumb Code   166  ffunicode.o(i.ff_wtoupper)
    fputc                                    0x08004ec9   Thumb Code    36  usb2com_drv.o(i.fputc)
    fputs                                    0x08004ef1   Thumb Code    24  fputs.o(i.fputs)
    get_fattime                              0x0800539b   Thumb Code    60  diskio.o(i.get_fattime)
    gpio_bit_reset                           0x08005425   Thumb Code     4  gd32f30x_gpio.o(i.gpio_bit_reset)
    gpio_bit_set                             0x08005429   Thumb Code     4  gd32f30x_gpio.o(i.gpio_bit_set)
    gpio_bit_write                           0x0800542d   Thumb Code    10  gd32f30x_gpio.o(i.gpio_bit_write)
    gpio_init                                0x08005437   Thumb Code   188  gd32f30x_gpio.o(i.gpio_init)
    gpio_input_bit_get                       0x080054f3   Thumb Code    16  gd32f30x_gpio.o(i.gpio_input_bit_get)
    gpio_output_bit_get                      0x08005503   Thumb Code    16  gd32f30x_gpio.o(i.gpio_output_bit_get)
    main                                     0x080056ed   Thumb Code    32  main.o(i.main)
    nvic_irq_enable                          0x08005a3d   Thumb Code   186  gd32f30x_misc.o(i.nvic_irq_enable)
    nvic_priority_group_set                  0x08005b01   Thumb Code    10  gd32f30x_misc.o(i.nvic_priority_group_set)
    pmu_backup_write_enable                  0x08005ba1   Thumb Code    14  gd32f30x_pmu.o(i.pmu_backup_write_enable)
    prveMBError2Exception                    0x08005bb5   Thumb Code    34  mbutils.o(i.prveMBError2Exception)
    rcu_adc_clock_config                     0x08005e9d   Thumb Code    98  gd32f30x_rcu.o(i.rcu_adc_clock_config)
    rcu_bkp_reset_disable                    0x08005f09   Thumb Code    14  gd32f30x_rcu.o(i.rcu_bkp_reset_disable)
    rcu_bkp_reset_enable                     0x08005f1d   Thumb Code    14  gd32f30x_rcu.o(i.rcu_bkp_reset_enable)
    rcu_clock_freq_get                       0x08005f31   Thumb Code   310  gd32f30x_rcu.o(i.rcu_clock_freq_get)
    rcu_flag_get                             0x08006089   Thumb Code    30  gd32f30x_rcu.o(i.rcu_flag_get)
    rcu_osci_on                              0x080060ad   Thumb Code    28  gd32f30x_rcu.o(i.rcu_osci_on)
    rcu_osci_stab_wait                       0x080060cd   Thumb Code   268  gd32f30x_rcu.o(i.rcu_osci_stab_wait)
    rcu_periph_clock_enable                  0x080061dd   Thumb Code    28  gd32f30x_rcu.o(i.rcu_periph_clock_enable)
    rcu_periph_reset_disable                 0x080061fd   Thumb Code    28  gd32f30x_rcu.o(i.rcu_periph_reset_disable)
    rcu_periph_reset_enable                  0x0800621d   Thumb Code    28  gd32f30x_rcu.o(i.rcu_periph_reset_enable)
    rcu_rtc_clock_config                     0x0800623d   Thumb Code    18  gd32f30x_rcu.o(i.rcu_rtc_clock_config)
    rtc_configuration_mode_enter             0x080062f1   Thumb Code    14  gd32f30x_rtc.o(i.rtc_configuration_mode_enter)
    rtc_configuration_mode_exit              0x08006305   Thumb Code    14  gd32f30x_rtc.o(i.rtc_configuration_mode_exit)
    rtc_counter_get                          0x08006319   Thumb Code    16  gd32f30x_rtc.o(i.rtc_counter_get)
    rtc_counter_set                          0x0800632d   Thumb Code    26  gd32f30x_rtc.o(i.rtc_counter_set)
    rtc_lwoff_wait                           0x0800634d   Thumb Code    16  gd32f30x_rtc.o(i.rtc_lwoff_wait)
    rtc_prescaler_set                        0x08006361   Thumb Code    28  gd32f30x_rtc.o(i.rtc_prescaler_set)
    rtc_register_sync_wait                   0x08006381   Thumb Code    28  gd32f30x_rtc.o(i.rtc_register_sync_wait)
    spi_enable                               0x080063a1   Thumb Code    10  gd32f30x_spi.o(i.spi_enable)
    spi_i2s_data_receive                     0x080063ab   Thumb Code     8  gd32f30x_spi.o(i.spi_i2s_data_receive)
    spi_i2s_data_transmit                    0x080063b3   Thumb Code     4  gd32f30x_spi.o(i.spi_i2s_data_transmit)
    spi_i2s_flag_get                         0x080063b7   Thumb Code    16  gd32f30x_spi.o(i.spi_i2s_flag_get)
    spi_init                                 0x080063c7   Thumb Code    50  gd32f30x_spi.o(i.spi_init)
    spi_struct_para_init                     0x080063f9   Thumb Code    18  gd32f30x_spi.o(i.spi_struct_para_init)
    timer_counter_value_config               0x080066b5   Thumb Code     4  gd32f30x_timer.o(i.timer_counter_value_config)
    timer_deinit                             0x080066b9   Thumb Code   210  gd32f30x_timer.o(i.timer_deinit)
    timer_disable                            0x08006795   Thumb Code    10  gd32f30x_timer.o(i.timer_disable)
    timer_enable                             0x0800679f   Thumb Code    10  gd32f30x_timer.o(i.timer_enable)
    timer_init                               0x080067a9   Thumb Code   122  gd32f30x_timer.o(i.timer_init)
    timer_interrupt_disable                  0x08006841   Thumb Code     8  gd32f30x_timer.o(i.timer_interrupt_disable)
    timer_interrupt_enable                   0x08006849   Thumb Code     8  gd32f30x_timer.o(i.timer_interrupt_enable)
    timer_interrupt_flag_clear               0x08006851   Thumb Code     6  gd32f30x_timer.o(i.timer_interrupt_flag_clear)
    timer_interrupt_flag_get                 0x08006857   Thumb Code    24  gd32f30x_timer.o(i.timer_interrupt_flag_get)
    timer_struct_para_init                   0x0800686f   Thumb Code    22  gd32f30x_timer.o(i.timer_struct_para_init)
    usMBCRC16                                0x08006885   Thumb Code    48  mbcrc.o(i.usMBCRC16)
    usart_baudrate_set                       0x080068bd   Thumb Code   136  gd32f30x_usart.o(i.usart_baudrate_set)
    usart_data_receive                       0x0800694d   Thumb Code    10  gd32f30x_usart.o(i.usart_data_receive)
    usart_data_transmit                      0x08006957   Thumb Code     8  gd32f30x_usart.o(i.usart_data_transmit)
    usart_deinit                             0x08006961   Thumb Code   136  gd32f30x_usart.o(i.usart_deinit)
    usart_enable                             0x080069f1   Thumb Code    10  gd32f30x_usart.o(i.usart_enable)
    usart_flag_get                           0x080069fb   Thumb Code    30  gd32f30x_usart.o(i.usart_flag_get)
    usart_interrupt_disable                  0x08006a19   Thumb Code    26  gd32f30x_usart.o(i.usart_interrupt_disable)
    usart_interrupt_enable                   0x08006a33   Thumb Code    26  gd32f30x_usart.o(i.usart_interrupt_enable)
    usart_interrupt_flag_clear               0x08006a4d   Thumb Code    18  gd32f30x_usart.o(i.usart_interrupt_flag_clear)
    usart_interrupt_flag_get                 0x08006a5f   Thumb Code    56  gd32f30x_usart.o(i.usart_interrupt_flag_get)
    usart_receive_config                     0x08006a97   Thumb Code    20  gd32f30x_usart.o(i.usart_receive_config)
    usart_transmit_config                    0x08006aab   Thumb Code    20  gd32f30x_usart.o(i.usart_transmit_config)
    vMBPortSerialEnable                      0x08006ac1   Thumb Code   100  portserial.o(i.vMBPortSerialEnable)
    vMBPortTimersDisable                     0x08006b2d   Thumb Code    34  porttimer.o(i.vMBPortTimersDisable)
    vMBPortTimersEnable                      0x08006b55   Thumb Code    34  porttimer.o(i.vMBPortTimersEnable)
    xMBPortEventGet                          0x08006bb9   Thumb Code    26  portevent.o(i.xMBPortEventGet)
    xMBPortEventInit                         0x08006bdd   Thumb Code    10  portevent.o(i.xMBPortEventInit)
    xMBPortEventPost                         0x08006bed   Thumb Code    16  portevent.o(i.xMBPortEventPost)
    xMBPortSerialGetByte                     0x08006c05   Thumb Code    18  portserial.o(i.xMBPortSerialGetByte)
    xMBPortSerialInit                        0x08006c1d   Thumb Code    32  portserial.o(i.xMBPortSerialInit)
    xMBPortSerialPutByte                     0x08006c3d   Thumb Code    18  portserial.o(i.xMBPortSerialPutByte)
    xMBPortTimersInit                        0x08006c55   Thumb Code    68  porttimer.o(i.xMBPortTimersInit)
    xMBRTUReceiveFSM                         0x08006c9d   Thumb Code   140  mbrtu.o(i.xMBRTUReceiveFSM)
    xMBRTUTimerT35Expired                    0x08006d6d   Thumb Code    96  mbrtu.o(i.xMBRTUTimerT35Expired)
    xMBRTUTransmitFSM                        0x08006ded   Thumb Code   116  mbrtu.o(i.xMBRTUTransmitFSM)
    Region$$Table$$Base                      0x08007850   Number         0  anon$$obj.o(Region$$Table)
    Region$$Table$$Limit                     0x08007870   Number         0  anon$$obj.o(Region$$Table)
    pxMBFrameCBByteReceived                  0x2000008c   Data           4  mb.o(.data)
    pxMBFrameCBTransmitterEmpty              0x20000090   Data           4  mb.o(.data)
    pxMBPortCBTimerExpired                   0x20000094   Data           4  mb.o(.data)
    pxMBFrameCBReceiveFSMCur                 0x20000098   Data           4  mb.o(.data)
    pxMBFrameCBTransmitFSMCur                0x2000009c   Data           4  mb.o(.data)
    __stderr                                 0x200001e4   Data           4  stderr.o(.data)
    __stdout                                 0x200001e8   Data           4  stdout.o(.data)
    ucRTUBuf                                 0x20002250   Data         256  mbrtu.o(.bss)
    __initial_sp                             0x200039d0   Data           0  startup_gd32f30x_hd.o(STACK)



==============================================================================

Memory Map of the image

  Image Entry point : 0x08000131

  Load Region LR_IROM1 (Base: 0x08000000, Size: 0x00007a5c, Max: 0x00080000, ABSOLUTE, COMPRESSED[0x0000790c])

    Execution Region ER_IROM1 (Exec base: 0x08000000, Load base: 0x08000000, Size: 0x00007870, Max: 0x00080000, ABSOLUTE)

    Exec Addr    Load Addr    Size         Type   Attr      Idx    E Section Name        Object

    0x08000000   0x08000000   0x00000130   Data   RO         4259    RESET               startup_gd32f30x_hd.o
    0x08000130   0x08000130   0x00000000   Code   RO         4312  * .ARM.Collect$$$$00000000  mc_w.l(entry.o)
    0x08000130   0x08000130   0x00000004   Code   RO         4620    .ARM.Collect$$$$00000001  mc_w.l(entry2.o)
    0x08000134   0x08000134   0x00000004   Code   RO         4623    .ARM.Collect$$$$00000004  mc_w.l(entry5.o)
    0x08000138   0x08000138   0x00000000   Code   RO         4625    .ARM.Collect$$$$00000008  mc_w.l(entry7b.o)
    0x08000138   0x08000138   0x00000000   Code   RO         4627    .ARM.Collect$$$$0000000A  mc_w.l(entry8b.o)
    0x08000138   0x08000138   0x00000008   Code   RO         4628    .ARM.Collect$$$$0000000B  mc_w.l(entry9a.o)
    0x08000140   0x08000140   0x00000004   Code   RO         4635    .ARM.Collect$$$$0000000E  mc_w.l(entry12b.o)
    0x08000144   0x08000144   0x00000000   Code   RO         4630    .ARM.Collect$$$$0000000F  mc_w.l(entry10a.o)
    0x08000144   0x08000144   0x00000000   Code   RO         4632    .ARM.Collect$$$$00000011  mc_w.l(entry11a.o)
    0x08000144   0x08000144   0x00000004   Code   RO         4621    .ARM.Collect$$$$00002712  mc_w.l(entry2.o)
    0x08000148   0x08000148   0x00000024   Code   RO         4260    .text               startup_gd32f30x_hd.o
    0x0800016c   0x0800016c   0x00000062   Code   RO         4320    .text               mc_w.l(uldiv.o)
    0x080001ce   0x080001ce   0x0000009c   Code   RO         4322    .text               mc_w.l(qsort.o)
    0x0800026a   0x0800026a   0x00000002   PAD
    0x0800026c   0x0800026c   0x000000a8   Code   RO         4328    .text               mc_w.l(mktime.o)
    0x08000314   0x08000314   0x00000024   Code   RO         4331    .text               mc_w.l(memcpya.o)
    0x08000338   0x08000338   0x00000024   Code   RO         4333    .text               mc_w.l(memseta.o)
    0x0800035c   0x0800035c   0x00000014   Code   RO         4335    .text               mc_w.l(strchr.o)
    0x08000370   0x08000370   0x0000000e   Code   RO         4337    .text               mc_w.l(strlen.o)
    0x0800037e   0x0800037e   0x0000001a   Code   RO         4339    .text               mc_w.l(memcmp.o)
    0x08000398   0x08000398   0x0000014e   Code   RO         4604    .text               mf_w.l(dadd.o)
    0x080004e6   0x080004e6   0x000000e4   Code   RO         4606    .text               mf_w.l(dmul.o)
    0x080005ca   0x080005ca   0x000000de   Code   RO         4608    .text               mf_w.l(ddiv.o)
    0x080006a8   0x080006a8   0x00000022   Code   RO         4610    .text               mf_w.l(dflti.o)
    0x080006ca   0x080006ca   0x0000003e   Code   RO         4612    .text               mf_w.l(dfixi.o)
    0x08000708   0x08000708   0x00000026   Code   RO         4614    .text               mf_w.l(f2d.o)
    0x0800072e   0x0800072e   0x00000002   PAD
    0x08000730   0x08000730   0x00000030   Code   RO         4616    .text               mf_w.l(cdcmple.o)
    0x08000760   0x08000760   0x00000030   Code   RO         4618    .text               mf_w.l(cdrcmple.o)
    0x08000790   0x08000790   0x0000001e   Code   RO         4639    .text               mc_w.l(llshl.o)
    0x080007ae   0x080007ae   0x00000020   Code   RO         4641    .text               mc_w.l(llushr.o)
    0x080007ce   0x080007ce   0x00000024   Code   RO         4643    .text               mc_w.l(llsshr.o)
    0x080007f2   0x080007f2   0x00000002   PAD
    0x080007f4   0x080007f4   0x0000000c   Code   RO         4645    .text               mc_w.l(localtime_w.o)
    0x08000800   0x08000800   0x0000008c   Code   RO         4648    .text               mc_w.l(localtime_i.o)
    0x0800088c   0x0800088c   0x00000000   Code   RO         4651    .text               mc_w.l(iusefp.o)
    0x0800088c   0x0800088c   0x000000ba   Code   RO         4652    .text               mf_w.l(depilogue.o)
    0x08000946   0x08000946   0x00000002   PAD
    0x08000948   0x08000948   0x00000024   Code   RO         4656    .text               mc_w.l(init.o)
    0x0800096c   0x0800096c   0x00000056   Code   RO         4666    .text               mc_w.l(__dczerorl2.o)
    0x080009c2   0x080009c2   0x00000002   PAD
    0x080009c4   0x080009c4   0x00000038   Code   RO         1313    i.AcPowerProc       rh_drv.o
    0x080009fc   0x080009fc   0x00000088   Code   RO         1176    i.AdcInit           ntc_drv.o
    0x08000a84   0x08000a84   0x0000006c   Code   RO         1314    i.AdcInit           rh_drv.o
    0x08000af0   0x08000af0   0x00000048   Code   RO         1315    i.AdcToHumi         rh_drv.o
    0x08000b38   0x08000b38   0x0000004c   Code   RO         1177    i.AdcToTemp10Mpl    ntc_drv.o
    0x08000b84   0x08000b84   0x00000018   Code   RO           37    i.AppInit           main.o
    0x08000b9c   0x08000b9c   0x0000001e   Code   RO         1178    i.ArithAvgFltr      ntc_drv.o
    0x08000bba   0x08000bba   0x00000030   Code   RO         1316    i.AsceBinarySearch  rh_drv.o
    0x08000bea   0x08000bea   0x00000004   Code   RO         1046    i.BusFault_Handler  gd32f30x_it.o
    0x08000bee   0x08000bee   0x00000002   PAD
    0x08000bf0   0x08000bf0   0x0000008c   Code   RO         1317    i.CalcHumiAdcByTemp  rh_drv.o
    0x08000c7c   0x08000c7c   0x00000026   Code   RO         1179    i.CmpCb             ntc_drv.o
    0x08000ca2   0x08000ca2   0x00000002   Code   RO         1047    i.DebugMon_Handler  gd32f30x_it.o
    0x08000ca4   0x08000ca4   0x0000003c   Code   RO          920    i.DelayInit         delay.o
    0x08000ce0   0x08000ce0   0x0000002c   Code   RO          922    i.DelayNus          delay.o
    0x08000d0c   0x08000d0c   0x00000030   Code   RO         1180    i.DescBinarySearch  ntc_drv.o
    0x08000d3c   0x08000d3c   0x00000028   Code   RO           38    i.DrvInit           main.o
    0x08000d64   0x08000d64   0x00000008   Code   RO         1570    i.EepromDrvInit     eeprom_drv.o
    0x08000d6c   0x08000d6c   0x00000012   Code   RO         1648    i.EnableNorflashWrite  norflash_drv.o
    0x08000d7e   0x08000d7e   0x0000005c   Code   RO         1649    i.EraseNorflashForWrite  norflash_drv.o
    0x08000dda   0x08000dda   0x00000032   Code   RO         1650    i.EraseNorflashSector  norflash_drv.o
    0x08000e0c   0x08000e0c   0x00000090   Code   RO          108    i.FatfsInit         fatfs_app.o
    0x08000e9c   0x08000e9c   0x00000118   Code   RO          109    i.FatfsTask         fatfs_app.o
    0x08000fb4   0x08000fb4   0x0000001c   Code   RO         1181    i.GetAdcVal         ntc_drv.o
    0x08000fd0   0x08000fd0   0x00000024   Code   RO         1318    i.GetAdcVal         rh_drv.o
    0x08000ff4   0x08000ff4   0x00000014   Code   RO         1319    i.GetHumiData       rh_drv.o
    0x08001008   0x08001008   0x00000022   Code   RO         1099    i.GetKeyVal         key_drv.o
    0x0800102a   0x0800102a   0x00000036   Code   RO         1397    i.GetRtcTime        rtc_drv.o
    0x08001060   0x08001060   0x0000001c   Code   RO         1435    i.GetSensorData     sensor_drv.o
    0x0800107c   0x0800107c   0x0000000c   Code   RO         1476    i.GetSysRunTime     systick.o
    0x08001088   0x08001088   0x0000000c   Code   RO         1182    i.GetTempData       ntc_drv.o
    0x08001094   0x08001094   0x0000001c   Code   RO         1183    i.GpioInit          ntc_drv.o
    0x080010b0   0x080010b0   0x00000048   Code   RO         1320    i.GpioInit          rh_drv.o
    0x080010f8   0x080010f8   0x0000001c   Code   RO         1572    i.GpioInit          eeprom_drv.o
    0x08001114   0x08001114   0x0000008c   Code   RO         1651    i.GpioInit          norflash_drv.o
    0x080011a0   0x080011a0   0x0000002c   Code   RO         1769    i.GpioInit          portserial.o
    0x080011cc   0x080011cc   0x00000004   Code   RO         1048    i.HardFault_Handler  gd32f30x_it.o
    0x080011d0   0x080011d0   0x00000060   Code   RO            1    i.HmiTask           hmi_app.o
    0x08001230   0x08001230   0x00000014   Code   RO         1321    i.HumiDrvInit       rh_drv.o
    0x08001244   0x08001244   0x00000030   Code   RO         1322    i.HumiSensorProc    rh_drv.o
    0x08001274   0x08001274   0x00000040   Code   RO         1100    i.KeyDrvInit        key_drv.o
    0x080012b4   0x080012b4   0x00000108   Code   RO         1101    i.KeyScan           key_drv.o
    0x080013bc   0x080013bc   0x0000005c   Code   RO         1136    i.LedDrvInit        led_drv.o
    0x08001418   0x08001418   0x00000020   Code   RO         1184    i.MedianAvgFltr     ntc_drv.o
    0x08001438   0x08001438   0x00000004   Code   RO         1049    i.MemManage_Handler  gd32f30x_it.o
    0x0800143c   0x0800143c   0x00000018   Code   RO          147    i.ModbusAppInit     modbus_app.o
    0x08001454   0x08001454   0x00000018   Code   RO          148    i.ModbusGetHumi     modbus_app.o
    0x0800146c   0x0800146c   0x00000022   Code   RO          149    i.ModbusGetTemp     modbus_app.o
    0x0800148e   0x0800148e   0x00000016   Code   RO          150    i.ModbusSetLed1     modbus_app.o
    0x080014a4   0x080014a4   0x00000016   Code   RO          151    i.ModbusSetLed2     modbus_app.o
    0x080014ba   0x080014ba   0x00000002   PAD
    0x080014bc   0x080014bc   0x00000024   Code   RO          416    i.ModbusSlaveInit   modbus_slave.o
    0x080014e0   0x080014e0   0x00000008   Code   RO          152    i.ModbusTask        modbus_app.o
    0x080014e8   0x080014e8   0x00000002   Code   RO         1050    i.NMI_Handler       gd32f30x_it.o
    0x080014ea   0x080014ea   0x00000008   Code   RO         1652    i.NorflashDrvInit   norflash_drv.o
    0x080014f2   0x080014f2   0x00000002   Code   RO         1051    i.PendSV_Handler    gd32f30x_it.o
    0x080014f4   0x080014f4   0x0000009c   Code   RO          110    i.PrintSensorFile   fatfs_app.o
    0x08001590   0x08001590   0x00000048   Code   RO         1654    i.ProgramNorflashPage  norflash_drv.o
    0x080015d8   0x080015d8   0x00000030   Code   RO         1185    i.PushDataToBuf     ntc_drv.o
    0x08001608   0x08001608   0x00000044   Code   RO         1655    i.ReadNorflashData  norflash_drv.o
    0x0800164c   0x0800164c   0x00000034   Code   RO         1656    i.ReadNorflashID    norflash_drv.o
    0x08001680   0x08001680   0x00000084   Code   RO          153    i.ReadRegsCb        modbus_app.o
    0x08001704   0x08001704   0x00000094   Code   RO         1398    i.RtcDrvInit        rtc_drv.o
    0x08001798   0x08001798   0x00000014   Code   RO         1657    i.SPIInit           norflash_drv.o
    0x080017ac   0x080017ac   0x00000044   Code   RO         1658    i.SPIReadWriteByte  norflash_drv.o
    0x080017f0   0x080017f0   0x00000010   Code   RO         1659    i.SPIStart          norflash_drv.o
    0x08001800   0x08001800   0x00000010   Code   RO         1660    i.SPIStop           norflash_drv.o
    0x08001810   0x08001810   0x00000002   Code   RO         1052    i.SVC_Handler       gd32f30x_it.o
    0x08001812   0x08001812   0x0000000c   Code   RO         1436    i.SensorDrvInit     sensor_drv.o
    0x0800181e   0x0800181e   0x0000001c   Code   RO         1437    i.SensorDrvProc     sensor_drv.o
    0x0800183a   0x0800183a   0x00000008   Code   RO           96    i.SensorTask        sensor_app.o
    0x08001842   0x08001842   0x0000003c   Code   RO         1399    i.SetRtcTime        rtc_drv.o
    0x0800187e   0x0800187e   0x00000002   PAD
    0x08001880   0x08001880   0x0000001c   Code   RO         1770    i.SwitchInit        portserial.o
    0x0800189c   0x0800189c   0x00000030   Code   RO         1477    i.SysTick_Handler   systick.o
    0x080018cc   0x080018cc   0x000000a8   Code   RO         4205    i.SystemInit        system_gd32f30x.o
    0x08001974   0x08001974   0x00000064   Code   RO         1478    i.SystickInit       systick.o
    0x080019d8   0x080019d8   0x00000028   Code   RO         1850    i.TIMER3_IRQHandler  porttimer.o
    0x08001a00   0x08001a00   0x0000005c   Code   RO         1323    i.TIMER4_IRQHandler  rh_drv.o
    0x08001a5c   0x08001a5c   0x00000038   Code   RO           39    i.TaskHandler       main.o
    0x08001a94   0x08001a94   0x00000068   Code   RO           40    i.TaskScheduleCb    main.o
    0x08001afc   0x08001afc   0x0000000c   Code   RO         1479    i.TaskScheduleCbReg  systick.o
    0x08001b08   0x08001b08   0x0000000c   Code   RO         1186    i.TempDrvInit       ntc_drv.o
    0x08001b14   0x08001b14   0x00000084   Code   RO         1187    i.TempSensorProc    ntc_drv.o
    0x08001b98   0x08001b98   0x00000048   Code   RO         1324    i.TimerInit         rh_drv.o
    0x08001be0   0x08001be0   0x0000002c   Code   RO         1138    i.TurnOffLed        led_drv.o
    0x08001c0c   0x08001c0c   0x0000002c   Code   RO         1139    i.TurnOnLed         led_drv.o
    0x08001c38   0x08001c38   0x0000003c   Code   RO         1520    i.USART0_IRQHandler  usb2com_drv.o
    0x08001c74   0x08001c74   0x00000048   Code   RO         1771    i.USART1_IRQHandler  portserial.o
    0x08001cbc   0x08001cbc   0x0000004c   Code   RO         1772    i.UartInit          portserial.o
    0x08001d08   0x08001d08   0x00000004   Code   RO         1053    i.UsageFault_Handler  gd32f30x_it.o
    0x08001d0c   0x08001d0c   0x00000010   Code   RO         1521    i.Usb2ComDrvInit    usb2com_drv.o
    0x08001d1c   0x08001d1c   0x0000002c   Code   RO         1522    i.Usb2ComGpioInit   usb2com_drv.o
    0x08001d48   0x08001d48   0x00000058   Code   RO         1523    i.Usb2ComUartInit   usb2com_drv.o
    0x08001da0   0x08001da0   0x00000030   Code   RO         1661    i.WaitNorflashWriteEnd  norflash_drv.o
    0x08001dd0   0x08001dd0   0x00000078   Code   RO         1662    i.WriteNorflashData  norflash_drv.o
    0x08001e48   0x08001e48   0x0000008c   Code   RO          154    i.WriteRegsCb       modbus_app.o
    0x08001ed4   0x08001ed4   0x00000020   Code   RO         4550    i.__0printf$8       mc_w.l(printf8.o)
    0x08001ef4   0x08001ef4   0x0000009c   Code   RO         4264    i.__aeabi_assert    retarget_io.o
    0x08001f90   0x08001f90   0x0000000e   Code   RO         4660    i.__scatterload_copy  mc_w.l(handlers.o)
    0x08001f9e   0x08001f9e   0x00000002   Code   RO         4661    i.__scatterload_null  mc_w.l(handlers.o)
    0x08001fa0   0x08001fa0   0x0000000e   Code   RO         4662    i.__scatterload_zeroinit  mc_w.l(handlers.o)
    0x08001fae   0x08001fae   0x00000002   PAD
    0x08001fb0   0x08001fb0   0x00000404   Code   RO         4557    i._printf_core      mc_w.l(printf8.o)
    0x080023b4   0x080023b4   0x00000024   Code   RO         4558    i._printf_post_padding  mc_w.l(printf8.o)
    0x080023d8   0x080023d8   0x0000002e   Code   RO         4559    i._printf_pre_padding  mc_w.l(printf8.o)
    0x08002406   0x08002406   0x00000004   Code   RO         4266    i.abort             retarget_io.o
    0x0800240a   0x0800240a   0x0000002a   Code   RO         1893    i.adc_calibration_enable  gd32f30x_adc.o
    0x08002434   0x08002434   0x00000046   Code   RO         1894    i.adc_channel_length_config  gd32f30x_adc.o
    0x0800247a   0x0800247a   0x00000016   Code   RO         1895    i.adc_data_alignment_config  gd32f30x_adc.o
    0x08002490   0x08002490   0x00000012   Code   RO         1901    i.adc_enable        gd32f30x_adc.o
    0x080024a2   0x080024a2   0x0000003e   Code   RO         1902    i.adc_external_trigger_config  gd32f30x_adc.o
    0x080024e0   0x080024e0   0x00000030   Code   RO         1903    i.adc_external_trigger_source_config  gd32f30x_adc.o
    0x08002510   0x08002510   0x0000000e   Code   RO         1905    i.adc_flag_get      gd32f30x_adc.o
    0x0800251e   0x0800251e   0x00000002   PAD
    0x08002520   0x08002520   0x0000001c   Code   RO         1913    i.adc_mode_config   gd32f30x_adc.o
    0x0800253c   0x0800253c   0x0000003a   Code   RO         1914    i.adc_oversample_mode_config  gd32f30x_adc.o
    0x08002576   0x08002576   0x0000000e   Code   RO         1916    i.adc_oversample_mode_enable  gd32f30x_adc.o
    0x08002584   0x08002584   0x000000ac   Code   RO         1917    i.adc_regular_channel_config  gd32f30x_adc.o
    0x08002630   0x08002630   0x00000008   Code   RO         1918    i.adc_regular_data_read  gd32f30x_adc.o
    0x08002638   0x08002638   0x0000001e   Code   RO         1920    i.adc_software_trigger_enable  gd32f30x_adc.o
    0x08002656   0x08002656   0x0000005a   Code   RO         1921    i.adc_special_function_config  gd32f30x_adc.o
    0x080026b0   0x080026b0   0x0000000c   Code   RO         2192    i.bkp_deinit        gd32f30x_bkp.o
    0x080026bc   0x080026bc   0x00000038   Code   RO         2197    i.bkp_read_data     gd32f30x_bkp.o
    0x080026f4   0x080026f4   0x00000034   Code   RO         2211    i.bkp_write_data    gd32f30x_bkp.o
    0x08002728   0x08002728   0x000000e0   Code   RO          493    i.check_fs          ff.o
    0x08002808   0x08002808   0x00000036   Code   RO          494    i.clmt_clust        ff.o
    0x0800283e   0x0800283e   0x0000001a   Code   RO          495    i.clst2sect         ff.o
    0x08002858   0x08002858   0x00000098   Code   RO          496    i.cmp_lfn           ff.o
    0x080028f0   0x080028f0   0x00000120   Code   RO          497    i.create_chain      ff.o
    0x08002a10   0x08002a10   0x00000268   Code   RO          498    i.create_name       ff.o
    0x08002c78   0x08002c78   0x0000015a   Code   RO          499    i.create_partition  ff.o
    0x08002dd2   0x08002dd2   0x0000000c   Code   RO          500    i.dbc_1st           ff.o
    0x08002dde   0x08002dde   0x0000000c   Code   RO          501    i.dbc_2nd           ff.o
    0x08002dea   0x08002dea   0x00000060   Code   RO          502    i.dir_alloc         ff.o
    0x08002e4a   0x08002e4a   0x0000005e   Code   RO          503    i.dir_clear         ff.o
    0x08002ea8   0x08002ea8   0x000000fc   Code   RO          504    i.dir_find          ff.o
    0x08002fa4   0x08002fa4   0x000000da   Code   RO          505    i.dir_next          ff.o
    0x0800307e   0x0800307e   0x000000d2   Code   RO          506    i.dir_read          ff.o
    0x08003150   0x08003150   0x00000146   Code   RO          507    i.dir_register      ff.o
    0x08003296   0x08003296   0x00000060   Code   RO          508    i.dir_remove        ff.o
    0x080032f6   0x080032f6   0x000000a6   Code   RO          509    i.dir_sdi           ff.o
    0x0800339c   0x0800339c   0x00000038   Code   RO          442    i.disk_initialize   diskio.o
    0x080033d4   0x080033d4   0x00000028   Code   RO          443    i.disk_ioctl        diskio.o
    0x080033fc   0x080033fc   0x00000022   Code   RO          444    i.disk_read         diskio.o
    0x0800341e   0x0800341e   0x00000006   Code   RO          445    i.disk_status       diskio.o
    0x08003424   0x08003424   0x0000002a   Code   RO          446    i.disk_write        diskio.o
    0x0800344e   0x0800344e   0x00000002   PAD
    0x08003450   0x08003450   0x00000028   Code   RO          225    i.eMBEnable         mb.o
    0x08003478   0x08003478   0x00000086   Code   RO          368    i.eMBFuncReadHoldingRegister  mbfuncholding.o
    0x080034fe   0x080034fe   0x0000003e   Code   RO          369    i.eMBFuncWriteHoldingRegister  mbfuncholding.o
    0x0800353c   0x0800353c   0x0000006a   Code   RO          370    i.eMBFuncWriteMultipleHoldingRegister  mbfuncholding.o
    0x080035a6   0x080035a6   0x00000002   PAD
    0x080035a8   0x080035a8   0x000000e0   Code   RO          226    i.eMBInit           mb.o
    0x08003688   0x08003688   0x00000138   Code   RO          227    i.eMBPoll           mb.o
    0x080037c0   0x080037c0   0x00000050   Code   RO          303    i.eMBRTUInit        mbrtu.o
    0x08003810   0x08003810   0x0000009c   Code   RO          304    i.eMBRTUReceive     mbrtu.o
    0x080038ac   0x080038ac   0x000000a8   Code   RO          305    i.eMBRTUSend        mbrtu.o
    0x08003954   0x08003954   0x0000001c   Code   RO          306    i.eMBRTUStart       mbrtu.o
    0x08003970   0x08003970   0x00000010   Code   RO          307    i.eMBRTUStop        mbrtu.o
    0x08003980   0x08003980   0x0000003c   Code   RO          417    i.eMBRegHoldingCB   modbus_slave.o
    0x080039bc   0x080039bc   0x00000022   Code   RO          510    i.f_close           ff.o
    0x080039de   0x080039de   0x00000050   Code   RO          514    i.f_gets            ff.o
    0x08003a2e   0x08003a2e   0x00000002   PAD
    0x08003a30   0x08003a30   0x000006ec   Code   RO          517    i.f_mkfs            ff.o
    0x0800411c   0x0800411c   0x00000060   Code   RO          518    i.f_mount           ff.o
    0x0800417c   0x0800417c   0x00000204   Code   RO          519    i.f_open            ff.o
    0x08004380   0x08004380   0x000003c0   Code   RO          521    i.f_printf          ff.o
    0x08004740   0x08004740   0x000001de   Code   RO          524    i.f_read            ff.o
    0x0800491e   0x0800491e   0x000000a0   Code   RO          529    i.f_sync            ff.o
    0x080049be   0x080049be   0x000000aa   Code   RO          531    i.f_unlink          ff.o
    0x08004a68   0x08004a68   0x00000224   Code   RO          532    i.f_write           ff.o
    0x08004c8c   0x08004c8c   0x0000002c   Code   RO          892    i.ff_oem2uni        ffunicode.o
    0x08004cb8   0x08004cb8   0x00000040   Code   RO          893    i.ff_uni2oem        ffunicode.o
    0x08004cf8   0x08004cf8   0x000000b0   Code   RO          894    i.ff_wtoupper       ffunicode.o
    0x08004da8   0x08004da8   0x00000078   Code   RO          533    i.find_volume       ff.o
    0x08004e20   0x08004e20   0x000000a8   Code   RO          534    i.follow_path       ff.o
    0x08004ec8   0x08004ec8   0x00000028   Code   RO         1524    i.fputc             usb2com_drv.o
    0x08004ef0   0x08004ef0   0x00000018   Code   RO         4315    i.fputs             mc_w.l(fputs.o)
    0x08004f08   0x08004f08   0x0000028c   Code   RO          535    i.ftoa              ff.o
    0x08005194   0x08005194   0x000000d4   Code   RO          536    i.gen_numname       ff.o
    0x08005268   0x08005268   0x00000132   Code   RO          537    i.get_fat           ff.o
    0x0800539a   0x0800539a   0x0000003c   Code   RO          447    i.get_fattime       diskio.o
    0x080053d6   0x080053d6   0x0000004e   Code   RO          539    i.get_ldnumber      ff.o
    0x08005424   0x08005424   0x00000004   Code   RO         2517    i.gpio_bit_reset    gd32f30x_gpio.o
    0x08005428   0x08005428   0x00000004   Code   RO         2518    i.gpio_bit_set      gd32f30x_gpio.o
    0x0800542c   0x0800542c   0x0000000a   Code   RO         2519    i.gpio_bit_write    gd32f30x_gpio.o
    0x08005436   0x08005436   0x000000bc   Code   RO         2527    i.gpio_init         gd32f30x_gpio.o
    0x080054f2   0x080054f2   0x00000010   Code   RO         2528    i.gpio_input_bit_get  gd32f30x_gpio.o
    0x08005502   0x08005502   0x00000010   Code   RO         2530    i.gpio_output_bit_get  gd32f30x_gpio.o
    0x08005512   0x08005512   0x00000002   PAD
    0x08005514   0x08005514   0x000000ac   Code   RO          540    i.i10x              ff.o
    0x080055c0   0x080055c0   0x000000e0   Code   RO          541    i.ilog10            ff.o
    0x080056a0   0x080056a0   0x00000026   Code   RO          542    i.ld_clust          ff.o
    0x080056c6   0x080056c6   0x00000018   Code   RO          543    i.ld_dword          ff.o
    0x080056de   0x080056de   0x0000000c   Code   RO          544    i.ld_word           ff.o
    0x080056ea   0x080056ea   0x00000002   PAD
    0x080056ec   0x080056ec   0x00000024   Code   RO           41    i.main              main.o
    0x08005710   0x08005710   0x000002f8   Code   RO          545    i.mount_volume      ff.o
    0x08005a08   0x08005a08   0x00000034   Code   RO          546    i.move_window       ff.o
    0x08005a3c   0x08005a3c   0x000000c4   Code   RO         2648    i.nvic_irq_enable   gd32f30x_misc.o
    0x08005b00   0x08005b00   0x00000014   Code   RO         2649    i.nvic_priority_group_set  gd32f30x_misc.o
    0x08005b14   0x08005b14   0x0000008c   Code   RO          547    i.pick_lfn          ff.o
    0x08005ba0   0x08005ba0   0x00000014   Code   RO         2704    i.pmu_backup_write_enable  gd32f30x_pmu.o
    0x08005bb4   0x08005bb4   0x00000022   Code   RO          392    i.prveMBError2Exception  mbutils.o
    0x08005bd6   0x08005bd6   0x00000002   PAD
    0x08005bd8   0x08005bd8   0x00000010   Code   RO         1851    i.prvvTIMERExpiredISR  porttimer.o
    0x08005be8   0x08005be8   0x00000010   Code   RO         1773    i.prvvUARTRxISR     portserial.o
    0x08005bf8   0x08005bf8   0x00000010   Code   RO         1774    i.prvvUARTTxReadyISR  portserial.o
    0x08005c08   0x08005c08   0x00000190   Code   RO          548    i.put_fat           ff.o
    0x08005d98   0x08005d98   0x00000080   Code   RO          549    i.put_lfn           ff.o
    0x08005e18   0x08005e18   0x00000044   Code   RO          551    i.putc_bfd          ff.o
    0x08005e5c   0x08005e5c   0x0000002c   Code   RO          552    i.putc_flush        ff.o
    0x08005e88   0x08005e88   0x00000012   Code   RO          553    i.putc_init         ff.o
    0x08005e9a   0x08005e9a   0x00000002   PAD
    0x08005e9c   0x08005e9c   0x0000006c   Code   RO         2838    i.rcu_adc_clock_config  gd32f30x_rcu.o
    0x08005f08   0x08005f08   0x00000014   Code   RO         2843    i.rcu_bkp_reset_disable  gd32f30x_rcu.o
    0x08005f1c   0x08005f1c   0x00000014   Code   RO         2844    i.rcu_bkp_reset_enable  gd32f30x_rcu.o
    0x08005f30   0x08005f30   0x00000158   Code   RO         2847    i.rcu_clock_freq_get  gd32f30x_rcu.o
    0x08006088   0x08006088   0x00000024   Code   RO         2850    i.rcu_flag_get      gd32f30x_rcu.o
    0x080060ac   0x080060ac   0x00000020   Code   RO         2862    i.rcu_osci_on       gd32f30x_rcu.o
    0x080060cc   0x080060cc   0x00000110   Code   RO         2863    i.rcu_osci_stab_wait  gd32f30x_rcu.o
    0x080061dc   0x080061dc   0x00000020   Code   RO         2865    i.rcu_periph_clock_enable  gd32f30x_rcu.o
    0x080061fc   0x080061fc   0x00000020   Code   RO         2868    i.rcu_periph_reset_disable  gd32f30x_rcu.o
    0x0800621c   0x0800621c   0x00000020   Code   RO         2869    i.rcu_periph_reset_enable  gd32f30x_rcu.o
    0x0800623c   0x0800623c   0x00000018   Code   RO         2873    i.rcu_rtc_clock_config  gd32f30x_rcu.o
    0x08006254   0x08006254   0x0000009a   Code   RO          554    i.remove_chain      ff.o
    0x080062ee   0x080062ee   0x00000002   PAD
    0x080062f0   0x080062f0   0x00000014   Code   RO         3090    i.rtc_configuration_mode_enter  gd32f30x_rtc.o
    0x08006304   0x08006304   0x00000014   Code   RO         3091    i.rtc_configuration_mode_exit  gd32f30x_rtc.o
    0x08006318   0x08006318   0x00000014   Code   RO         3092    i.rtc_counter_get   gd32f30x_rtc.o
    0x0800632c   0x0800632c   0x00000020   Code   RO         3093    i.rtc_counter_set   gd32f30x_rtc.o
    0x0800634c   0x0800634c   0x00000014   Code   RO         3099    i.rtc_lwoff_wait    gd32f30x_rtc.o
    0x08006360   0x08006360   0x00000020   Code   RO         3100    i.rtc_prescaler_set  gd32f30x_rtc.o
    0x08006380   0x08006380   0x00000020   Code   RO         3101    i.rtc_register_sync_wait  gd32f30x_rtc.o
    0x080063a0   0x080063a0   0x0000000a   Code   RO         3956    i.spi_enable        gd32f30x_spi.o
    0x080063aa   0x080063aa   0x00000008   Code   RO         3958    i.spi_i2s_data_receive  gd32f30x_spi.o
    0x080063b2   0x080063b2   0x00000004   Code   RO         3959    i.spi_i2s_data_transmit  gd32f30x_spi.o
    0x080063b6   0x080063b6   0x00000010   Code   RO         3961    i.spi_i2s_flag_get  gd32f30x_spi.o
    0x080063c6   0x080063c6   0x00000032   Code   RO         3966    i.spi_init          gd32f30x_spi.o
    0x080063f8   0x080063f8   0x00000012   Code   RO         3979    i.spi_struct_para_init  gd32f30x_spi.o
    0x0800640a   0x0800640a   0x00000024   Code   RO          555    i.st_clust          ff.o
    0x0800642e   0x0800642e   0x00000018   Code   RO          556    i.st_dword          ff.o
    0x08006446   0x08006446   0x0000000c   Code   RO          557    i.st_word           ff.o
    0x08006452   0x08006452   0x00000020   Code   RO          558    i.sum_sfn           ff.o
    0x08006472   0x08006472   0x00000002   PAD
    0x08006474   0x08006474   0x0000008c   Code   RO          559    i.sync_fs           ff.o
    0x08006500   0x08006500   0x0000004a   Code   RO          560    i.sync_window       ff.o
    0x0800654a   0x0800654a   0x00000002   PAD
    0x0800654c   0x0800654c   0x00000114   Code   RO         4206    i.system_clock_120m_hxtal  system_gd32f30x.o
    0x08006660   0x08006660   0x00000008   Code   RO         4207    i.system_clock_config  system_gd32f30x.o
    0x08006668   0x08006668   0x0000004c   Code   RO          561    i.tchar2uni         ff.o
    0x080066b4   0x080066b4   0x00000004   Code   RO         3211    i.timer_counter_value_config  gd32f30x_timer.o
    0x080066b8   0x080066b8   0x000000dc   Code   RO         3212    i.timer_deinit      gd32f30x_timer.o
    0x08006794   0x08006794   0x0000000a   Code   RO         3213    i.timer_disable     gd32f30x_timer.o
    0x0800679e   0x0800679e   0x0000000a   Code   RO         3217    i.timer_enable      gd32f30x_timer.o
    0x080067a8   0x080067a8   0x00000098   Code   RO         3227    i.timer_init        gd32f30x_timer.o
    0x08006840   0x08006840   0x00000008   Code   RO         3233    i.timer_interrupt_disable  gd32f30x_timer.o
    0x08006848   0x08006848   0x00000008   Code   RO         3234    i.timer_interrupt_enable  gd32f30x_timer.o
    0x08006850   0x08006850   0x00000006   Code   RO         3235    i.timer_interrupt_flag_clear  gd32f30x_timer.o
    0x08006856   0x08006856   0x00000018   Code   RO         3236    i.timer_interrupt_flag_get  gd32f30x_timer.o
    0x0800686e   0x0800686e   0x00000016   Code   RO         3247    i.timer_struct_para_init  gd32f30x_timer.o
    0x08006884   0x08006884   0x00000038   Code   RO          286    i.usMBCRC16         mbcrc.o
    0x080068bc   0x080068bc   0x00000090   Code   RO         3625    i.usart_baudrate_set  gd32f30x_usart.o
    0x0800694c   0x0800694c   0x0000000a   Code   RO         3628    i.usart_data_receive  gd32f30x_usart.o
    0x08006956   0x08006956   0x00000008   Code   RO         3629    i.usart_data_transmit  gd32f30x_usart.o
    0x0800695e   0x0800695e   0x00000002   PAD
    0x08006960   0x08006960   0x00000090   Code   RO         3630    i.usart_deinit      gd32f30x_usart.o
    0x080069f0   0x080069f0   0x0000000a   Code   RO         3634    i.usart_enable      gd32f30x_usart.o
    0x080069fa   0x080069fa   0x0000001e   Code   RO         3636    i.usart_flag_get    gd32f30x_usart.o
    0x08006a18   0x08006a18   0x0000001a   Code   RO         3642    i.usart_interrupt_disable  gd32f30x_usart.o
    0x08006a32   0x08006a32   0x0000001a   Code   RO         3643    i.usart_interrupt_enable  gd32f30x_usart.o
    0x08006a4c   0x08006a4c   0x00000012   Code   RO         3644    i.usart_interrupt_flag_clear  gd32f30x_usart.o
    0x08006a5e   0x08006a5e   0x00000038   Code   RO         3645    i.usart_interrupt_flag_get  gd32f30x_usart.o
    0x08006a96   0x08006a96   0x00000014   Code   RO         3658    i.usart_receive_config  gd32f30x_usart.o
    0x08006aaa   0x08006aaa   0x00000014   Code   RO         3672    i.usart_transmit_config  gd32f30x_usart.o
    0x08006abe   0x08006abe   0x00000002   PAD
    0x08006ac0   0x08006ac0   0x0000006c   Code   RO         1775    i.vMBPortSerialEnable  portserial.o
    0x08006b2c   0x08006b2c   0x00000028   Code   RO         1882    i.vMBPortTimersDisable  porttimer.o
    0x08006b54   0x08006b54   0x00000028   Code   RO         1876    i.vMBPortTimersEnable  porttimer.o
    0x08006b7c   0x08006b7c   0x0000003c   Code   RO          562    i.validate          ff.o
    0x08006bb8   0x08006bb8   0x00000024   Code   RO         1741    i.xMBPortEventGet   portevent.o
    0x08006bdc   0x08006bdc   0x00000010   Code   RO         1742    i.xMBPortEventInit  portevent.o
    0x08006bec   0x08006bec   0x00000018   Code   RO         1743    i.xMBPortEventPost  portevent.o
    0x08006c04   0x08006c04   0x00000018   Code   RO         1776    i.xMBPortSerialGetByte  portserial.o
    0x08006c1c   0x08006c1c   0x00000020   Code   RO         1777    i.xMBPortSerialInit  portserial.o
    0x08006c3c   0x08006c3c   0x00000018   Code   RO         1778    i.xMBPortSerialPutByte  portserial.o
    0x08006c54   0x08006c54   0x00000048   Code   RO         1852    i.xMBPortTimersInit  porttimer.o
    0x08006c9c   0x08006c9c   0x000000d0   Code   RO          308    i.xMBRTUReceiveFSM  mbrtu.o
    0x08006d6c   0x08006d6c   0x00000080   Code   RO          309    i.xMBRTUTimerT35Expired  mbrtu.o
    0x08006dec   0x08006dec   0x000000b8   Code   RO          310    i.xMBRTUTransmitFSM  mbrtu.o
    0x08006ea4   0x08006ea4   0x00000008   Data   RO           42    .constdata          main.o
    0x08006eac   0x08006eac   0x00000010   Data   RO          155    .constdata          modbus_app.o
    0x08006ebc   0x08006ebc   0x00000200   Data   RO          287    .constdata          mbcrc.o
    0x080070bc   0x080070bc   0x000000cc   Data   RO          564    .constdata          ff.o
    0x08007188   0x08007188   0x000003ae   Data   RO          895    .constdata          ffunicode.o
    0x08007536   0x08007536   0x000000c8   Data   RO         1189    .constdata          ntc_drv.o
    0x080075fe   0x080075fe   0x000001d4   Data   RO         1325    .constdata          rh_drv.o
    0x080077d2   0x080077d2   0x0000000c   Data   RO         4329    .constdata          mc_w.l(mktime.o)
    0x080077de   0x080077de   0x0000000c   Data   RO         4649    .constdata          mc_w.l(localtime_i.o)
    0x080077ea   0x080077ea   0x00000002   PAD
    0x080077ec   0x080077ec   0x00000063   Data   RO          312    .conststring        mbrtu.o
    0x0800784f   0x0800784f   0x00000001   PAD
    0x08007850   0x08007850   0x00000020   Data   RO         4658    Region$$Table       anon$$obj.o


    Execution Region RW_IRAM1 (Exec base: 0x20000000, Load base: 0x08007870, Size: 0x000039d0, Max: 0x00010000, ABSOLUTE, COMPRESSED[0x0000009c])

    Exec Addr    Load Addr    Size         Type   Attr      Idx    E Section Name        Object

    0x20000000   COMPRESSED   0x00000030   Data   RW           43    .data               main.o
    0x20000030   COMPRESSED   0x00000001   Data   RW          112    .data               fatfs_app.o
    0x20000031   COMPRESSED   0x00000003   PAD
    0x20000034   COMPRESSED   0x00000040   Data   RW          156    .data               modbus_app.o
    0x20000074   COMPRESSED   0x000000b5   Data   RW          229    .data               mb.o
    0x20000129   COMPRESSED   0x00000003   PAD
    0x2000012c   COMPRESSED   0x0000000c   Data   RW          313    .data               mbrtu.o
    0x20000138   COMPRESSED   0x00000008   Data   RW          418    .data               modbus_slave.o
    0x20000140   COMPRESSED   0x00000002   Data   RW          565    .data               ff.o
    0x20000142   COMPRESSED   0x00000002   PAD
    0x20000144   COMPRESSED   0x00000024   Data   RW         1103    .data               key_drv.o
    0x20000168   COMPRESSED   0x00000024   Data   RW         1140    .data               led_drv.o
    0x2000018c   COMPRESSED   0x00000008   Data   RW         1190    .data               ntc_drv.o
    0x20000194   COMPRESSED   0x00000006   Data   RW         1326    .data               rh_drv.o
    0x2000019a   COMPRESSED   0x00000006   PAD
    0x200001a0   COMPRESSED   0x0000000c   Data   RW         1480    .data               systick.o
    0x200001ac   COMPRESSED   0x0000001c   Data   RW         1526    .data               usb2com_drv.o
    0x200001c8   COMPRESSED   0x00000002   Data   RW         1744    .data               portevent.o
    0x200001ca   COMPRESSED   0x00000002   PAD
    0x200001cc   COMPRESSED   0x00000018   Data   RW         1779    .data               portserial.o
    0x200001e4   COMPRESSED   0x00000004   Data   RW         4319    .data               mc_w.l(stderr.o)
    0x200001e8   COMPRESSED   0x00000004   Data   RW         4636    .data               mc_w.l(stdout.o)
    0x200001ec        -       0x00002064   Zero   RW          111    .bss                fatfs_app.o
    0x20002250        -       0x00000100   Zero   RW          311    .bss                mbrtu.o
    0x20002350        -       0x0000020c   Zero   RW          563    .bss                ff.o
    0x2000255c   COMPRESSED   0x00000004   PAD
    0x20002560        -       0x00000030   Zero   RW         1102    .bss                key_drv.o
    0x20002590        -       0x00000014   Zero   RW         1188    .bss                ntc_drv.o
    0x200025a4        -       0x0000002c   Zero   RW         4646    .bss                mc_w.l(localtime_w.o)
    0x200025d0        -       0x00001400   Zero   RW         4257    STACK               startup_gd32f30x_hd.o


==============================================================================

Image component sizes


      Code (inc. data)   RO Data    RW Data    ZI Data      Debug   Object Name

       104         18          0          0          0      43159   delay.o
       238          6          0          0          0       7628   diskio.o
        36          4          0          0          0       1000   eeprom_drv.o
       580        248          0          1       8292       4854   fatfs_app.o
     12226        272        204          2        524      70469   ff.o
       284         32        942          0          0       2796   ffunicode.o
       676          6          0          0          0       9293   gd32f30x_adc.o
       120         12          0          0          0       5350   gd32f30x_bkp.o
       238          0          0          0          0      16100   gd32f30x_gpio.o
        24          0          0          0          0       3964   gd32f30x_it.o
       216         20          0          0          0       1448   gd32f30x_misc.o
        20          6          0          0          0        530   gd32f30x_pmu.o
       952        100          0          0          0      24363   gd32f30x_rcu.o
       176         34          0          0          0       3879   gd32f30x_rtc.o
       106          0          0          0          0       9941   gd32f30x_spi.o
       464         40          0          0          0      21852   gd32f30x_timer.o
       512         16          0          0          0      14425   gd32f30x_usart.o
        96          0          0          0          0       7190   hmi_app.o
       362         14          0         36         48       2937   key_drv.o
       180         14          0         36          0       2414   led_drv.o
       260         20          8         48          0       3615   main.o
       576        126          0        181          0       4884   mb.o
        56          8        512          0          0       1292   mbcrc.o
       302          0          0          0          0       4145   mbfuncholding.o
       968        274         99         12        256       6615   mbrtu.o
        34          0          0          0          0        636   mbutils.o
       406         16         16         64          0       9958   modbus_app.o
        96         10          0          8          0       2628   modbus_slave.o
       788         36          0          0          0      10194   norflash_drv.o
       620         48        200          8         20       8001   ntc_drv.o
        76         24          0          2          0       2280   portevent.o
       440         60          0         24          0       7797   portserial.o
       208         26          0          0          0       2793   porttimer.o
       160         46          0          0          0       1229   retarget_io.o
       784         56        468          6          0       7853   rh_drv.o
       262          6          0          0          0       3687   rtc_drv.o
         8          0          0          0          0        509   sensor_app.o
        68          0          0          0          0       2456   sensor_drv.o
        36          8        304          0       5120        848   startup_gd32f30x_hd.o
       452         30          0          0          0       2461   system_gd32f30x.o
       172         28          0         12          0      29407   systick.o
       248         26          0         28          0       3617   usb2com_drv.o

    ----------------------------------------------------------------------
     24662       1690       2786        484      14264     370497   Object Totals
         0          0         32          0          0          0   (incl. Generated)
        32          0          1         16          4          0   (incl. Padding)

    ----------------------------------------------------------------------

      Code (inc. data)   RO Data    RW Data    ZI Data      Debug   Library Member Name

        86          0          0          0          0          0   __dczerorl2.o
         0          0          0          0          0          0   entry.o
         0          0          0          0          0          0   entry10a.o
         0          0          0          0          0          0   entry11a.o
         4          0          0          0          0          0   entry12b.o
         8          4          0          0          0          0   entry2.o
         4          0          0          0          0          0   entry5.o
         0          0          0          0          0          0   entry7b.o
         0          0          0          0          0          0   entry8b.o
         8          4          0          0          0          0   entry9a.o
        24          0          0          0          0         80   fputs.o
        30          0          0          0          0          0   handlers.o
        36          8          0          0          0         68   init.o
         0          0          0          0          0          0   iusefp.o
        30          0          0          0          0         68   llshl.o
        36          0          0          0          0         68   llsshr.o
        32          0          0          0          0         68   llushr.o
       140          6         12          0          0         76   localtime_i.o
        12          6          0          0         44         68   localtime_w.o
        26          0          0          0          0         80   memcmp.o
        36          0          0          0          0         68   memcpya.o
        36          0          0          0          0        108   memseta.o
       168         18         12          0          0         80   mktime.o
      1142         54          0          0          0        352   printf8.o
       156          0          0          0          0         88   qsort.o
         0          0          0          4          0          0   stderr.o
         0          0          0          4          0          0   stdout.o
        20          0          0          0          0         68   strchr.o
        14          0          0          0          0         68   strlen.o
        98          0          0          0          0         92   uldiv.o
        48          0          0          0          0         68   cdcmple.o
        48          0          0          0          0         68   cdrcmple.o
       334          0          0          0          0        148   dadd.o
       222          0          0          0          0        100   ddiv.o
       186          0          0          0          0        176   depilogue.o
        62          0          0          0          0         80   dfixi.o
        34          0          0          0          0         76   dflti.o
       228          0          0          0          0         96   dmul.o
        38          0          0          0          0         68   f2d.o

    ----------------------------------------------------------------------
      3358        100         26          8         44       2380   Library Totals
        12          0          2          0          0          0   (incl. Padding)

    ----------------------------------------------------------------------

      Code (inc. data)   RO Data    RW Data    ZI Data      Debug   Library Name

      2146        100         24          8         44       1500   mc_w.l
      1200          0          0          0          0        880   mf_w.l

    ----------------------------------------------------------------------
      3358        100         26          8         44       2380   Library Totals

    ----------------------------------------------------------------------

==============================================================================


      Code (inc. data)   RO Data    RW Data    ZI Data      Debug   

     28020       1790       2812        492      14308     345961   Grand Totals
     28020       1790       2812        156      14308     345961   ELF Image Totals (compressed)
     28020       1790       2812        156          0          0   ROM Totals

==============================================================================

    Total RO  Size (Code + RO Data)                30832 (  30.11kB)
    Total RW  Size (RW Data + ZI Data)             14800 (  14.45kB)
    Total ROM Size (Code + RO Data + RW Data)      30988 (  30.26kB)

==============================================================================

