<html>
<body>
<pre>
<h1>礦ision Build Log</h1>
<h2>Tool Versions:</h2>
IDE-Version: μVision V5.31.0.0
Copyright (C) 2020 ARM Ltd and ARM Germany GmbH. All rights reserved.
License Information: 1 zdh, 1, LIC=65ISZ-JHH2E-633MB-2AGVB-6WJZ0-2F2NT
 
Tool Versions:
Toolchain:       MDK-ARM Plus  Version: 5.31.0.0
Toolchain Path:  D:\Study\keil\UV4\ARM\ARMCC\Bin
C Compiler:      Armcc.exe V5.06 update 6 (build 750)
Assembler:       Armasm.exe V5.06 update 6 (build 750)
Linker/Locator:  ArmLink.exe V5.06 update 6 (build 750)
Library Manager: ArmAr.exe V5.06 update 6 (build 750)
Hex Converter:   FromElf.exe V5.06 update 6 (build 750)
CPU DLL:         SARMCM3.DLL V5.31.0.0
Dialog DLL:      DCM.DLL V1.17.3.0
Target DLL:      Segger\JL2CM3.dll V2.99.38.0
Dialog DLL:      TCM.DLL V1.46.0.0
 
<h2>Project:</h2>
D:\Study\ARM32单片机实战课程\06自己动手\7.2 基于PWM实现呼吸灯\ARM32.uvprojx
Project File Date:  01/14/2024

<h2>Output:</h2>
*** Using Compiler 'V5.06 update 6 (build 750)', folder: 'D:\Study\keil\UV4\ARM\ARMCC\Bin'
Build target 'ARM32'
compiling main.c...
App\main.c(38): warning:  #177-D: function "TaskHandler"  was declared but never referenced
  static void TaskHandler(void)
App\main.c(84): warning:  #177-D: function "AppInit"  was declared but never referenced
  static void AppInit(void)
App\main.c: 2 warnings, 0 errors
linking...
Program Size: Code=3856 RO-data=336 RW-data=80 ZI-data=1024  
FromELF: creating hex file...
".\Objects\ARM32.axf" - 0 Error(s), 2 Warning(s).

<h2>Software Packages used:</h2>

Package Vendor: GigaDevice
                https://gd32mcu.com/data/documents/pack/GigaDevice.GD32F30x_DFP.2.2.3.pack
                GigaDevice.GD32F30x_DFP.2.2.3
                GigaDevice GD32F30x Series Device Support and Examples

<h2>Collection of Component include folders:</h2>
  D:\Study\keil\UV4\GigaDevice\GD32F30x_DFP\2.2.3\Device\Include

<h2>Collection of Component Files used:</h2>
Build Time Elapsed:  00:00:01
</pre>
</body>
</html>
